
> tiender@0.0.0 test
> vitest --run


[1m[46m RUN [49m[22m [36mv4.0.16 [39m[90mC:/Users/sleyt/.gemini/antigravity/playground/neon-andromeda[39m

node.exe : [90mstderr[2m | src/pages/DashboardPage.test.tsx[2m > [22m[2mDashboardPage - Product CRUD[2m > [22m[2mshould display existing products and allow opening the add 
form
En línea: 1 Carácter: 1
+ & "C:\Program Files\nodejs/node.exe" "C:\Program Files\nodejs/node_mo ...
+ ~~~~~~~~~~~~~~~~~~~~~~~~~~~~~~~~~~~~~~~~~~~~~~~~~~~~~~~~~~~~~~~~~~~~~
    + CategoryInfo          : NotSpecified: ([90mstderr[2m...ng the add form:String) [], RemoteException
    + FullyQualifiedErrorId : NativeCommandError
 
[22m[39mAn error occurred in the <DashboardPage> component.

Consider adding an error boundary to your tree to customize error handling behavior.
Visit https://react.dev/link/error-boundaries to learn more about error boundaries.


 [31mÔØ»[39m src/features/auth/components/SignUpForm.test.tsx [2m([22m[2m2 tests[22m[2m | [22m[31m2 failed[39m[2m)[22m[33m 375[2mms[22m[39m
[31m     [31m├ù[31m deber├¡a renderizar los campos y el bot├│n[39m[32m 261[2mms[22m[39m
[31m     [31m├ù[31m deber├¡a mostrar un error si el registro falla[39m[32m 109[2mms[22m[39m
[90mstderr[2m | src/pages/DashboardPage.test.tsx[2m > [22m[2mDashboardPage - Product CRUD[2m > [22m[2mshould allow deleting a product
[22m[39mAn error occurred in the <DashboardPage> component.

Consider adding an error boundary to your tree to customize error handling behavior.
Visit https://react.dev/link/error-boundaries to learn more about error boundaries.


 [31mÔØ»[39m src/pages/AuthPage.test.tsx [2m([22m[2m2 tests[22m[2m | [22m[31m1 failed[39m[2m)[22m[33m 2329[2mms[22m[39m
     [33m[2mÔ£ô[22m[39m should render SignUpForm by default [33m 1642[2mms[22m[39m
[31m     [31m├ù[31m should toggle to SignInForm when the switch link is clicked[39m[33m 683[2mms[22m[39m
[90mstderr[2m | src/pages/DashboardPage.test.tsx[2m > [22m[2mDashboardPage - Product CRUD[2m > [22m[2mshould allow opening the edit product form
[22m[39mAn error occurred in the <DashboardPage> component.

Consider adding an error boundary to your tree to customize error handling behavior.
Visit https://react.dev/link/error-boundaries to learn more about error boundaries.


 [31mÔØ»[39m src/e2e/product-links.test.tsx [2m([22m[2m1 test[22m[2m | [22m[31m1 failed[39m[2m)[22m[33m 2164[2mms[22m[39m
[31m     [31m├ù[31m allows user to add links to a product via the edit form[39m[33m 2160[2mms[22m[39m
 [31mÔØ»[39m src/e2e/suscripcion-flow.test.tsx [2m([22m[2m2 tests[22m[2m | [22m[31m2 failed[39m[2m)[22m[33m 3883[2mms[22m[39m
[31m     [31m├ù[31m deber├¡a mejorar el plan y reflejar el cambio en la UI[39m[33m 2243[2mms[22m[39m
[31m     [31m├ù[31m deber├¡a manejar error en create-paypal-subscription y mostrar alerta[39m[33m 1635[2mms[22m[39m
 [31mÔØ»[39m src/e2e/full-flow.test.tsx [2m([22m[2m2 tests[22m[2m | [22m[31m2 failed[39m[2m)[22m[33m 3250[2mms[22m[39m
[31m     [31m├ù[31m should render the auth page and allow navigating to sign-up[39m[33m 1406[2mms[22m[39m
[31m     [31m├ù[31m should render dashboard when authenticated with active subscription[39m[33m 1836[2mms[22m[39m
[90mstderr[2m | src/App.test.tsx[2m > [22m[2mApp Routing[2m > [22m[2mshould render HomePage for the / route
[22m[39mAn update to AuthProvider inside a test was not wrapped in act(...).

When testing, code that causes React state updates should be wrapped into act(...):

act(() => {
  /* fire events that update state */
});
/* assert on the output */

This ensures that you're testing the behavior the user would see in the browser. Learn more at https://react.dev/link/wrap-tests-with-act
An update to AuthProvider inside a test was not wrapped in act(...).

When testing, code that causes React state updates should be wrapped into act(...):

act(() => {
  /* fire events that update state */
});
/* assert on the output */

This ensures that you're testing the behavior the user would see in the browser. Learn more at https://react.dev/link/wrap-tests-with-act
An update to AuthProvider inside a test was not wrapped in act(...).

When testing, code that causes React state updates should be wrapped into act(...):

act(() => {
  /* fire events that update state */
});
/* assert on the output */

This ensures that you're testing the behavior the user would see in the browser. Learn more at https://react.dev/link/wrap-tests-with-act
An update to AuthProvider inside a test was not wrapped in act(...).

When testing, code that causes React state updates should be wrapped into act(...):

act(() => {
  /* fire events that update state */
});
/* assert on the output */

This ensures that you're testing the behavior the user would see in the browser. Learn more at https://react.dev/link/wrap-tests-with-act
An update to AuthProvider inside a test was not wrapped in act(...).

When testing, code that causes React state updates should be wrapped into act(...):

act(() => {
  /* fire events that update state */
});
/* assert on the output */

This ensures that you're testing the behavior the user would see in the browser. Learn more at https://react.dev/link/wrap-tests-with-act
An update to AuthProvider inside a test was not wrapped in act(...).

When testing, code that causes React state updates should be wrapped into act(...):

act(() => {
  /* fire events that update state */
});
/* assert on the output */

This ensures that you're testing the behavior the user would see in the browser. Learn more at https://react.dev/link/wrap-tests-with-act

[90mstdout[2m | src/App.test.tsx[2m > [22m[2mApp Routing[2m > [22m[2mshould render HomePage for the / route
[22m[39mIniciando sincronizaci├│n de suscripci├│n en segundo plano...
Iniciando sincronizaci├│n de suscripci├│n en segundo plano...

 [31mÔØ»[39m src/pages/DashboardPage.test.tsx [2m([22m[2m4 tests[22m[2m | [22m[31m4 failed[39m[2m)[22m[33m 4643[2mms[22m[39m
[31m     [31m├ù[31m should display existing products and allow opening the add form[39m[33m 1247[2mms[22m[39m
[31m     [31m├ù[31m should allow deleting a product[39m[33m 1105[2mms[22m[39m
[31m     [31m├ù[31m should allow opening the edit product form[39m[33m 1202[2mms[22m[39m
[31m     [31m├ù[31m should allow creating a store if one does not exist[39m[33m 1086[2mms[22m[39m
[90mstderr[2m | src/App.test.tsx[2m > [22m[2mApp Routing[2m > [22m[2mshould render HomePage for the / route
[22m[39mError durante la sincronizaci├│n de la suscripci├│n en segundo plano: TypeError: Cannot destructure property 'body' of 'undefined' as it is undefined.
    at Object.functionsImplementation (C:/Users/sleyt/.gemini/antigravity/playground/neon-andromeda/src/setupTests.ts:118:54)
    at Object.Mock [as invoke] [90m(file:///C:/Users/sleyt/.gemini/antigravity/playground/neon-andromeda/[39mnode_modules/[4m@vitest/spy[24m/dist/index.js:285:34[90m)[39m
    at C:/Users/sleyt/.gemini/antigravity/playground/neon-andromeda/src/context/AuthContext.tsx:54:61
    at C:/Users/sleyt/.gemini/antigravity/playground/neon-andromeda/src/context/AuthContext.tsx:95:11
[90m    at processTicksAndRejections (node:internal/process/task_queues:103:5)[39m
Error durante la sincronizaci├│n de la suscripci├│n en segundo plano: TypeError: Cannot destructure property 'body' of 'undefined' as it is undefined.
    at Object.functionsImplementation (C:/Users/sleyt/.gemini/antigravity/playground/neon-andromeda/src/setupTests.ts:118:54)
    at Object.Mock [as invoke] [90m(file:///C:/Users/sleyt/.gemini/antigravity/playground/neon-andromeda/[39mnode_modules/[4m@vitest/spy[24m/dist/index.js:285:34[90m)[39m
    at C:/Users/sleyt/.gemini/antigravity/playground/neon-andromeda/src/context/AuthContext.tsx:54:61
    at getInitialSession (C:/Users/sleyt/.gemini/antigravity/playground/neon-andromeda/src/context/AuthContext.tsx:80:9)
[90m    at processTicksAndRejections (node:internal/process/task_queues:103:5)[39m

[90mstderr[2m | src/App.test.tsx[2m > [22m[2mApp Routing[2m > [22m[2mshould render AuthPage for the /auth route
[22m[39mAn update to AuthProvider inside a test was not wrapped in act(...).

When testing, code that causes React state updates should be wrapped into act(...):

act(() => {
  /* fire events that update state */
});
/* assert on the output */

This ensures that you're testing the behavior the user would see in the browser. Learn more at https://react.dev/link/wrap-tests-with-act
An update to AuthProvider inside a test was not wrapped in act(...).

When testing, code that causes React state updates should be wrapped into act(...):

act(() => {
  /* fire events that update state */
});
/* assert on the output */

This ensures that you're testing the behavior the user would see in the browser. Learn more at https://react.dev/link/wrap-tests-with-act
An update to AuthProvider inside a test was not wrapped in act(...).

When testing, code that causes React state updates should be wrapped into act(...):

act(() => {
  /* fire events that update state */
});
/* assert on the output */

This ensures that you're testing the behavior the user would see in the browser. Learn more at https://react.dev/link/wrap-tests-with-act
An update to AuthProvider inside a test was not wrapped in act(...).

When testing, code that causes React state updates should be wrapped into act(...):

act(() => {
  /* fire events that update state */
});
/* assert on the output */

This ensures that you're testing the behavior the user would see in the browser. Learn more at https://react.dev/link/wrap-tests-with-act
An update to AuthProvider inside a test was not wrapped in act(...).

When testing, code that causes React state updates should be wrapped into act(...):

act(() => {
  /* fire events that update state */
});
/* assert on the output */

This ensures that you're testing the behavior the user would see in the browser. Learn more at https://react.dev/link/wrap-tests-with-act
An update to AuthProvider inside a test was not wrapped in act(...).

When testing, code that causes React state updates should be wrapped into act(...):

act(() => {
  /* fire events that update state */
});
/* assert on the output */

This ensures that you're testing the behavior the user would see in the browser. Learn more at https://react.dev/link/wrap-tests-with-act

[90mstdout[2m | src/App.test.tsx[2m > [22m[2mApp Routing[2m > [22m[2mshould render AuthPage for the /auth route
[22m[39mIniciando sincronizaci├│n de suscripci├│n en segundo plano...
Iniciando sincronizaci├│n de suscripci├│n en segundo plano...

[90mstderr[2m | src/App.test.tsx[2m > [22m[2mApp Routing[2m > [22m[2mshould render AuthPage for the /auth route
[22m[39mError durante la sincronizaci├│n de la suscripci├│n en segundo plano: TypeError: Cannot destructure property 'body' of 'undefined' as it is undefined.
    at Object.functionsImplementation (C:/Users/sleyt/.gemini/antigravity/playground/neon-andromeda/src/setupTests.ts:118:54)
    at Object.Mock [as invoke] [90m(file:///C:/Users/sleyt/.gemini/antigravity/playground/neon-andromeda/[39mnode_modules/[4m@vitest/spy[24m/dist/index.js:285:34[90m)[39m
    at C:/Users/sleyt/.gemini/antigravity/playground/neon-andromeda/src/context/AuthContext.tsx:54:61
    at C:/Users/sleyt/.gemini/antigravity/playground/neon-andromeda/src/context/AuthContext.tsx:95:11
[90m    at processTicksAndRejections (node:internal/process/task_queues:103:5)[39m
Error durante la sincronizaci├│n de la suscripci├│n en segundo plano: TypeError: Cannot destructure property 'body' of 'undefined' as it is undefined.
    at Object.functionsImplementation (C:/Users/sleyt/.gemini/antigravity/playground/neon-andromeda/src/setupTests.ts:118:54)
    at Object.Mock [as invoke] [90m(file:///C:/Users/sleyt/.gemini/antigravity/playground/neon-andromeda/[39mnode_modules/[4m@vitest/spy[24m/dist/index.js:285:34[90m)[39m
    at C:/Users/sleyt/.gemini/antigravity/playground/neon-andromeda/src/context/AuthContext.tsx:54:61
    at getInitialSession (C:/Users/sleyt/.gemini/antigravity/playground/neon-andromeda/src/context/AuthContext.tsx:80:9)
[90m    at processTicksAndRejections (node:internal/process/task_queues:103:5)[39m

[90mstderr[2m | src/App.test.tsx[2m > [22m[2mApp Routing[2m > [22m[2mshould render DashboardPage with store details for the /dashboard route
[22m[39mError durante la sincronizaci├│n de la suscripci├│n en segundo plano: TypeError: Cannot destructure property 'body' of 'undefined' as it is undefined.
    at Object.functionsImplementation (C:/Users/sleyt/.gemini/antigravity/playground/neon-andromeda/src/setupTests.ts:118:54)
    at Object.Mock [as invoke] [90m(file:///C:/Users/sleyt/.gemini/antigravity/playground/neon-andromeda/[39mnode_modules/[4m@vitest/spy[24m/dist/index.js:285:34[90m)[39m
    at C:/Users/sleyt/.gemini/antigravity/playground/neon-andromeda/src/context/AuthContext.tsx:54:61
    at C:/Users/sleyt/.gemini/antigravity/playground/neon-andromeda/src/context/AuthContext.tsx:95:11
[90m    at processTicksAndRejections (node:internal/process/task_queues:103:5)[39m
Error durante la sincronizaci├│n de la suscripci├│n en segundo plano: TypeError: Cannot destructure property 'body' of 'undefined' as it is undefined.
    at Object.functionsImplementation (C:/Users/sleyt/.gemini/antigravity/playground/neon-andromeda/src/setupTests.ts:118:54)
    at Object.Mock [as invoke] [90m(file:///C:/Users/sleyt/.gemini/antigravity/playground/neon-andromeda/[39mnode_modules/[4m@vitest/spy[24m/dist/index.js:285:34[90m)[39m
    at C:/Users/sleyt/.gemini/antigravity/playground/neon-andromeda/src/context/AuthContext.tsx:54:61
    at getInitialSession (C:/Users/sleyt/.gemini/antigravity/playground/neon-andromeda/src/context/AuthContext.tsx:80:9)
[90m    at processTicksAndRejections (node:internal/process/task_queues:103:5)[39m

[90mstdout[2m | src/App.test.tsx[2m > [22m[2mApp Routing[2m > [22m[2mshould render DashboardPage with store details for the /dashboard route
[22m[39mIniciando sincronizaci├│n de suscripci├│n en segundo plano...
Iniciando sincronizaci├│n de suscripci├│n en segundo plano...

[90mstdout[2m | src/context/AuthContext.test.tsx[2m > [22m[2mAuthContext[2m > [22m[2mshould provide user, session, and store when authenticated
[22m[39mIniciando sincronizaci├│n de suscripci├│n en segundo plano...

[90mstdout[2m | src/context/AuthContext.test.tsx[2m > [22m[2mAuthContext[2m > [22m[2mshould provide user, session, and store when authenticated
[22m[39mSuscripci├│n ya estaba sincronizada con PayPal (in_sync).

 [31mÔØ»[39m src/App.test.tsx [2m([22m[2m3 tests[22m[2m | [22m[31m3 failed[39m[2m)[22m[33m 6237[2mms[22m[39m
[31m     [31m├ù[31m should render HomePage for the / route[39m[33m 2345[2mms[22m[39m
[31m     [31m├ù[31m should render AuthPage for the /auth route[39m[33m 1049[2mms[22m[39m
[31m     [31m├ù[31m should render DashboardPage with store details for the /dashboard route[39m[33m 2839[2mms[22m[39m
[90mstderr[2m | src/context/AuthContext.test.tsx[2m > [22m[2mAuthContext[2m > [22m[2mshould update auth state on onAuthStateChange
[22m[39mCould not fetch subscription details. { code: [32m'PGRST116'[39m }

[90mstdout[2m | src/context/AuthContext.test.tsx[2m > [22m[2mAuthContext[2m > [22m[2mshould update auth state on onAuthStateChange
[22m[39mIniciando sincronizaci├│n de suscripci├│n en segundo plano...

[90mstdout[2m | src/context/AuthContext.test.tsx[2m > [22m[2mAuthContext[2m > [22m[2mshould update auth state on onAuthStateChange
[22m[39mSuscripci├│n ya estaba sincronizada con PayPal (in_sync).

 [32mÔ£ô[39m src/context/AuthContext.test.tsx [2m([22m[2m4 tests[22m[2m)[22m[33m 586[2mms[22m[39m
     [33m[2mÔ£ô[22m[39m should provide user, session, and store when authenticated [33m 348[2mms[22m[39m
 [31mÔØ»[39m src/features/auth/components/SignInForm.test.tsx [2m([22m[2m1 test[22m[2m | [22m[31m1 failed[39m[2m)[22m[33m 456[2mms[22m[39m
[31m     [31m├ù[31m should render email, password inputs and a submit button[39m[33m 452[2mms[22m[39m
 [31mÔØ»[39m src/features/auth/AuthFlow.test.tsx [2m([22m[2m2 tests[22m[2m | [22m[31m2 failed[39m[2m)[22m[33m 586[2mms[22m[39m
[31m     [31m├ù[31m should allow a new user to sign up and see the backup codes modal[39m[33m 475[2mms[22m[39m
[31m     [31m├ù[31m should switch to email mode and sign up with email[39m[32m 107[2mms[22m[39m
[90mstderr[2m | src/tests/paypal-signature.test.ts[2m > [22m[2mverifyPayPalWebhookSignature[2m > [22m[2mdeber├¡a devolver false si la llamada a la API de PayPal falla
[22m[39mPayPal signature verification API error: [33m500[39m Internal Server Error

[90mstderr[2m | src/tests/paypal-signature.test.ts[2m > [22m[2mverifyPayPalWebhookSignature[2m > [22m[2mdeber├¡a devolver false si falta la cabecera "paypal-transmission-id"
[22m[39mMissing required PayPal transmission headers.

[90mstderr[2m | src/tests/paypal-signature.test.ts[2m > [22m[2mverifyPayPalWebhookSignature[2m > [22m[2mdeber├¡a devolver false si falta la cabecera 
"paypal-transmission-time"
[22m[39mMissing required PayPal transmission headers.

[90mstderr[2m | src/tests/paypal-signature.test.ts[2m > [22m[2mverifyPayPalWebhookSignature[2m > [22m[2mdeber├¡a devolver false si falta la cabecera "paypal-cert-url"
[22m[39mMissing required PayPal transmission headers.

[90mstderr[2m | src/tests/paypal-signature.test.ts[2m > [22m[2mverifyPayPalWebhookSignature[2m > [22m[2mdeber├¡a devolver false si falta la cabecera "paypal-auth-algo"
[22m[39mMissing required PayPal transmission headers.

[90mstderr[2m | src/tests/paypal-signature.test.ts[2m > [22m[2mverifyPayPalWebhookSignature[2m > [22m[2mdeber├¡a devolver false si falta la cabecera 
"paypal-transmission-sig"
[22m[39mMissing required PayPal transmission headers.

[90mstderr[2m | src/tests/paypal-signature.test.ts[2m > [22m[2mverifyPayPalWebhookSignature[2m > [22m[2mdeber├¡a lanzar un error si PAYPAL_WEBHOOK_ID no est├í configurado
[22m[39mPayPal webhook configuration error: PAYPAL_API_URL or PAYPAL_WEBHOOK_ID not set.

 [32mÔ£ô[39m src/tests/paypal-signature.test.ts [2m([22m[2m9 tests[22m[2m)[22m[32m 51[2mms[22m[39m
 [32mÔ£ô[39m src/components/ProtectedRoute.test.tsx [2m([22m[2m4 tests[22m[2m)[22m[32m 266[2mms[22m[39m
 [32mÔ£ô[39m src/pages/SocialStorePage.test.tsx [2m([22m[2m4 tests[22m[2m)[22m[33m 1477[2mms[22m[39m
     [33m[2mÔ£ô[22m[39m debe registrar un evento de "like" cuando el usuario hace clic en el coraz├│n [33m 729[2mms[22m[39m
     [33m[2mÔ£ô[22m[39m debe registrar "add to cart" y mostrar el enlace de WhatsApp al finalizar compra [33m 456[2mms[22m[39m
[90mstdout[2m | src/tests/paypal-webhooks.test.ts[2m > [22m[2mL├│gica del Webhook de PayPal[2m > [22m[2mdeber├¡a actualizar el estado a "cancelled" para BILLING.SUBSCRIPTION.CANCELLED
[22m[39mProcesando CANCELLED para subscripci├│n paypal-sub-id-1

[90mstdout[2m | src/tests/paypal-webhooks.test.ts[2m > [22m[2mL├│gica del Webhook de PayPal[2m > [22m[2mdeber├¡a actualizar el estado a "suspended" (sin chequeo de idempotencia a├║n)
[22m[39mProcesando SUSPENDED para subscripci├│n paypal-sub-id-1

[90mstdout[2m | src/tests/paypal-webhooks.test.ts[2m > [22m[2mL├│gica del Webhook de PayPal[2m > [22m[2mdeber├¡a actualizar el plan en la tienda y suscripci├│n para BILLING.SUBSCRIPTION.UPDATED
[22m[39mProcesando UPDATED para subscripci├│n paypal-sub-id-1

[90mstdout[2m | src/tests/paypal-webhooks.test.ts[2m > [22m[2mL├│gica del Webhook de PayPal[2m > [22m[2mdeber├¡a ser idempotente y no procesar el mismo evento de cancelaci├│n dos veces
[22m[39mProcesando CANCELLED para subscripci├│n paypal-sub-id-1

[90mstdout[2m | src/tests/paypal-webhooks.test.ts[2m > [22m[2mL├│gica del Webhook de PayPal[2m > [22m[2mdeber├¡a ser idempotente y no procesar el mismo evento de cancelaci├│n dos veces
[22m[39mProcesando CANCELLED para subscripci├│n paypal-sub-id-1

[90mstdout[2m | src/tests/paypal-webhooks.test.ts[2m > [22m[2mL├│gica del Webhook de PayPal[2m > [22m[2mdeber├¡a ser idempotente y no procesar el mismo evento de cancelaci├│n dos veces
[22m[39mIdempotency check: La subscripci├│n paypal-sub-id-1 ya est├í cancelada. No se necesita acci├│n.

 [32mÔ£ô[39m src/tests/paypal-webhooks.test.ts [2m([22m[2m4 tests[22m[2m)[22m[32m 23[2mms[22m[39m
 [32mÔ£ô[39m src/e2e/store-flow.test.tsx [2m([22m[2m1 test[22m[2m)[22m[32m 13[2mms[22m[39m

[31mÔÄ»ÔÄ»ÔÄ»ÔÄ»ÔÄ»ÔÄ»[39m[1m[41m Failed Tests 18 [49m[22m[31mÔÄ»ÔÄ»ÔÄ»ÔÄ»ÔÄ»ÔÄ»ÔÄ»[39m

[41m[1m FAIL [22m[49m src/App.test.tsx[2m > [22mApp Routing[2m > [22mshould render HomePage for the / route
[31m[1mTestingLibraryElementError[22m[39m: Unable to find an accessible element with the role "heading" and name `/Crea tu Tienda Online en Minutos/i`

Here are the accessible roles:

  heading:

  Name "Tu Tienda Social es Real":
  [36m<h1[39m
    [33mclass[39m=[32m"text-6xl md:text-8xl font-black text-center mb-8 uppercase italic tracking-tighter leading-[0.9]"[39m
    [33mstyle[39m=[32m"opacity: 0; transform: translateY(30px);"[39m
  [36m/>[39m

  Name "Viralidad Nativa":
  [36m<h3[39m
    [33mclass[39m=[32m"text-xl font-black uppercase italic tracking-tighter mb-4 italic"[39m
  [36m/>[39m

  Name "Social Commerce":
  [36m<h3[39m
    [33mclass[39m=[32m"text-xl font-black uppercase italic tracking-tighter mb-4 italic"[39m
  [36m/>[39m

  Name "Ventas con IA":
  [36m<h3[39m
    [33mclass[39m=[32m"text-xl font-black uppercase italic tracking-tighter mb-4 italic"[39m
  [36m/>[39m

  Name "Elige tu velocidad":
  [36m<h2[39m
    [33mclass[39m=[32m"text-4xl md:text-6xl font-black text-white uppercase italic tracking-tighter leading-none mb-6"[39m
  [36m/>[39m

  Name "Standard":
  [36m<h3[39m
    [33mclass[39m=[32m"text-[10px] font-black uppercase tracking-[0.3em] mb-2 text-brand-cyan"[39m
  [36m/>[39m

  Name "Full":
  [36m<h3[39m
    [33mclass[39m=[32m"text-[10px] font-black uppercase tracking-[0.3em] mb-2 text-brand-pink"[39m
  [36m/>[39m

  --------------------------------------------------
  paragraph:

  Name "":
  [36m<p[39m
    [33mclass[39m=[32m"text-lg md:text-xl text-zinc-500 text-center max-w-2xl mb-12 font-medium"[39m
    [33mstyle[39m=[32m"opacity: 0; transform: translateY(20px);"[39m
  [36m/>[39m

  Name "":
  [36m<p[39m
    [33mclass[39m=[32m"text-zinc-500 text-sm font-medium leading-relaxed"[39m
  [36m/>[39m

  Name "":
  [36m<p[39m
    [33mclass[39m=[32m"text-zinc-500 text-sm font-medium leading-relaxed"[39m
  [36m/>[39m

  Name "":
  [36m<p[39m
    [33mclass[39m=[32m"text-zinc-500 text-sm font-medium leading-relaxed"[39m
  [36m/>[39m

  Name "":
  [36m<p[39m
    [33mclass[39m=[32m"text-zinc-500 text-lg font-medium"[39m
  [36m/>[39m

  Name "":
  [36m<p[39m
    [33mclass[39m=[32m"mt-4 text-center text-[9px] font-bold text-zinc-600 uppercase tracking-widest"[39m
  [36m/>[39m

  Name "":
  [36m<p[39m
    [33mclass[39m=[32m"text-zinc-700 text-[10px] font-black uppercase tracking-[0.3em]"[39m
  [36m/>[39m

  --------------------------------------------------
  button:

  Name "Empezar Prueba Gratis":
  [36m<button[39m
    [33mclass[39m=[32m"px-12 py-5 rounded-[22px] bg-white text-black font-black uppercase tracking-tighter italic flex items-center gap-2 hover:scale-105 transition-all 
shadow-xl shadow-white/10"[39m
  [36m/>[39m

  Name "Ver Demo":
  [36m<button[39m
    [33mclass[39m=[32m"px-12 py-5 rounded-[22px] bg-zinc-800/50 border border-white/10 text-white font-bold uppercase tracking-widest text-xs hover:bg-zinc-700/50 transition-all 
backdrop-blur-md"[39m
  [36m/>[39m

  Name "Lanzar Standard":
  [36m<button[39m
    [33mclass[39m=[32m"w-full py-5 rounded-[22px] font-black uppercase tracking-tighter italic text-sm transition-all shadow-xl flex items-center justify-center gap-2
              bg-zinc-800 text-white hover:bg-zinc-700 hover:scale-[1.02] disabled:opacity-50
          "[39m
  [36m/>[39m

  Name "Escalar al Full":
  [36m<button[39m
    [33mclass[39m=[32m"w-full py-5 rounded-[22px] font-black uppercase tracking-tighter italic text-sm transition-all shadow-xl flex items-center justify-center gap-2
              bg-sunset-gradient text-white shadow-brand-pink/10 hover:shadow-brand-pink/30 hover:scale-[1.02] disabled:opacity-50
          "[39m
  [36m/>[39m

  --------------------------------------------------
  banner:

  Name "":
  [36m<header[39m
    [33mclass[39m=[32m"text-center mb-20"[39m
  [36m/>[39m

  --------------------------------------------------
  list:

  Name "":
  [36m<ul[39m
    [33mclass[39m=[32m"space-y-5 mb-12 flex-grow"[39m
  [36m/>[39m

  Name "":
  [36m<ul[39m
    [33mclass[39m=[32m"space-y-5 mb-12 flex-grow"[39m
  [36m/>[39m

  --------------------------------------------------
  listitem:

  Name "":
  [36m<li[39m
    [33mclass[39m=[32m"flex items-center gap-3 group/item"[39m
  [36m/>[39m

  Name "":
  [36m<li[39m
    [33mclass[39m=[32m"flex items-center gap-3 group/item"[39m
  [36m/>[39m

  Name "":
  [36m<li[39m
    [33mclass[39m=[32m"flex items-center gap-3 group/item"[39m
  [36m/>[39m

  Name "":
  [36m<li[39m
    [33mclass[39m=[32m"flex items-center gap-3 group/item"[39m
  [36m/>[39m

  Name "":
  [36m<li[39m
    [33mclass[39m=[32m"flex items-center gap-3 group/item"[39m
  [36m/>[39m

  Name "":
  [36m<li[39m
    [33mclass[39m=[32m"flex items-center gap-3 group/item"[39m
  [36m/>[39m

  Name "":
  [36m<li[39m
    [33mclass[39m=[32m"flex items-center gap-3 group/item"[39m
  [36m/>[39m

  Name "":
  [36m<li[39m
    [33mclass[39m=[32m"flex items-center gap-3 group/item"[39m
  [36m/>[39m

  Name "":
  [36m<li[39m
    [33mclass[39m=[32m"flex items-center gap-3 group/item"[39m
  [36m/>[39m

  --------------------------------------------------
  contentinfo:

  Name "":
  [36m<footer[39m
    [33mclass[39m=[32m"px-6 py-20 border-t border-white/5 text-center"[39m
  [36m/>[39m

  --------------------------------------------------

Ignored nodes: comments, script, style
[36m<body>[39m
  [36m<div>[39m
    [36m<div[39m
      [33mclass[39m=[32m"bg-brand-dark min-h-screen text-white overflow-x-hidden selection:bg-brand-pink/30"[39m
    [36m>[39m
      [36m<div[39m
        [33mclass[39m=[32m"fixed inset-0 overflow-hidden pointer-events-none -z-10"[39m
      [36m>[39m
        [36m<div[39m
          [33mclass[39m=[32m"absolute top-[-10%] left-[-10%] w-[40%] h-[40%] bg-brand-pink/10 blur-[120px] rounded-full animate-pulse"[39m
        [36m/>[39m
        [36m<div[39m
          [33mclass[39m=[32m"absolute bottom-[-10%] right-[-10%] w-[40%] h-[40%] bg-brand-neon/10 blur-[120px] rounded-full animate-pulse delay-700"[39m
        [36m/>[39m
      [36m</div>[39m
      [36m<section[39m
        [33mclass[39m=[32m"relative px-6 pt-24 pb-32"[39m
      [36m>[39m
        [36m<div[39m
          [33mclass[39m=[32m"max-w-6xl mx-auto flex flex-col items-center"[39m
        [36m>[39m
          [36m<div[39m
            [33mclass[39m=[32m"px-4 py-1.5 rounded-full bg-zinc-800/50 border border-white/5 text-[10px] font-black uppercase tracking-[0.2em] mb-10 flex items-center gap-2"[39m
            [33mstyle[39m=[32m"opacity: 0; transform: scale(0.9);"[39m
          [36m>[39m
            [36m<div[39m
              [33mclass[39m=[32m"w-1.5 h-1.5 rounded-full bg-brand-pink animate-ping"[39m
            [36m/>[39m
            [0mVende viralmente hoy[0m
          [36m</div>[39m
          [36m<h1[39m
            [33mclass[39m=[32m"text-6xl md:text-8xl font-black text-center mb-8 uppercase italic tracking-tighter leading-[0.9]"[39m
            [33mstyle[39m=[32m"opacity: 0; transform: translateY(30px);"[39m
          [36m>[39m
            [0mTu Tienda [0m
            [36m<br />[39m
            [36m<span[39m
              [33mclass[39m=[32m"bg-sunset-gradient bg-clip-text text-transparent"[39m
            [36m>[39m
              [0mSocial es Real[0m
            [36m</span>[39m
          [36m</h1>[39m
          [36m<p[39m
            [33mclass[39m=[32m"text-lg md:text-xl text-zinc-500 text-center max-w-2xl mb-12 font-medium"[39m
            [33mstyle[39m=[32m"opacity: 0; transform: translateY(20px);"[39m
          [36m>[39m
            [0mTransforma tu cat├ílogo en una experiencia adictiva tipo Swipe. Conecta con tus clientes donde pasan su tiempo y vende por WhatsApp en segundos.[0m
          [36m</p>[39m
          [36m<div[39m
            [33mclass[39m=[32m"flex flex-col sm:flex-row gap-6"[39m
            [33mstyle[39m=[32m"opacity: 0; transform: translateY(20px);"[39m
          [36m>[39m
            [36m<button[39m
              [33mclass[39m=[32m"px-12 py-5 rounded-[22px] bg-white text-black font-black uppercase tracking-tighter italic flex items-center gap-2 hover:scale-105 
transition-all shadow-xl shadow-white/10"[39m
            [36m>[39m
              [0mEmpezar Prueba Gratis[0m
              [36m<svg[39m
                [33maria-hidden[39m=[32m"true"[39m
                [33mclass[39m=[32m"lucide lucide-chevron-right w-5 h-5"[39m
                [33mfill[39m=[32m"none"[39m
                [33mheight[39m=[32m"24"[39m
                [33mstroke[39m=[32m"currentColor"[39m
                [33mstroke-linecap[39m=[32m"round"[39m
                [33mstroke-linejoin[39m=[32m"round"[39m
                [33mstroke-width[39m=[32m"2"[39m
                [33mviewBox[39m=[32m"0 0 24 24"[39m
                [33mwidth[39m=[32m"24"[39m
                [33mxmlns[39m=[32m"http://www.w3.org/2000/svg"[39m
              [36m>[39m
                [36m<path[39m
                  [33md[39m=[32m"m9 18 6-6-6-6"[39m
                [36m/>[39m
              [36m</svg>[39m
            [36m</button>[39m
            [36m<button[39m
              [33mclass[39m=[32m"px-12 py-5 rounded-[22px] bg-zinc-800/50 border border-white/10 text-white font-bold uppercase tracking-widest text-xs hover:bg-zinc-700/50 
transition-all backdrop-blur-md"[39m
            [36m>[39m
              [0mVer Demo[0m
            [36m</button>[39m
          [36m</div>[39m
        [36m</div>[39m
      [36m</section>[39m
      [36m<section[39m
        [33mclass[39m=[32m"px-6 py-24 border-t border-white/5 bg-black/20"[39m
      [36m>[39m
        [36m<div[39m
          [33mclass[39m=[32m"max-w-6xl mx-auto grid grid-cols-1 md:grid-cols-3 gap-12"[39m
        [36m>[39m
          [36m<div[39m
            [33mclass[39m=[32m"p-8 rounded-[40px] bg-zinc-900 border border-white/5 relative group"[39m
          [36m>[39m
            [36m<div[39m
              [33mclass[39m=[32m"w-12 h-12 rounded-2xl bg-brand-pink/10 flex items-center justify-center text-brand-pink mb-6 group-hover:scale-110 transition-transform"[39m
            [36m>[39m
              [36m<svg[39m
                [33maria-hidden[39m=[32m"true"[39m
                [33mclass[39m=[32m"lucide lucide-share2 lucide-share-2 w-6 h-6"[39m
                [33mfill[39m=[32m"none"[39m
                [33mheight[39m=[32m"24"[39m
                [33mstroke[39m=[32m"currentColor"[39m
                [33mstroke-linecap[39m=[32m"round"[39m
                [33mstroke-linejoin[39m=[32m"round"[39m
                [33mstroke-width[39m=[32m"2"[39m
                [33mviewBox[39m=[32m"0 0 24 24"[39m
                [33mwidth[39m=[32m"24"[39m
                [33mxmlns[39m=[32m"http://www.w3.org/2000/svg"[39m
              [36m>[39m
                [36m<circle[39m
                  [33mcx[39m=[32m"18"[39m
                  [33mcy[39m=[32m"5"[39m
                  [33mr[39m=[32m"3"[39m
                [36m/>[39m
                [36m<circle[39m
                  [33mcx[39m=[32m"6"[39m
                  [33mcy[39m=[32m"12"[39m
                  [33mr[39m=[32m"3"[39m
                [36m/>[39m
                [36m<circle[39m
                  [33mcx[39m=[32m"18"[39m
                  [33mcy[39m=[32m"19"[39m
                  [33mr[39m=[32m"3"[39m
                [36m/>[39m
                [36m<line[39m
                  [33mx1[39m=[32m"8.59"[39m
                  [33mx2[39m=[32m"15.42"[39m
                  [33my1[39m=[32m"13.51"[39m
                  [33my2[39m=[32m"17.49"[39m
                [36m/>[39m
                [36m<line[39m
                  [33mx1[39m=[32m"15.41"[39m
                  [33mx2[39m=[32m"8.59"[39m
                  [33my1[39m=[32m"6.51"[39m
                  [33my2[39m=[32m"10.49"[39m
                [36m/>[39m
              [36m</svg>[39m
            [36m</div>[39m
            [36m<h3[39m
              [33mclass[39m=[32m"text-xl font-black uppercase italic tracking-tighter mb-4 italic"[39m
            [36m>[39m
              [0mViralidad Nativa[0m
            [36m</h3>[39m
      ...
[90m [2mÔØ»[22m Object.getElementError node_modules/@testing-library/dom/dist/config.js:[2m37:19[22m[39m
[90m [2mÔØ»[22m node_modules/@testing-library/dom/dist/query-helpers.js:[2m76:38[22m[39m
[90m [2mÔØ»[22m node_modules/@testing-library/dom/dist/query-helpers.js:[2m52:17[22m[39m
[90m [2mÔØ»[22m node_modules/@testing-library/dom/dist/query-helpers.js:[2m95:19[22m[39m
[36m [2mÔØ»[22m src/App.test.tsx:[2m10:19[22m[39m
    [90m  8| [39m    [34mrender[39m([33m<[39m[33mApp[39m [33m/[39m[33m>[39m[33m,[39m { route[33m:[39m [32m'/'[39m })[33m;[39m
    [90m  9| [39m    [90m// Assert that the HomePage heading is visible[39m
    [90m 10| [39m    expect(screen.getByRole('heading', { name: /Crea tu Tienda Online ÔÇª
    [90m   | [39m                  [31m^[39m
    [90m 11| [39m  })[33m;[39m
    [90m 12| [39m

[31m[2mÔÄ»ÔÄ»ÔÄ»ÔÄ»ÔÄ»ÔÄ»ÔÄ»ÔÄ»ÔÄ»ÔÄ»ÔÄ»ÔÄ»ÔÄ»ÔÄ»ÔÄ»ÔÄ»ÔÄ»ÔÄ»ÔÄ»ÔÄ»ÔÄ»ÔÄ»ÔÄ»[1/18]ÔÄ»[22m[39m

[41m[1m FAIL [22m[49m src/App.test.tsx[2m > [22mApp Routing[2m > [22mshould render AuthPage for the /auth route
[31m[1mTestingLibraryElementError[22m[39m: Unable to find an accessible element with the role "heading" and name `/crear una cuenta/i`

Here are the accessible roles:

  heading:

  Name "Tiender.":
  [36m<h1[39m
    [33mclass[39m=[32m"text-4xl font-black text-white italic tracking-tighter uppercase mb-2"[39m
  [36m/>[39m

  Name "├Ünete a la Revoluci├│n":
  [36m<h2[39m
    [33mclass[39m=[32m"text-2xl font-black text-white uppercase italic tracking-tighter"[39m
  [36m/>[39m

  --------------------------------------------------
  paragraph:

  Name "":
  [36m<p[39m
    [33mclass[39m=[32m"text-zinc-500 text-xs font-bold uppercase tracking-widest"[39m
  [36m/>[39m

  Name "":
  [36m<p[39m
    [33mclass[39m=[32m"text-zinc-500 text-xs font-medium mt-1"[39m
  [36m/>[39m

  Name "":
  [36m<p[39m
    [33mclass[39m=[32m"text-[10px] text-zinc-400 font-medium leading-relaxed"[39m
  [36m/>[39m

  --------------------------------------------------
  combobox:

  Name "":
  [36m<select[39m
    [33mclass[39m=[32m"w-[100px] bg-zinc-800/50 border border-white/5 rounded-2xl px-3 py-4 text-white text-xs focus:outline-none focus:ring-2 focus:ring-brand-pink/50 
transition-all appearance-none text-center font-bold"[39m
  [36m/>[39m

  --------------------------------------------------
  option:

  Name "­ƒç│­ƒç« +505":
  [36m<option[39m
    [33mclass[39m=[32m"bg-zinc-900"[39m
    [33mvalue[39m=[32m"+505"[39m
  [36m/>[39m

  Name "­ƒç▓­ƒç¢ +52":
  [36m<option[39m
    [33mclass[39m=[32m"bg-zinc-900"[39m
    [33mvalue[39m=[32m"+52"[39m
  [36m/>[39m

  Name "­ƒç¿­ƒç┤ +57":
  [36m<option[39m
    [33mclass[39m=[32m"bg-zinc-900"[39m
    [33mvalue[39m=[32m"+57"[39m
  [36m/>[39m

  Name "­ƒç║­ƒç© +1":
  [36m<option[39m
    [33mclass[39m=[32m"bg-zinc-900"[39m
    [33mvalue[39m=[32m"+1"[39m
  [36m/>[39m

  Name "­ƒç¬­ƒç© +34":
  [36m<option[39m
    [33mclass[39m=[32m"bg-zinc-900"[39m
    [33mvalue[39m=[32m"+34"[39m
  [36m/>[39m

  Name "­ƒçª­ƒçÀ +54":
  [36m<option[39m
    [33mclass[39m=[32m"bg-zinc-900"[39m
    [33mvalue[39m=[32m"+54"[39m
  [36m/>[39m

  Name "­ƒç¿­ƒç▒ +56":
  [36m<option[39m
    [33mclass[39m=[32m"bg-zinc-900"[39m
    [33mvalue[39m=[32m"+56"[39m
  [36m/>[39m

  Name "­ƒçÁ­ƒç¬ +51":
  [36m<option[39m
    [33mclass[39m=[32m"bg-zinc-900"[39m
    [33mvalue[39m=[32m"+51"[39m
  [36m/>[39m

  Name "­ƒç¿­ƒçÀ +506":
  [36m<option[39m
    [33mclass[39m=[32m"bg-zinc-900"[39m
    [33mvalue[39m=[32m"+506"[39m
  [36m/>[39m

  Name "­ƒç¼­ƒç╣ +502":
  [36m<option[39m
    [33mclass[39m=[32m"bg-zinc-900"[39m
    [33mvalue[39m=[32m"+502"[39m
  [36m/>[39m

  Name "­ƒç¡­ƒç│ +504":
  [36m<option[39m
    [33mclass[39m=[32m"bg-zinc-900"[39m
    [33mvalue[39m=[32m"+504"[39m
  [36m/>[39m

  Name "­ƒç©­ƒç╗ +503":
  [36m<option[39m
    [33mclass[39m=[32m"bg-zinc-900"[39m
    [33mvalue[39m=[32m"+503"[39m
  [36m/>[39m

  Name "­ƒçÁ­ƒçª +507":
  [36m<option[39m
    [33mclass[39m=[32m"bg-zinc-900"[39m
    [33mvalue[39m=[32m"+507"[39m
  [36m/>[39m

  Name "­ƒçº­ƒç┤ +591":
  [36m<option[39m
    [33mclass[39m=[32m"bg-zinc-900"[39m
    [33mvalue[39m=[32m"+591"[39m
  [36m/>[39m

  Name "­ƒç¬­ƒç¿ +593":
  [36m<option[39m
    [33mclass[39m=[32m"bg-zinc-900"[39m
    [33mvalue[39m=[32m"+593"[39m
  [36m/>[39m

  Name "­ƒç║­ƒç¥ +598":
  [36m<option[39m
    [33mclass[39m=[32m"bg-zinc-900"[39m
    [33mvalue[39m=[32m"+598"[39m
  [36m/>[39m

  Name "­ƒçÁ­ƒç¥ +595":
  [36m<option[39m
    [33mclass[39m=[32m"bg-zinc-900"[39m
    [33mvalue[39m=[32m"+595"[39m
  [36m/>[39m

  Name "­ƒç╗­ƒç¬ +58":
  [36m<option[39m
    [33mclass[39m=[32m"bg-zinc-900"[39m
    [33mvalue[39m=[32m"+58"[39m
  [36m/>[39m

  --------------------------------------------------
  textbox:

  Name "":
  [36m<input[39m
    [33mclass[39m=[32m"w-full bg-zinc-800/50 border border-white/5 rounded-2xl px-10 py-4 text-white placeholder-zinc-700 focus:outline-none focus:ring-2 
focus:ring-brand-pink/50 transition-all font-bold text-sm"[39m
    [33mplaceholder[39m=[32m"8888 8888"[39m
    [33mrequired[39m=[32m""[39m
    [33mtype[39m=[32m"tel"[39m
    [33mvalue[39m=[32m""[39m
  [36m/>[39m

  --------------------------------------------------
  button:

  Name "O USAR EMAIL":
  [36m<button[39m
    [33mclass[39m=[32m"text-[10px] font-black uppercase tracking-[0.2em] text-zinc-600 hover:text-brand-pink transition-colors"[39m
    [33mtype[39m=[32m"button"[39m
  [36m/>[39m

  Name "Crear Mi Tienda":
  [36m<button[39m
    [33mclass[39m=[32m"w-full py-4 rounded-[22px] bg-sunset-gradient text-white font-black uppercase tracking-tighter italic flex items-center justify-center gap-2 
hover:scale-[1.02] active:scale-95 transition-all disabled:opacity-30 shadow-xl shadow-brand-pink/10"[39m
    [33mtype[39m=[32m"submit"[39m
  [36m/>[39m

  Name "┬┐Ya tienes una cuenta? Inicia sesi├│n":
  [36m<button[39m
    [33mclass[39m=[32m"px-6 py-3 rounded-2xl bg-zinc-800/50 text-zinc-400 hover:text-white hover:bg-zinc-800 transition-all text-xs font-bold uppercase tracking-widest border 
border-white/5"[39m
    [33mrole[39m=[32m"button"[39m
  [36m/>[39m

  --------------------------------------------------

Ignored nodes: comments, script, style
[36m<body>[39m
  [36m<div>[39m
    [36m<div[39m
      [33mclass[39m=[32m"min-h-screen bg-brand-dark flex flex-col items-center justify-center p-6 relative overflow-hidden"[39m
    [36m>[39m
      [36m<div[39m
        [33mclass[39m=[32m"absolute top-[-10%] right-[-10%] w-[50%] h-[50%] bg-brand-pink/10 blur-[120px] rounded-full"[39m
      [36m/>[39m
      [36m<div[39m
        [33mclass[39m=[32m"absolute bottom-[-10%] left-[-10%] w-[50%] h-[50%] bg-brand-neon/10 blur-[120px] rounded-full"[39m
      [36m/>[39m
      [36m<div[39m
        [33mclass[39m=[32m"w-full max-w-md relative z-10"[39m
        [33mstyle[39m=[32m"opacity: 0; transform: translateY(20px);"[39m
      [36m>[39m
        [36m<div[39m
          [33mclass[39m=[32m"text-center mb-10"[39m
        [36m>[39m
          [36m<h1[39m
            [33mclass[39m=[32m"text-4xl font-black text-white italic tracking-tighter uppercase mb-2"[39m
          [36m>[39m
            [0mTiender.[0m
          [36m</h1>[39m
          [36m<p[39m
            [33mclass[39m=[32m"text-zinc-500 text-xs font-bold uppercase tracking-widest"[39m
          [36m>[39m
            [0mEl futuro de tu tienda empieza aqu├¡[0m
          [36m</p>[39m
        [36m</div>[39m
        [36m<div[39m
          [33mclass[39m=[32m"bg-zinc-900/50 backdrop-blur-xl border border-white/5 rounded-[40px] p-8 shadow-2xl overflow-hidden relative"[39m
        [36m>[39m
          [36m<div[39m
            [33mstyle[39m=[32m"opacity: 0; transform: translateX(20px);"[39m
          [36m>[39m
            [36m<div[39m
              [33mclass[39m=[32m"w-full space-y-8"[39m
            [36m>[39m
              [36m<div[39m
                [33mclass[39m=[32m"text-center"[39m
              [36m>[39m
                [36m<h2[39m
                  [33mclass[39m=[32m"text-2xl font-black text-white uppercase italic tracking-tighter"[39m
                [36m>[39m
                  [0m├Ünete a la Revoluci├│n[0m
                [36m</h2>[39m
                [36m<p[39m
                  [33mclass[39m=[32m"text-zinc-500 text-xs font-medium mt-1"[39m
                [36m>[39m
                  [0mCrea tu cuenta y empieza a vender en segundos[0m
                [36m</p>[39m
              [36m</div>[39m
              [36m<form[39m
                [33mclass[39m=[32m"space-y-6"[39m
              [36m>[39m
                [36m<div[39m
                  [33mclass[39m=[32m"space-y-6"[39m
                [36m>[39m
                  [36m<div[39m
                    [33mclass[39m=[32m"space-y-4"[39m
                  [36m>[39m
                    [36m<div[39m
                      [33mclass[39m=[32m"relative group flex flex-col"[39m
                    [36m>[39m
                      [36m<label[39m
                        [33mclass[39m=[32m"flex items-center gap-2 text-[10px] font-bold text-zinc-600 uppercase tracking-widest ml-1 mb-2"[39m
                      [36m>[39m
                        [36m<svg[39m
                          [33maria-hidden[39m=[32m"true"[39m
                          [33mclass[39m=[32m"lucide lucide-phone w-3 h-3"[39m
                          [33mfill[39m=[32m"none"[39m
                          [33mheight[39m=[32m"24"[39m
                          [33mstroke[39m=[32m"currentColor"[39m
                          [33mstroke-linecap[39m=[32m"round"[39m
                          [33mstroke-linejoin[39m=[32m"round"[39m
                          [33mstroke-width[39m=[32m"2"[39m
                          [33mviewBox[39m=[32m"0 0 24 24"[39m
                          [33mwidth[39m=[32m"24"[39m
                          [33mxmlns[39m=[32m"http://www.w3.org/2000/svg"[39m
                        [36m>[39m
                          [36m<path[39m
                            [33md[39m=[32m"M13.832 16.568a1 1 0 0 0 1.213-.303l.355-.465A2 2 0 0 1 17 15h3a2 2 0 0 1 2 2v3a2 2 0 0 1-2 2A18 18 0 0 1 2 4a2 2 0 0 1 2-2h3a2 2 0 0 
1 2 2v3a2 2 0 0 1-.8 1.6l-.468.351a1 1 0 0 0-.292 1.233 14 14 0 0 0 6.392 6.384"[39m
                          [36m/>[39m
                        [36m</svg>[39m
                        [0m WhatsApp del Negocio[0m
                      [36m</label>[39m
                      [36m<div[39m
                        [33mclass[39m=[32m"flex gap-2"[39m
                      [36m>[39m
                        [36m<select[39m
                          [33mclass[39m=[32m"w-[100px] bg-zinc-800/50 border border-white/5 rounded-2xl px-3 py-4 text-white text-xs focus:outline-none focus:ring-2 
focus:ring-brand-pink/50 transition-all appearance-none text-center font-bold"[39m
                        [36m>[39m
                          [36m<option[39m
                            [33mclass[39m=[32m"bg-zinc-900"[39m
                            [33mvalue[39m=[32m"+505"[39m
                          [36m>[39m
                            [0m­ƒç│­ƒç«[0m
                            [0m [0m
                            [0m+505[0m
                          [36m</option>[39m
                          [36m<option[39m
                            [33mclass[39m=[32m"bg-zinc-900"[39m
                            [33mvalue[39m=[32m"+52"[39m
                          [36m>[39m
                            [0m­ƒç▓­ƒç¢[0m
                            [0m [0m
                            [0m+52[0m
                          [36m</option>[39m
                          [36m<option[39m
                            [33mclass[39m=[32m"bg-zinc-900"[39m
                            [33mvalue[39m=[32m"+57"[39m
                          [36m>[39m
                            [0m­ƒç¿­ƒç┤[0m
                            [0m [0m
                            [0m+57[0m
                          [36m</option>[39m
                          [36m<option[39m
                            [33mclass[39m=[32m"bg-zinc-900"[39m
                            [33mvalue[39m=[32m"+1"[39m
                          [36m>[39m
                            [0m­ƒç║­ƒç©[0m
                            [0m [0m
                            [0m+1[0m
                          [36m</option>[39m
                          [36m<option[39m
                            [33mclass[39m=[32m"bg-zinc-900"[39m
                            [33mvalue[39m=[32m"+34"[39m
                          [36m>[39m
                            [0m­ƒç¬­ƒç©[0m
                            [0m [0m
                            [0m+34[0m
                          [36m</option>[39m
                          [36m<option[39m
                            [33mclass[39m=[32m"bg-zinc-900"[39m
                            [33mvalue[39m=[32m"+54"[39m
                          [36m>[39m
                            [0m­ƒçª­ƒçÀ[0m
                            [0m [0m
                   ...
[90m [2mÔØ»[22m Object.getElementError node_modules/@testing-library/dom/dist/config.js:[2m37:19[22m[39m
[90m [2mÔØ»[22m node_modules/@testing-library/dom/dist/query-helpers.js:[2m76:38[22m[39m
[90m [2mÔØ»[22m node_modules/@testing-library/dom/dist/query-helpers.js:[2m52:17[22m[39m
[90m [2mÔØ»[22m node_modules/@testing-library/dom/dist/query-helpers.js:[2m95:19[22m[39m
[36m [2mÔØ»[22m src/App.test.tsx:[2m15:19[22m[39m
    [90m 13| [39m  [34mit[39m([32m'should render AuthPage for the /auth route'[39m[33m,[39m () [33m=>[39m {
    [90m 14| [39m    [34mrender[39m([33m<[39m[33mApp[39m [33m/[39m[33m>[39m[33m,[39m { route[33m:[39m [32m'/auth'[39m })[33m;[39m
    [90m 15| [39m    expect(screen.getByRole('heading', { name: /crear una cuenta/i }))ÔÇª
    [90m   | [39m                  [31m^[39m
    [90m 16| [39m  })[33m;[39m
    [90m 17| [39m

[31m[2mÔÄ»ÔÄ»ÔÄ»ÔÄ»ÔÄ»ÔÄ»ÔÄ»ÔÄ»ÔÄ»ÔÄ»ÔÄ»ÔÄ»ÔÄ»ÔÄ»ÔÄ»ÔÄ»ÔÄ»ÔÄ»ÔÄ»ÔÄ»ÔÄ»ÔÄ»ÔÄ»[2/18]ÔÄ»[22m[39m

[41m[1m FAIL [22m[49m src/App.test.tsx[2m > [22mApp Routing[2m > [22mshould render DashboardPage with store details for the /dashboard route
[31m[1mTestingLibraryElementError[22m[39m: Unable to find an element with the text: /Tu Tienda: Mi Tienda/i. This could be because the text is broken up by multiple elements. 
In this case, you can provide a function for your text matcher to make your matcher more flexible.

Ignored nodes: comments, script, style
[36m<body>[39m
  [36m<div>[39m
    [36m<div[39m
      [33mclass[39m=[32m"min-h-screen bg-brand-dark text-white selection:bg-brand-neon/30 pb-12"[39m
    [36m>[39m
      [36m<div[39m
        [33mclass[39m=[32m"max-w-6xl mx-auto px-6 pt-10"[39m
      [36m>[39m
        [36m<div[39m
          [33mclass[39m=[32m"flex justify-between items-center mb-12"[39m
        [36m>[39m
          [36m<div[39m
            [33mclass[39m=[32m"flex items-center gap-3"[39m
          [36m>[39m
            [36m<div[39m
              [33mclass[39m=[32m"p-2 bg-brand-neon rounded-xl"[39m
            [36m>[39m
              [36m<svg[39m
                [33maria-hidden[39m=[32m"true"[39m
                [33mclass[39m=[32m"lucide lucide-layout-dashboard w-6 h-6 text-brand-dark"[39m
                [33mfill[39m=[32m"none"[39m
                [33mheight[39m=[32m"24"[39m
                [33mstroke[39m=[32m"currentColor"[39m
                [33mstroke-linecap[39m=[32m"round"[39m
                [33mstroke-linejoin[39m=[32m"round"[39m
                [33mstroke-width[39m=[32m"2"[39m
                [33mviewBox[39m=[32m"0 0 24 24"[39m
                [33mwidth[39m=[32m"24"[39m
                [33mxmlns[39m=[32m"http://www.w3.org/2000/svg"[39m
              [36m>[39m
                [36m<rect[39m
                  [33mheight[39m=[32m"9"[39m
                  [33mrx[39m=[32m"1"[39m
                  [33mwidth[39m=[32m"7"[39m
                  [33mx[39m=[32m"3"[39m
                  [33my[39m=[32m"3"[39m
                [36m/>[39m
                [36m<rect[39m
                  [33mheight[39m=[32m"5"[39m
                  [33mrx[39m=[32m"1"[39m
                  [33mwidth[39m=[32m"7"[39m
                  [33mx[39m=[32m"14"[39m
                  [33my[39m=[32m"3"[39m
                [36m/>[39m
                [36m<rect[39m
                  [33mheight[39m=[32m"9"[39m
                  [33mrx[39m=[32m"1"[39m
                  [33mwidth[39m=[32m"7"[39m
                  [33mx[39m=[32m"14"[39m
                  [33my[39m=[32m"12"[39m
                [36m/>[39m
                [36m<rect[39m
                  [33mheight[39m=[32m"5"[39m
                  [33mrx[39m=[32m"1"[39m
                  [33mwidth[39m=[32m"7"[39m
                  [33mx[39m=[32m"3"[39m
                  [33my[39m=[32m"16"[39m
                [36m/>[39m
              [36m</svg>[39m
            [36m</div>[39m
            [36m<h1[39m
              [33mclass[39m=[32m"text-2xl font-black tracking-tighter uppercase italic"[39m
            [36m>[39m
              [0mCentro de Mando[0m
            [36m</h1>[39m
          [36m</div>[39m
          [36m<button[39m
            [33mclass[39m=[32m"p-3 bg-zinc-900 border border-white/5 rounded-2xl hover:bg-zinc-800 transition-all group"[39m
          [36m>[39m
            [36m<svg[39m
              [33maria-hidden[39m=[32m"true"[39m
              [33mclass[39m=[32m"lucide lucide-menu w-6 h-6 text-zinc-400 group-hover:text-white"[39m
              [33mfill[39m=[32m"none"[39m
              [33mheight[39m=[32m"24"[39m
              [33mstroke[39m=[32m"currentColor"[39m
              [33mstroke-linecap[39m=[32m"round"[39m
              [33mstroke-linejoin[39m=[32m"round"[39m
              [33mstroke-width[39m=[32m"2"[39m
              [33mviewBox[39m=[32m"0 0 24 24"[39m
              [33mwidth[39m=[32m"24"[39m
              [33mxmlns[39m=[32m"http://www.w3.org/2000/svg"[39m
            [36m>[39m
              [36m<path[39m
                [33md[39m=[32m"M4 5h16"[39m
              [36m/>[39m
              [36m<path[39m
                [33md[39m=[32m"M4 12h16"[39m
              [36m/>[39m
              [36m<path[39m
                [33md[39m=[32m"M4 19h16"[39m
              [36m/>[39m
            [36m</svg>[39m
          [36m</button>[39m
        [36m</div>[39m
        [36m<div[39m
          [33mclass[39m=[32m"w-full text-left space-y-8"[39m
          [33mstyle[39m=[32m"opacity: 0; transform: translateY(10px);"[39m
        [36m>[39m
          [36m<div[39m
            [33mclass[39m=[32m"flex flex-col lg:flex-row lg:items-center justify-between gap-6 p-6 rounded-[30px] bg-zinc-900 border border-white/5 relative overflow-hidden"[39m
          [36m>[39m
            [36m<div[39m
              [33mclass[39m=[32m"absolute top-0 right-0 w-64 h-64 bg-brand-neon/5 blur-[100px] -z-10"[39m
            [36m/>[39m
            [36m<div[39m
              [33mclass[39m=[32m"flex items-center space-x-6"[39m
            [36m>[39m
              [36m<div[39m
                [33mclass[39m=[32m"relative group"[39m
              [36m>[39m
                [36m<div[39m
                  [33mclass[39m=[32m"absolute inset-0 bg-sunset-gradient opacity-0 group-hover:opacity-20 blur-md transition-opacity rounded-full"[39m
                [36m/>[39m
                [36m<div[39m
                  [33mclass[39m=[32m"h-16 w-16 bg-zinc-800 rounded-full flex items-center justify-center border-2 border-white/10 ring-4 ring-black shadow-2xl"[39m
                [36m>[39m
                  [36m<svg[39m
                    [33maria-hidden[39m=[32m"true"[39m
                    [33mclass[39m=[32m"lucide lucide-package-open w-8 h-8 text-zinc-600"[39m
                    [33mfill[39m=[32m"none"[39m
                    [33mheight[39m=[32m"24"[39m
                    [33mstroke[39m=[32m"currentColor"[39m
                    [33mstroke-linecap[39m=[32m"round"[39m
                    [33mstroke-linejoin[39m=[32m"round"[39m
                    [33mstroke-width[39m=[32m"2"[39m
                    [33mviewBox[39m=[32m"0 0 24 24"[39m
                    [33mwidth[39m=[32m"24"[39m
                    [33mxmlns[39m=[32m"http://www.w3.org/2000/svg"[39m
                  [36m>[39m
                    [36m<path[39m
                      [33md[39m=[32m"M12 22v-9"[39m
                    [36m/>[39m
                    [36m<path[39m
                      [33md[39m=[32m"M15.17 2.21a1.67 1.67 0 0 1 1.63 0L21 4.57a1.93 1.93 0 0 1 0 3.36L8.82 14.79a1.655 1.655 0 0 1-1.64 0L3 12.43a1.93 1.93 0 0 1 0-3.36z"[39m
                    [36m/>[39m
                    [36m<path[39m
                      [33md[39m=[32m"M20 13v3.87a2.06 2.06 0 0 1-1.11 1.83l-6 3.08a1.93 1.93 0 0 1-1.78 0l-6-3.08A2.06 2.06 0 0 1 4 16.87V13"[39m
                    [36m/>[39m
                    [36m<path[39m
                      [33md[39m=[32m"M21 12.43a1.93 1.93 0 0 0 0-3.36L8.83 2.2a1.64 1.64 0 0 0-1.63 0L3 4.57a1.93 1.93 0 0 0 0 3.36l12.18 6.86a1.636 1.636 0 0 0 1.63 0z"[39m
                    [36m/>[39m
                  [36m</svg>[39m
                [36m</div>[39m
 ...

Ignored nodes: comments, script, style
[36m<html>[39m
  [36m<head />[39m
  [36m<body>[39m
    [36m<div>[39m
      [36m<div[39m
        [33mclass[39m=[32m"min-h-screen bg-brand-dark text-white selection:bg-brand-neon/30 pb-12"[39m
      [36m>[39m
        [36m<div[39m
          [33mclass[39m=[32m"max-w-6xl mx-auto px-6 pt-10"[39m
        [36m>[39m
          [36m<div[39m
            [33mclass[39m=[32m"flex justify-between items-center mb-12"[39m
          [36m>[39m
            [36m<div[39m
              [33mclass[39m=[32m"flex items-center gap-3"[39m
            [36m>[39m
              [36m<div[39m
                [33mclass[39m=[32m"p-2 bg-brand-neon rounded-xl"[39m
              [36m>[39m
                [36m<svg[39m
                  [33maria-hidden[39m=[32m"true"[39m
                  [33mclass[39m=[32m"lucide lucide-layout-dashboard w-6 h-6 text-brand-dark"[39m
                  [33mfill[39m=[32m"none"[39m
                  [33mheight[39m=[32m"24"[39m
                  [33mstroke[39m=[32m"currentColor"[39m
                  [33mstroke-linecap[39m=[32m"round"[39m
                  [33mstroke-linejoin[39m=[32m"round"[39m
                  [33mstroke-width[39m=[32m"2"[39m
                  [33mviewBox[39m=[32m"0 0 24 24"[39m
                  [33mwidth[39m=[32m"24"[39m
                  [33mxmlns[39m=[32m"http://www.w3.org/2000/svg"[39m
                [36m>[39m
                  [36m<rect[39m
                    [33mheight[39m=[32m"9"[39m
                    [33mrx[39m=[32m"1"[39m
                    [33mwidth[39m=[32m"7"[39m
                    [33mx[39m=[32m"3"[39m
                    [33my[39m=[32m"3"[39m
                  [36m/>[39m
                  [36m<rect[39m
                    [33mheight[39m=[32m"5"[39m
                    [33mrx[39m=[32m"1"[39m
                    [33mwidth[39m=[32m"7"[39m
                    [33mx[39m=[32m"14"[39m
                    [33my[39m=[32m"3"[39m
                  [36m/>[39m
                  [36m<rect[39m
                    [33mheight[39m=[32m"9"[39m
                    [33mrx[39m=[32m"1"[39m
                    [33mwidth[39m=[32m"7"[39m
                    [33mx[39m=[32m"14"[39m
                    [33my[39m=[32m"12"[39m
                  [36m/>[39m
                  [36m<rect[39m
                    [33mheight[39m=[32m"5"[39m
                    [33mrx[39m=[32m"1"[39m
                    [33mwidth[39m=[32m"7"[39m
                    [33mx[39m=[32m"3"[39m
                    [33my[39m=[32m"16"[39m
                  [36m/>[39m
                [36m</svg>[39m
              [36m</div>[39m
              [36m<h1[39m
                [33mclass[39m=[32m"text-2xl font-black tracking-tighter uppercase italic"[39m
              [36m>[39m
                [0mCentro de Mando[0m
              [36m</h1>[39m
            [36m</div>[39m
            [36m<button[39m
              [33mclass[39m=[32m"p-3 bg-zinc-900 border border-white/5 rounded-2xl hover:bg-zinc-800 transition-all group"[39m
            [36m>[39m
              [36m<svg[39m
                [33maria-hidden[39m=[32m"true"[39m
                [33mclass[39m=[32m"lucide lucide-menu w-6 h-6 text-zinc-400 group-hover:text-white"[39m
                [33mfill[39m=[32m"none"[39m
                [33mheight[39m=[32m"24"[39m
                [33mstroke[39m=[32m"currentColor"[39m
                [33mstroke-linecap[39m=[32m"round"[39m
                [33mstroke-linejoin[39m=[32m"round"[39m
                [33mstroke-width[39m=[32m"2"[39m
                [33mviewBox[39m=[32m"0 0 24 24"[39m
                [33mwidth[39m=[32m"24"[39m
                [33mxmlns[39m=[32m"http://www.w3.org/2000/svg"[39m
              [36m>[39m
                [36m<path[39m
                  [33md[39m=[32m"M4 5h16"[39m
                [36m/>[39m
                [36m<path[39m
                  [33md[39m=[32m"M4 12h16"[39m
                [36m/>[39m
                [36m<path[39m
                  [33md[39m=[32m"M4 19h16"[39m
                [36m/>[39m
              [36m</svg>[39m
            [36m</button>[39m
          [36m</div>[39m
          [36m<div[39m
            [33mclass[39m=[32m"w-full text-left space-y-8"[39m
            [33mstyle[39m=[32m"opacity: 0; transform: translateY(10px);"[39m
          [36m>[39m
            [36m<div[39m
              [33mclass[39m=[32m"flex flex-col lg:flex-row lg:items-center justify-between gap-6 p-6 rounded-[30px] bg-zinc-900 border border-white/5 relative 
overflow-hidden"[39m
            [36m>[39m
              [36m<div[39m
                [33mclass[39m=[32m"absolute top-0 right-0 w-64 h-64 bg-brand-neon/5 blur-[100px] -z-10"[39m
              [36m/>[39m
              [36m<div[39m
                [33mclass[39m=[32m"flex items-center space-x-6"[39m
              [36m>[39m
                [36m<div[39m
                  [33mclass[39m=[32m"relative group"[39m
                [36m>[39m
                  [36m<div[39m
                    [33mclass[39m=[32m"absolute inset-0 bg-sunset-gradient opacity-0 group-hover:opacity-20 blur-md transition-opacity rounded-full"[39m
                  [36m/>[39m
                  [36m<div[39m
                    [33mclass[39m=[32m"h-16 w-16 bg-zinc-800 rounded-full flex items-center justify-center border-2 border-white/10 ring-4 ring-black shadow-2xl"[39m
                  [36m>[39m
                    [36m<svg[39m
                      [33maria-hidden[39m=[32m"true"[39m
                      [33mclass[39m=[32m"lucide lucide-package-open w-8 h-8 text-zinc-600"[39m
                      [33mfill[39m=[32m"none"[39m
                      [33mheight[39m=[32m"24"[39m
                      [33mstroke[39m=[32m"currentColor"[39m
                      [33mstroke-linecap[39m=[32m"round"[39m
                      [33mstroke-linejoin[39m=[32m"round"[39m
                      [33mstroke-width[39m=[32m"2"[39m
                      [33mviewBox[39m=[32m"0 0 24 24"[39m
                      [33mwidth[39m=[32m"24"[39m
                      [33mxmlns[39m=[32m"http://www.w3.org/2000/svg"[39m
                    [36m>[39m
                      [36m<path[39m
                        [33md[39m=[32m"M12 22v-9"[39m
                      [36m/>[39m
                      [36m<path[39m
                        [33md[39m=[32m"M15.17 2.21a1.67 1.67 0 0 1 1.63 0L21 4.57a1.93 1.93 0 0 1 0 3.36L8.82 14.79a1.655 1.655 0 0 1-1.64 0L3 12.43a1.93 1.93 0 0 1 0-3.36z"[39m
                      [36m/>[39m
                      [36m<path[39m
                        [33md[39m=[32m"M20 13v3.87a2.06 2.06 0 0 1-1.11 1.83l-6 3.08a1.93 1.93 0 0 1-1.78 0l-6-3.08A2.06 2.06 0 0 1 4 16.87V13"[39m
                      [36m/>[39m
  ...
[90m [2mÔØ»[22m waitForWrapper node_modules/@testing-library/dom/dist/wait-for.js:[2m163:27[22m[39m
[36m [2mÔØ»[22m src/App.test.tsx:[2m23:11[22m[39m
    [90m 21| [39m
    [90m 22| [39m    // Esperar a que el estado de carga se complete y los datos se renÔÇª
    [90m 23| [39m    [35mawait[39m [34mwaitFor[39m(() [33m=>[39m {
    [90m   | [39m          [31m^[39m
    [90m 24| [39m      // Asegurarse de que el texto de carga ya no est├í presente y el ÔÇª
    [90m 25| [39m      [34mexpect[39m(screen[33m.[39m[34mqueryByText[39m([32m'Loading...'[39m))[33m.[39mnot[33m.[39m[34mtoBeInTheDocument[39m()[33m;[39m

[31m[2mÔÄ»ÔÄ»ÔÄ»ÔÄ»ÔÄ»ÔÄ»ÔÄ»ÔÄ»ÔÄ»ÔÄ»ÔÄ»ÔÄ»ÔÄ»ÔÄ»ÔÄ»ÔÄ»ÔÄ»ÔÄ»ÔÄ»ÔÄ»ÔÄ»ÔÄ»ÔÄ»[3/18]ÔÄ»[22m[39m

[41m[1m FAIL [22m[49m src/e2e/full-flow.test.tsx[2m > [22mFull E2E User and Customer Flow[2m > [22mshould render the auth page and allow navigating to sign-up
[31m[1mTestingLibraryElementError[22m[39m: Unable to find an element with the text: /crear cuenta/i. This could be because the text is broken up by multiple elements. In this 
case, you can provide a function for your text matcher to make your matcher more flexible.

Ignored nodes: comments, script, style
[36m<body>[39m
  [36m<div>[39m
    [36m<div[39m
      [33mclass[39m=[32m"min-h-screen bg-brand-dark flex flex-col items-center justify-center p-6 relative overflow-hidden"[39m
    [36m>[39m
      [36m<div[39m
        [33mclass[39m=[32m"absolute top-[-10%] right-[-10%] w-[50%] h-[50%] bg-brand-pink/10 blur-[120px] rounded-full"[39m
      [36m/>[39m
      [36m<div[39m
        [33mclass[39m=[32m"absolute bottom-[-10%] left-[-10%] w-[50%] h-[50%] bg-brand-neon/10 blur-[120px] rounded-full"[39m
      [36m/>[39m
      [36m<div[39m
        [33mclass[39m=[32m"w-full max-w-md relative z-10"[39m
        [33mstyle[39m=[32m"opacity: 1; transform: none;"[39m
      [36m>[39m
        [36m<div[39m
          [33mclass[39m=[32m"text-center mb-10"[39m
        [36m>[39m
          [36m<h1[39m
            [33mclass[39m=[32m"text-4xl font-black text-white italic tracking-tighter uppercase mb-2"[39m
          [36m>[39m
            [0mTiender.[0m
          [36m</h1>[39m
          [36m<p[39m
            [33mclass[39m=[32m"text-zinc-500 text-xs font-bold uppercase tracking-widest"[39m
          [36m>[39m
            [0mEl futuro de tu tienda empieza aqu├¡[0m
          [36m</p>[39m
        [36m</div>[39m
        [36m<div[39m
          [33mclass[39m=[32m"bg-zinc-900/50 backdrop-blur-xl border border-white/5 rounded-[40px] p-8 shadow-2xl overflow-hidden relative"[39m
        [36m>[39m
          [36m<div[39m
            [33mstyle[39m=[32m"opacity: 1; transform: none;"[39m
          [36m>[39m
            [36m<div[39m
              [33mclass[39m=[32m"w-full space-y-8"[39m
            [36m>[39m
              [36m<div[39m
                [33mclass[39m=[32m"text-center"[39m
              [36m>[39m
                [36m<h2[39m
                  [33mclass[39m=[32m"text-2xl font-black text-white uppercase italic tracking-tighter"[39m
                [36m>[39m
                  [0m├Ünete a la Revoluci├│n[0m
                [36m</h2>[39m
                [36m<p[39m
                  [33mclass[39m=[32m"text-zinc-500 text-xs font-medium mt-1"[39m
                [36m>[39m
                  [0mCrea tu cuenta y empieza a vender en segundos[0m
                [36m</p>[39m
              [36m</div>[39m
              [36m<form[39m
                [33mclass[39m=[32m"space-y-6"[39m
              [36m>[39m
                [36m<div[39m
                  [33mclass[39m=[32m"space-y-6"[39m
                [36m>[39m
                  [36m<div[39m
                    [33mclass[39m=[32m"space-y-4"[39m
                  [36m>[39m
                    [36m<div[39m
                      [33mclass[39m=[32m"relative group flex flex-col"[39m
                    [36m>[39m
                      [36m<label[39m
                        [33mclass[39m=[32m"flex items-center gap-2 text-[10px] font-bold text-zinc-600 uppercase tracking-widest ml-1 mb-2"[39m
                      [36m>[39m
                        [36m<svg[39m
                          [33maria-hidden[39m=[32m"true"[39m
                          [33mclass[39m=[32m"lucide lucide-phone w-3 h-3"[39m
                          [33mfill[39m=[32m"none"[39m
                          [33mheight[39m=[32m"24"[39m
                          [33mstroke[39m=[32m"currentColor"[39m
                          [33mstroke-linecap[39m=[32m"round"[39m
                          [33mstroke-linejoin[39m=[32m"round"[39m
                          [33mstroke-width[39m=[32m"2"[39m
                          [33mviewBox[39m=[32m"0 0 24 24"[39m
                          [33mwidth[39m=[32m"24"[39m
                          [33mxmlns[39m=[32m"http://www.w3.org/2000/svg"[39m
                        [36m>[39m
                          [36m<path[39m
                            [33md[39m=[32m"M13.832 16.568a1 1 0 0 0 1.213-.303l.355-.465A2 2 0 0 1 17 15h3a2 2 0 0 1 2 2v3a2 2 0 0 1-2 2A18 18 0 0 1 2 4a2 2 0 0 1 2-2h3a2 2 0 0 
1 2 2v3a2 2 0 0 1-.8 1.6l-.468.351a1 1 0 0 0-.292 1.233 14 14 0 0 0 6.392 6.384"[39m
                          [36m/>[39m
                        [36m</svg>[39m
                        [0m WhatsApp del Negocio[0m
                      [36m</label>[39m
                      [36m<div[39m
                        [33mclass[39m=[32m"flex gap-2"[39m
                      [36m>[39m
                        [36m<select[39m
                          [33mclass[39m=[32m"w-[100px] bg-zinc-800/50 border border-white/5 rounded-2xl px-3 py-4 text-white text-xs focus:outline-none focus:ring-2 
focus:ring-brand-pink/50 transition-all appearance-none text-center font-bold"[39m
                        [36m>[39m
                          [36m<option[39m
                            [33mclass[39m=[32m"bg-zinc-900"[39m
                            [33mvalue[39m=[32m"+505"[39m
                          [36m>[39m
                            [0m­ƒç│­ƒç«[0m
                            [0m [0m
                            [0m+505[0m
                          [36m</option>[39m
                          [36m<option[39m
                            [33mclass[39m=[32m"bg-zinc-900"[39m
                            [33mvalue[39m=[32m"+52"[39m
                          [36m>[39m
                            [0m­ƒç▓­ƒç¢[0m
                            [0m [0m
                            [0m+52[0m
                          [36m</option>[39m
                          [36m<option[39m
                            [33mclass[39m=[32m"bg-zinc-900"[39m
                            [33mvalue[39m=[32m"+57"[39m
                          [36m>[39m
                            [0m­ƒç¿­ƒç┤[0m
                            [0m [0m
                            [0m+57[0m
                          [36m</option>[39m
                          [36m<option[39m
                            [33mclass[39m=[32m"bg-zinc-900"[39m
                            [33mvalue[39m=[32m"+1"[39m
                          [36m>[39m
                            [0m­ƒç║­ƒç©[0m
                            [0m [0m
                            [0m+1[0m
                          [36m</option>[39m
                          [36m<option[39m
                            [33mclass[39m=[32m"bg-zinc-900"[39m
                            [33mvalue[39m=[32m"+34"[39m
                          [36m>[39m
                            [0m­ƒç¬­ƒç©[0m
                            [0m [0m
                            [0m+34[0m
                          [36m</option>[39m
                          [36m<option[39m
                            [33mclass[39m=[32m"bg-zinc-900"[39m
                            [33mvalue[39m=[32m"+54"[39m
                          [36m>[39m
                            [0m­ƒçª­ƒçÀ[0m
                            [0m [0m
                            [0m+54[0m
   ...

Ignored nodes: comments, script, style
[36m<html>[39m
  [36m<head />[39m
  [36m<body>[39m
    [36m<div>[39m
      [36m<div[39m
        [33mclass[39m=[32m"min-h-screen bg-brand-dark flex flex-col items-center justify-center p-6 relative overflow-hidden"[39m
      [36m>[39m
        [36m<div[39m
          [33mclass[39m=[32m"absolute top-[-10%] right-[-10%] w-[50%] h-[50%] bg-brand-pink/10 blur-[120px] rounded-full"[39m
        [36m/>[39m
        [36m<div[39m
          [33mclass[39m=[32m"absolute bottom-[-10%] left-[-10%] w-[50%] h-[50%] bg-brand-neon/10 blur-[120px] rounded-full"[39m
        [36m/>[39m
        [36m<div[39m
          [33mclass[39m=[32m"w-full max-w-md relative z-10"[39m
          [33mstyle[39m=[32m"opacity: 1; transform: none;"[39m
        [36m>[39m
          [36m<div[39m
            [33mclass[39m=[32m"text-center mb-10"[39m
          [36m>[39m
            [36m<h1[39m
              [33mclass[39m=[32m"text-4xl font-black text-white italic tracking-tighter uppercase mb-2"[39m
            [36m>[39m
              [0mTiender.[0m
            [36m</h1>[39m
            [36m<p[39m
              [33mclass[39m=[32m"text-zinc-500 text-xs font-bold uppercase tracking-widest"[39m
            [36m>[39m
              [0mEl futuro de tu tienda empieza aqu├¡[0m
            [36m</p>[39m
          [36m</div>[39m
          [36m<div[39m
            [33mclass[39m=[32m"bg-zinc-900/50 backdrop-blur-xl border border-white/5 rounded-[40px] p-8 shadow-2xl overflow-hidden relative"[39m
          [36m>[39m
            [36m<div[39m
              [33mstyle[39m=[32m"opacity: 1; transform: none;"[39m
            [36m>[39m
              [36m<div[39m
                [33mclass[39m=[32m"w-full space-y-8"[39m
              [36m>[39m
                [36m<div[39m
                  [33mclass[39m=[32m"text-center"[39m
                [36m>[39m
                  [36m<h2[39m
                    [33mclass[39m=[32m"text-2xl font-black text-white uppercase italic tracking-tighter"[39m
                  [36m>[39m
                    [0m├Ünete a la Revoluci├│n[0m
                  [36m</h2>[39m
                  [36m<p[39m
                    [33mclass[39m=[32m"text-zinc-500 text-xs font-medium mt-1"[39m
                  [36m>[39m
                    [0mCrea tu cuenta y empieza a vender en segundos[0m
                  [36m</p>[39m
                [36m</div>[39m
                [36m<form[39m
                  [33mclass[39m=[32m"space-y-6"[39m
                [36m>[39m
                  [36m<div[39m
                    [33mclass[39m=[32m"space-y-6"[39m
                  [36m>[39m
                    [36m<div[39m
                      [33mclass[39m=[32m"space-y-4"[39m
                    [36m>[39m
                      [36m<div[39m
                        [33mclass[39m=[32m"relative group flex flex-col"[39m
                      [36m>[39m
                        [36m<label[39m
                          [33mclass[39m=[32m"flex items-center gap-2 text-[10px] font-bold text-zinc-600 uppercase tracking-widest ml-1 mb-2"[39m
                        [36m>[39m
                          [36m<svg[39m
                            [33maria-hidden[39m=[32m"true"[39m
                            [33mclass[39m=[32m"lucide lucide-phone w-3 h-3"[39m
                            [33mfill[39m=[32m"none"[39m
                            [33mheight[39m=[32m"24"[39m
                            [33mstroke[39m=[32m"currentColor"[39m
                            [33mstroke-linecap[39m=[32m"round"[39m
                            [33mstroke-linejoin[39m=[32m"round"[39m
                            [33mstroke-width[39m=[32m"2"[39m
                            [33mviewBox[39m=[32m"0 0 24 24"[39m
                            [33mwidth[39m=[32m"24"[39m
                            [33mxmlns[39m=[32m"http://www.w3.org/2000/svg"[39m
                          [36m>[39m
                            [36m<path[39m
                              [33md[39m=[32m"M13.832 16.568a1 1 0 0 0 1.213-.303l.355-.465A2 2 0 0 1 17 15h3a2 2 0 0 1 2 2v3a2 2 0 0 1-2 2A18 18 0 0 1 2 4a2 2 0 0 1 2-2h3a2 2 0 
0 1 2 2v3a2 2 0 0 1-.8 1.6l-.468.351a1 1 0 0 0-.292 1.233 14 14 0 0 0 6.392 6.384"[39m
                            [36m/>[39m
                          [36m</svg>[39m
                          [0m WhatsApp del Negocio[0m
                        [36m</label>[39m
                        [36m<div[39m
                          [33mclass[39m=[32m"flex gap-2"[39m
                        [36m>[39m
                          [36m<select[39m
                            [33mclass[39m=[32m"w-[100px] bg-zinc-800/50 border border-white/5 rounded-2xl px-3 py-4 text-white text-xs focus:outline-none focus:ring-2 
focus:ring-brand-pink/50 transition-all appearance-none text-center font-bold"[39m
                          [36m>[39m
                            [36m<option[39m
                              [33mclass[39m=[32m"bg-zinc-900"[39m
                              [33mvalue[39m=[32m"+505"[39m
                            [36m>[39m
                              [0m­ƒç│­ƒç«[0m
                              [0m [0m
                              [0m+505[0m
                            [36m</option>[39m
                            [36m<option[39m
                              [33mclass[39m=[32m"bg-zinc-900"[39m
                              [33mvalue[39m=[32m"+52"[39m
                            [36m>[39m
                              [0m­ƒç▓­ƒç¢[0m
                              [0m [0m
                              [0m+52[0m
                            [36m</option>[39m
                            [36m<option[39m
                              [33mclass[39m=[32m"bg-zinc-900"[39m
                              [33mvalue[39m=[32m"+57"[39m
                            [36m>[39m
                              [0m­ƒç¿­ƒç┤[0m
                              [0m [0m
                              [0m+57[0m
                            [36m</option>[39m
                            [36m<option[39m
                              [33mclass[39m=[32m"bg-zinc-900"[39m
                              [33mvalue[39m=[32m"+1"[39m
                            [36m>[39m
                              [0m­ƒç║­ƒç©[0m
                              [0m [0m
                              [0m+1[0m
                            [36m</option>[39m
                            [36m<option[39m
                              [33mclass[39m=[32m"bg-zinc-900"[39m
                              [33mvalue[39m=[32m"+34"[39m
                            [36m>[39m
                              [0m­ƒç¬­ƒç©[0m
                              [0m [0m
                              [0m+34[0m
                            [36m</option>[39m
                            [...
[90m [2mÔØ»[22m Proxy.waitForWrapper node_modules/@testing-library/dom/dist/wait-for.js:[2m163:27[22m[39m
[36m [2mÔØ»[22m src/e2e/full-flow.test.tsx:[2m107:15[22m[39m
    [90m105| [39m
    [90m106| [39m        [90m// Auth page should be rendered when not authenticated[39m
    [90m107| [39m        [35mawait[39m [34mwaitFor[39m(() [33m=>[39m {
    [90m   | [39m              [31m^[39m
    [90m108| [39m            // SignUpForm should be visible since AuthPage defaults toÔÇª
    [90m109| [39m            [35mconst[39m authContent [33m=[39m screen[33m.[39m[34mgetByText[39m([36m/crear cuenta/i[39m)[33m;[39m

[31m[2mÔÄ»ÔÄ»ÔÄ»ÔÄ»ÔÄ»ÔÄ»ÔÄ»ÔÄ»ÔÄ»ÔÄ»ÔÄ»ÔÄ»ÔÄ»ÔÄ»ÔÄ»ÔÄ»ÔÄ»ÔÄ»ÔÄ»ÔÄ»ÔÄ»ÔÄ»ÔÄ»[4/18]ÔÄ»[22m[39m

[41m[1m FAIL [22m[49m src/e2e/full-flow.test.tsx[2m > [22mFull E2E User and Customer Flow[2m > [22mshould render dashboard when authenticated with active subscription
[31m[1mTestingLibraryElementError[22m[39m: Unable to find an element with the text: Panel del Vendedor. This could be because the text is broken up by multiple elements. In 
this case, you can provide a function for your text matcher to make your matcher more flexible.

Ignored nodes: comments, script, style
[36m<body>[39m
  [36m<div>[39m
    [36m<div[39m
      [33mclass[39m=[32m"min-h-screen bg-brand-dark text-white selection:bg-brand-neon/30 pb-12"[39m
    [36m>[39m
      [36m<div[39m
        [33mclass[39m=[32m"max-w-6xl mx-auto px-6 pt-10"[39m
      [36m>[39m
        [36m<div[39m
          [33mclass[39m=[32m"flex justify-between items-center mb-12"[39m
        [36m>[39m
          [36m<div[39m
            [33mclass[39m=[32m"flex items-center gap-3"[39m
          [36m>[39m
            [36m<div[39m
              [33mclass[39m=[32m"p-2 bg-brand-neon rounded-xl"[39m
            [36m>[39m
              [36m<svg[39m
                [33maria-hidden[39m=[32m"true"[39m
                [33mclass[39m=[32m"lucide lucide-layout-dashboard w-6 h-6 text-brand-dark"[39m
                [33mfill[39m=[32m"none"[39m
                [33mheight[39m=[32m"24"[39m
                [33mstroke[39m=[32m"currentColor"[39m
                [33mstroke-linecap[39m=[32m"round"[39m
                [33mstroke-linejoin[39m=[32m"round"[39m
                [33mstroke-width[39m=[32m"2"[39m
                [33mviewBox[39m=[32m"0 0 24 24"[39m
                [33mwidth[39m=[32m"24"[39m
                [33mxmlns[39m=[32m"http://www.w3.org/2000/svg"[39m
              [36m>[39m
                [36m<rect[39m
                  [33mheight[39m=[32m"9"[39m
                  [33mrx[39m=[32m"1"[39m
                  [33mwidth[39m=[32m"7"[39m
                  [33mx[39m=[32m"3"[39m
                  [33my[39m=[32m"3"[39m
                [36m/>[39m
                [36m<rect[39m
                  [33mheight[39m=[32m"5"[39m
                  [33mrx[39m=[32m"1"[39m
                  [33mwidth[39m=[32m"7"[39m
                  [33mx[39m=[32m"14"[39m
                  [33my[39m=[32m"3"[39m
                [36m/>[39m
                [36m<rect[39m
                  [33mheight[39m=[32m"9"[39m
                  [33mrx[39m=[32m"1"[39m
                  [33mwidth[39m=[32m"7"[39m
                  [33mx[39m=[32m"14"[39m
                  [33my[39m=[32m"12"[39m
                [36m/>[39m
                [36m<rect[39m
                  [33mheight[39m=[32m"5"[39m
                  [33mrx[39m=[32m"1"[39m
                  [33mwidth[39m=[32m"7"[39m
                  [33mx[39m=[32m"3"[39m
                  [33my[39m=[32m"16"[39m
                [36m/>[39m
              [36m</svg>[39m
            [36m</div>[39m
            [36m<h1[39m
              [33mclass[39m=[32m"text-2xl font-black tracking-tighter uppercase italic"[39m
            [36m>[39m
              [0mCentro de Mando[0m
            [36m</h1>[39m
          [36m</div>[39m
          [36m<button[39m
            [33mclass[39m=[32m"p-3 bg-zinc-900 border border-white/5 rounded-2xl hover:bg-zinc-800 transition-all group"[39m
          [36m>[39m
            [36m<svg[39m
              [33maria-hidden[39m=[32m"true"[39m
              [33mclass[39m=[32m"lucide lucide-menu w-6 h-6 text-zinc-400 group-hover:text-white"[39m
              [33mfill[39m=[32m"none"[39m
              [33mheight[39m=[32m"24"[39m
              [33mstroke[39m=[32m"currentColor"[39m
              [33mstroke-linecap[39m=[32m"round"[39m
              [33mstroke-linejoin[39m=[32m"round"[39m
              [33mstroke-width[39m=[32m"2"[39m
              [33mviewBox[39m=[32m"0 0 24 24"[39m
              [33mwidth[39m=[32m"24"[39m
              [33mxmlns[39m=[32m"http://www.w3.org/2000/svg"[39m
            [36m>[39m
              [36m<path[39m
                [33md[39m=[32m"M4 5h16"[39m
              [36m/>[39m
              [36m<path[39m
                [33md[39m=[32m"M4 12h16"[39m
              [36m/>[39m
              [36m<path[39m
                [33md[39m=[32m"M4 19h16"[39m
              [36m/>[39m
            [36m</svg>[39m
          [36m</button>[39m
        [36m</div>[39m
        [36m<div[39m
          [33mclass[39m=[32m"w-full text-left space-y-8"[39m
          [33mstyle[39m=[32m"opacity: 0; transform: translateY(10px);"[39m
        [36m>[39m
          [36m<div[39m
            [33mclass[39m=[32m"flex flex-col lg:flex-row lg:items-center justify-between gap-6 p-6 rounded-[30px] bg-zinc-900 border border-white/5 relative overflow-hidden"[39m
          [36m>[39m
            [36m<div[39m
              [33mclass[39m=[32m"absolute top-0 right-0 w-64 h-64 bg-brand-neon/5 blur-[100px] -z-10"[39m
            [36m/>[39m
            [36m<div[39m
              [33mclass[39m=[32m"flex items-center space-x-6"[39m
            [36m>[39m
              [36m<div[39m
                [33mclass[39m=[32m"relative group"[39m
              [36m>[39m
                [36m<div[39m
                  [33mclass[39m=[32m"absolute inset-0 bg-sunset-gradient opacity-0 group-hover:opacity-20 blur-md transition-opacity rounded-full"[39m
                [36m/>[39m
                [36m<div[39m
                  [33mclass[39m=[32m"h-16 w-16 bg-zinc-800 rounded-full flex items-center justify-center border-2 border-white/10 ring-4 ring-black shadow-2xl"[39m
                [36m>[39m
                  [36m<svg[39m
                    [33maria-hidden[39m=[32m"true"[39m
                    [33mclass[39m=[32m"lucide lucide-package-open w-8 h-8 text-zinc-600"[39m
                    [33mfill[39m=[32m"none"[39m
                    [33mheight[39m=[32m"24"[39m
                    [33mstroke[39m=[32m"currentColor"[39m
                    [33mstroke-linecap[39m=[32m"round"[39m
                    [33mstroke-linejoin[39m=[32m"round"[39m
                    [33mstroke-width[39m=[32m"2"[39m
                    [33mviewBox[39m=[32m"0 0 24 24"[39m
                    [33mwidth[39m=[32m"24"[39m
                    [33mxmlns[39m=[32m"http://www.w3.org/2000/svg"[39m
                  [36m>[39m
                    [36m<path[39m
                      [33md[39m=[32m"M12 22v-9"[39m
                    [36m/>[39m
                    [36m<path[39m
                      [33md[39m=[32m"M15.17 2.21a1.67 1.67 0 0 1 1.63 0L21 4.57a1.93 1.93 0 0 1 0 3.36L8.82 14.79a1.655 1.655 0 0 1-1.64 0L3 12.43a1.93 1.93 0 0 1 0-3.36z"[39m
                    [36m/>[39m
                    [36m<path[39m
                      [33md[39m=[32m"M20 13v3.87a2.06 2.06 0 0 1-1.11 1.83l-6 3.08a1.93 1.93 0 0 1-1.78 0l-6-3.08A2.06 2.06 0 0 1 4 16.87V13"[39m
                    [36m/>[39m
                    [36m<path[39m
                      [33md[39m=[32m"M21 12.43a1.93 1.93 0 0 0 0-3.36L8.83 2.2a1.64 1.64 0 0 0-1.63 0L3 4.57a1.93 1.93 0 0 0 0 3.36l12.18 6.86a1.636 1.636 0 0 0 1.63 0z"[39m
                    [36m/>[39m
                  [36m</svg>[39m
                [36m</div>[39m
 ...

Ignored nodes: comments, script, style
[36m<html>[39m
  [36m<head />[39m
  [36m<body>[39m
    [36m<div>[39m
      [36m<div[39m
        [33mclass[39m=[32m"min-h-screen bg-brand-dark text-white selection:bg-brand-neon/30 pb-12"[39m
      [36m>[39m
        [36m<div[39m
          [33mclass[39m=[32m"max-w-6xl mx-auto px-6 pt-10"[39m
        [36m>[39m
          [36m<div[39m
            [33mclass[39m=[32m"flex justify-between items-center mb-12"[39m
          [36m>[39m
            [36m<div[39m
              [33mclass[39m=[32m"flex items-center gap-3"[39m
            [36m>[39m
              [36m<div[39m
                [33mclass[39m=[32m"p-2 bg-brand-neon rounded-xl"[39m
              [36m>[39m
                [36m<svg[39m
                  [33maria-hidden[39m=[32m"true"[39m
                  [33mclass[39m=[32m"lucide lucide-layout-dashboard w-6 h-6 text-brand-dark"[39m
                  [33mfill[39m=[32m"none"[39m
                  [33mheight[39m=[32m"24"[39m
                  [33mstroke[39m=[32m"currentColor"[39m
                  [33mstroke-linecap[39m=[32m"round"[39m
                  [33mstroke-linejoin[39m=[32m"round"[39m
                  [33mstroke-width[39m=[32m"2"[39m
                  [33mviewBox[39m=[32m"0 0 24 24"[39m
                  [33mwidth[39m=[32m"24"[39m
                  [33mxmlns[39m=[32m"http://www.w3.org/2000/svg"[39m
                [36m>[39m
                  [36m<rect[39m
                    [33mheight[39m=[32m"9"[39m
                    [33mrx[39m=[32m"1"[39m
                    [33mwidth[39m=[32m"7"[39m
                    [33mx[39m=[32m"3"[39m
                    [33my[39m=[32m"3"[39m
                  [36m/>[39m
                  [36m<rect[39m
                    [33mheight[39m=[32m"5"[39m
                    [33mrx[39m=[32m"1"[39m
                    [33mwidth[39m=[32m"7"[39m
                    [33mx[39m=[32m"14"[39m
                    [33my[39m=[32m"3"[39m
                  [36m/>[39m
                  [36m<rect[39m
                    [33mheight[39m=[32m"9"[39m
                    [33mrx[39m=[32m"1"[39m
                    [33mwidth[39m=[32m"7"[39m
                    [33mx[39m=[32m"14"[39m
                    [33my[39m=[32m"12"[39m
                  [36m/>[39m
                  [36m<rect[39m
                    [33mheight[39m=[32m"5"[39m
                    [33mrx[39m=[32m"1"[39m
                    [33mwidth[39m=[32m"7"[39m
                    [33mx[39m=[32m"3"[39m
                    [33my[39m=[32m"16"[39m
                  [36m/>[39m
                [36m</svg>[39m
              [36m</div>[39m
              [36m<h1[39m
                [33mclass[39m=[32m"text-2xl font-black tracking-tighter uppercase italic"[39m
              [36m>[39m
                [0mCentro de Mando[0m
              [36m</h1>[39m
            [36m</div>[39m
            [36m<button[39m
              [33mclass[39m=[32m"p-3 bg-zinc-900 border border-white/5 rounded-2xl hover:bg-zinc-800 transition-all group"[39m
            [36m>[39m
              [36m<svg[39m
                [33maria-hidden[39m=[32m"true"[39m
                [33mclass[39m=[32m"lucide lucide-menu w-6 h-6 text-zinc-400 group-hover:text-white"[39m
                [33mfill[39m=[32m"none"[39m
                [33mheight[39m=[32m"24"[39m
                [33mstroke[39m=[32m"currentColor"[39m
                [33mstroke-linecap[39m=[32m"round"[39m
                [33mstroke-linejoin[39m=[32m"round"[39m
                [33mstroke-width[39m=[32m"2"[39m
                [33mviewBox[39m=[32m"0 0 24 24"[39m
                [33mwidth[39m=[32m"24"[39m
                [33mxmlns[39m=[32m"http://www.w3.org/2000/svg"[39m
              [36m>[39m
                [36m<path[39m
                  [33md[39m=[32m"M4 5h16"[39m
                [36m/>[39m
                [36m<path[39m
                  [33md[39m=[32m"M4 12h16"[39m
                [36m/>[39m
                [36m<path[39m
                  [33md[39m=[32m"M4 19h16"[39m
                [36m/>[39m
              [36m</svg>[39m
            [36m</button>[39m
          [36m</div>[39m
          [36m<div[39m
            [33mclass[39m=[32m"w-full text-left space-y-8"[39m
            [33mstyle[39m=[32m"opacity: 0; transform: translateY(10px);"[39m
          [36m>[39m
            [36m<div[39m
              [33mclass[39m=[32m"flex flex-col lg:flex-row lg:items-center justify-between gap-6 p-6 rounded-[30px] bg-zinc-900 border border-white/5 relative 
overflow-hidden"[39m
            [36m>[39m
              [36m<div[39m
                [33mclass[39m=[32m"absolute top-0 right-0 w-64 h-64 bg-brand-neon/5 blur-[100px] -z-10"[39m
              [36m/>[39m
              [36m<div[39m
                [33mclass[39m=[32m"flex items-center space-x-6"[39m
              [36m>[39m
                [36m<div[39m
                  [33mclass[39m=[32m"relative group"[39m
                [36m>[39m
                  [36m<div[39m
                    [33mclass[39m=[32m"absolute inset-0 bg-sunset-gradient opacity-0 group-hover:opacity-20 blur-md transition-opacity rounded-full"[39m
                  [36m/>[39m
                  [36m<div[39m
                    [33mclass[39m=[32m"h-16 w-16 bg-zinc-800 rounded-full flex items-center justify-center border-2 border-white/10 ring-4 ring-black shadow-2xl"[39m
                  [36m>[39m
                    [36m<svg[39m
                      [33maria-hidden[39m=[32m"true"[39m
                      [33mclass[39m=[32m"lucide lucide-package-open w-8 h-8 text-zinc-600"[39m
                      [33mfill[39m=[32m"none"[39m
                      [33mheight[39m=[32m"24"[39m
                      [33mstroke[39m=[32m"currentColor"[39m
                      [33mstroke-linecap[39m=[32m"round"[39m
                      [33mstroke-linejoin[39m=[32m"round"[39m
                      [33mstroke-width[39m=[32m"2"[39m
                      [33mviewBox[39m=[32m"0 0 24 24"[39m
                      [33mwidth[39m=[32m"24"[39m
                      [33mxmlns[39m=[32m"http://www.w3.org/2000/svg"[39m
                    [36m>[39m
                      [36m<path[39m
                        [33md[39m=[32m"M12 22v-9"[39m
                      [36m/>[39m
                      [36m<path[39m
                        [33md[39m=[32m"M15.17 2.21a1.67 1.67 0 0 1 1.63 0L21 4.57a1.93 1.93 0 0 1 0 3.36L8.82 14.79a1.655 1.655 0 0 1-1.64 0L3 12.43a1.93 1.93 0 0 1 0-3.36z"[39m
                      [36m/>[39m
                      [36m<path[39m
                        [33md[39m=[32m"M20 13v3.87a2.06 2.06 0 0 1-1.11 1.83l-6 3.08a1.93 1.93 0 0 1-1.78 0l-6-3.08A2.06 2.06 0 0 1 4 16.87V13"[39m
                      [36m/>[39m
  ...
[90m [2mÔØ»[22m Proxy.waitForWrapper node_modules/@testing-library/dom/dist/wait-for.js:[2m163:27[22m[39m
[36m [2mÔØ»[22m src/e2e/full-flow.test.tsx:[2m130:15[22m[39m
    [90m128| [39m        )[33m;[39m
    [90m129| [39m
    [90m130| [39m        [35mawait[39m [34mwaitFor[39m(() [33m=>[39m {
    [90m   | [39m              [31m^[39m
    [90m131| [39m            expect(screen.getByText('Panel del Vendedor')).toBeInTheDoÔÇª
    [90m132| [39m        })[33m;[39m

[31m[2mÔÄ»ÔÄ»ÔÄ»ÔÄ»ÔÄ»ÔÄ»ÔÄ»ÔÄ»ÔÄ»ÔÄ»ÔÄ»ÔÄ»ÔÄ»ÔÄ»ÔÄ»ÔÄ»ÔÄ»ÔÄ»ÔÄ»ÔÄ»ÔÄ»ÔÄ»ÔÄ»[5/18]ÔÄ»[22m[39m

[41m[1m FAIL [22m[49m src/e2e/product-links.test.tsx[2m > [22mProduct Links E2E Flow[2m > [22mallows user to add links to a product via the edit form
[31m[1mTestingLibraryElementError[22m[39m: Unable to find an element with the text: Editar. This could be because the text is broken up by multiple elements. In this case, you 
can provide a function for your text matcher to make your matcher more flexible.

Ignored nodes: comments, script, style
[36m<body>[39m
  [36m<div>[39m
    [36m<div[39m
      [33mclass[39m=[32m"min-h-screen bg-brand-dark text-white selection:bg-brand-neon/30 pb-12"[39m
    [36m>[39m
      [36m<div[39m
        [33mclass[39m=[32m"max-w-6xl mx-auto px-6 pt-10"[39m
      [36m>[39m
        [36m<div[39m
          [33mclass[39m=[32m"flex justify-between items-center mb-12"[39m
        [36m>[39m
          [36m<div[39m
            [33mclass[39m=[32m"flex items-center gap-3"[39m
          [36m>[39m
            [36m<div[39m
              [33mclass[39m=[32m"p-2 bg-brand-neon rounded-xl"[39m
            [36m>[39m
              [36m<svg[39m
                [33maria-hidden[39m=[32m"true"[39m
                [33mclass[39m=[32m"lucide lucide-layout-dashboard w-6 h-6 text-brand-dark"[39m
                [33mfill[39m=[32m"none"[39m
                [33mheight[39m=[32m"24"[39m
                [33mstroke[39m=[32m"currentColor"[39m
                [33mstroke-linecap[39m=[32m"round"[39m
                [33mstroke-linejoin[39m=[32m"round"[39m
                [33mstroke-width[39m=[32m"2"[39m
                [33mviewBox[39m=[32m"0 0 24 24"[39m
                [33mwidth[39m=[32m"24"[39m
                [33mxmlns[39m=[32m"http://www.w3.org/2000/svg"[39m
              [36m>[39m
                [36m<rect[39m
                  [33mheight[39m=[32m"9"[39m
                  [33mrx[39m=[32m"1"[39m
                  [33mwidth[39m=[32m"7"[39m
                  [33mx[39m=[32m"3"[39m
                  [33my[39m=[32m"3"[39m
                [36m/>[39m
                [36m<rect[39m
                  [33mheight[39m=[32m"5"[39m
                  [33mrx[39m=[32m"1"[39m
                  [33mwidth[39m=[32m"7"[39m
                  [33mx[39m=[32m"14"[39m
                  [33my[39m=[32m"3"[39m
                [36m/>[39m
                [36m<rect[39m
                  [33mheight[39m=[32m"9"[39m
                  [33mrx[39m=[32m"1"[39m
                  [33mwidth[39m=[32m"7"[39m
                  [33mx[39m=[32m"14"[39m
                  [33my[39m=[32m"12"[39m
                [36m/>[39m
                [36m<rect[39m
                  [33mheight[39m=[32m"5"[39m
                  [33mrx[39m=[32m"1"[39m
                  [33mwidth[39m=[32m"7"[39m
                  [33mx[39m=[32m"3"[39m
                  [33my[39m=[32m"16"[39m
                [36m/>[39m
              [36m</svg>[39m
            [36m</div>[39m
            [36m<h1[39m
              [33mclass[39m=[32m"text-2xl font-black tracking-tighter uppercase italic"[39m
            [36m>[39m
              [0mCentro de Mando[0m
            [36m</h1>[39m
          [36m</div>[39m
          [36m<button[39m
            [33mclass[39m=[32m"p-3 bg-zinc-900 border border-white/5 rounded-2xl hover:bg-zinc-800 transition-all group"[39m
          [36m>[39m
            [36m<svg[39m
              [33maria-hidden[39m=[32m"true"[39m
              [33mclass[39m=[32m"lucide lucide-menu w-6 h-6 text-zinc-400 group-hover:text-white"[39m
              [33mfill[39m=[32m"none"[39m
              [33mheight[39m=[32m"24"[39m
              [33mstroke[39m=[32m"currentColor"[39m
              [33mstroke-linecap[39m=[32m"round"[39m
              [33mstroke-linejoin[39m=[32m"round"[39m
              [33mstroke-width[39m=[32m"2"[39m
              [33mviewBox[39m=[32m"0 0 24 24"[39m
              [33mwidth[39m=[32m"24"[39m
              [33mxmlns[39m=[32m"http://www.w3.org/2000/svg"[39m
            [36m>[39m
              [36m<path[39m
                [33md[39m=[32m"M4 5h16"[39m
              [36m/>[39m
              [36m<path[39m
                [33md[39m=[32m"M4 12h16"[39m
              [36m/>[39m
              [36m<path[39m
                [33md[39m=[32m"M4 19h16"[39m
              [36m/>[39m
            [36m</svg>[39m
          [36m</button>[39m
        [36m</div>[39m
        [36m<div[39m
          [33mclass[39m=[32m"w-full text-left space-y-8"[39m
          [33mstyle[39m=[32m"opacity: 0; transform: translateY(10px);"[39m
        [36m>[39m
          [36m<div[39m
            [33mclass[39m=[32m"flex flex-col lg:flex-row lg:items-center justify-between gap-6 p-6 rounded-[30px] bg-zinc-900 border border-white/5 relative overflow-hidden"[39m
          [36m>[39m
            [36m<div[39m
              [33mclass[39m=[32m"absolute top-0 right-0 w-64 h-64 bg-brand-neon/5 blur-[100px] -z-10"[39m
            [36m/>[39m
            [36m<div[39m
              [33mclass[39m=[32m"flex items-center space-x-6"[39m
            [36m>[39m
              [36m<div[39m
                [33mclass[39m=[32m"relative group"[39m
              [36m>[39m
                [36m<div[39m
                  [33mclass[39m=[32m"absolute inset-0 bg-sunset-gradient opacity-0 group-hover:opacity-20 blur-md transition-opacity rounded-full"[39m
                [36m/>[39m
                [36m<div[39m
                  [33mclass[39m=[32m"h-16 w-16 bg-zinc-800 rounded-full flex items-center justify-center border-2 border-white/10 ring-4 ring-black shadow-2xl"[39m
                [36m>[39m
                  [36m<svg[39m
                    [33maria-hidden[39m=[32m"true"[39m
                    [33mclass[39m=[32m"lucide lucide-package-open w-8 h-8 text-zinc-600"[39m
                    [33mfill[39m=[32m"none"[39m
                    [33mheight[39m=[32m"24"[39m
                    [33mstroke[39m=[32m"currentColor"[39m
                    [33mstroke-linecap[39m=[32m"round"[39m
                    [33mstroke-linejoin[39m=[32m"round"[39m
                    [33mstroke-width[39m=[32m"2"[39m
                    [33mviewBox[39m=[32m"0 0 24 24"[39m
                    [33mwidth[39m=[32m"24"[39m
                    [33mxmlns[39m=[32m"http://www.w3.org/2000/svg"[39m
                  [36m>[39m
                    [36m<path[39m
                      [33md[39m=[32m"M12 22v-9"[39m
                    [36m/>[39m
                    [36m<path[39m
                      [33md[39m=[32m"M15.17 2.21a1.67 1.67 0 0 1 1.63 0L21 4.57a1.93 1.93 0 0 1 0 3.36L8.82 14.79a1.655 1.655 0 0 1-1.64 0L3 12.43a1.93 1.93 0 0 1 0-3.36z"[39m
                    [36m/>[39m
                    [36m<path[39m
                      [33md[39m=[32m"M20 13v3.87a2.06 2.06 0 0 1-1.11 1.83l-6 3.08a1.93 1.93 0 0 1-1.78 0l-6-3.08A2.06 2.06 0 0 1 4 16.87V13"[39m
                    [36m/>[39m
                    [36m<path[39m
                      [33md[39m=[32m"M21 12.43a1.93 1.93 0 0 0 0-3.36L8.83 2.2a1.64 1.64 0 0 0-1.63 0L3 4.57a1.93 1.93 0 0 0 0 3.36l12.18 6.86a1.636 1.636 0 0 0 1.63 0z"[39m
                    [36m/>[39m
                  [36m</svg>[39m
                [36m</div>[39m
 ...
[90m [2mÔØ»[22m Object.getElementError node_modules/@testing-library/dom/dist/config.js:[2m37:19[22m[39m
[90m [2mÔØ»[22m node_modules/@testing-library/dom/dist/query-helpers.js:[2m76:38[22m[39m
[90m [2mÔØ»[22m node_modules/@testing-library/dom/dist/query-helpers.js:[2m52:17[22m[39m
[90m [2mÔØ»[22m node_modules/@testing-library/dom/dist/query-helpers.js:[2m95:19[22m[39m
[36m [2mÔØ»[22m src/e2e/product-links.test.tsx:[2m104:31[22m[39m
    [90m102| [39m
    [90m103| [39m    [90m// Click "Editar" button on the product[39m
    [90m104| [39m    [35mconst[39m editButton [33m=[39m screen[33m.[39m[34mgetByText[39m([32m'Editar'[39m)[33m;[39m
    [90m   | [39m                              [31m^[39m
    [90m105| [39m    fireEvent[33m.[39m[34mclick[39m(editButton)[33m;[39m
    [90m106| [39m

[31m[2mÔÄ»ÔÄ»ÔÄ»ÔÄ»ÔÄ»ÔÄ»ÔÄ»ÔÄ»ÔÄ»ÔÄ»ÔÄ»ÔÄ»ÔÄ»ÔÄ»ÔÄ»ÔÄ»ÔÄ»ÔÄ»ÔÄ»ÔÄ»ÔÄ»ÔÄ»ÔÄ»[6/18]ÔÄ»[22m[39m

[41m[1m FAIL [22m[49m src/e2e/suscripcion-flow.test.tsx[2m > [22mFlujo de Suscripci├│n E2E en Dashboard[2m > [22mdeber├¡a mejorar el plan y reflejar el cambio en la UI
[31m[1mTestingLibraryElementError[22m[39m: Unable to find an element with the text: Panel del Vendedor. This could be because the text is broken up by multiple elements. In 
this case, you can provide a function for your text matcher to make your matcher more flexible.

Ignored nodes: comments, script, style
[36m<body>[39m
  [36m<div>[39m
    [36m<div[39m
      [33mclass[39m=[32m"min-h-screen bg-brand-dark text-white selection:bg-brand-neon/30 pb-12"[39m
    [36m>[39m
      [36m<div[39m
        [33mclass[39m=[32m"max-w-6xl mx-auto px-6 pt-10"[39m
      [36m>[39m
        [36m<div[39m
          [33mclass[39m=[32m"flex justify-between items-center mb-12"[39m
        [36m>[39m
          [36m<div[39m
            [33mclass[39m=[32m"flex items-center gap-3"[39m
          [36m>[39m
            [36m<div[39m
              [33mclass[39m=[32m"p-2 bg-brand-neon rounded-xl"[39m
            [36m>[39m
              [36m<svg[39m
                [33maria-hidden[39m=[32m"true"[39m
                [33mclass[39m=[32m"lucide lucide-layout-dashboard w-6 h-6 text-brand-dark"[39m
                [33mfill[39m=[32m"none"[39m
                [33mheight[39m=[32m"24"[39m
                [33mstroke[39m=[32m"currentColor"[39m
                [33mstroke-linecap[39m=[32m"round"[39m
                [33mstroke-linejoin[39m=[32m"round"[39m
                [33mstroke-width[39m=[32m"2"[39m
                [33mviewBox[39m=[32m"0 0 24 24"[39m
                [33mwidth[39m=[32m"24"[39m
                [33mxmlns[39m=[32m"http://www.w3.org/2000/svg"[39m
              [36m>[39m
                [36m<rect[39m
                  [33mheight[39m=[32m"9"[39m
                  [33mrx[39m=[32m"1"[39m
                  [33mwidth[39m=[32m"7"[39m
                  [33mx[39m=[32m"3"[39m
                  [33my[39m=[32m"3"[39m
                [36m/>[39m
                [36m<rect[39m
                  [33mheight[39m=[32m"5"[39m
                  [33mrx[39m=[32m"1"[39m
                  [33mwidth[39m=[32m"7"[39m
                  [33mx[39m=[32m"14"[39m
                  [33my[39m=[32m"3"[39m
                [36m/>[39m
                [36m<rect[39m
                  [33mheight[39m=[32m"9"[39m
                  [33mrx[39m=[32m"1"[39m
                  [33mwidth[39m=[32m"7"[39m
                  [33mx[39m=[32m"14"[39m
                  [33my[39m=[32m"12"[39m
                [36m/>[39m
                [36m<rect[39m
                  [33mheight[39m=[32m"5"[39m
                  [33mrx[39m=[32m"1"[39m
                  [33mwidth[39m=[32m"7"[39m
                  [33mx[39m=[32m"3"[39m
                  [33my[39m=[32m"16"[39m
                [36m/>[39m
              [36m</svg>[39m
            [36m</div>[39m
            [36m<h1[39m
              [33mclass[39m=[32m"text-2xl font-black tracking-tighter uppercase italic"[39m
            [36m>[39m
              [0mCentro de Mando[0m
            [36m</h1>[39m
          [36m</div>[39m
          [36m<button[39m
            [33mclass[39m=[32m"p-3 bg-zinc-900 border border-white/5 rounded-2xl hover:bg-zinc-800 transition-all group"[39m
          [36m>[39m
            [36m<svg[39m
              [33maria-hidden[39m=[32m"true"[39m
              [33mclass[39m=[32m"lucide lucide-menu w-6 h-6 text-zinc-400 group-hover:text-white"[39m
              [33mfill[39m=[32m"none"[39m
              [33mheight[39m=[32m"24"[39m
              [33mstroke[39m=[32m"currentColor"[39m
              [33mstroke-linecap[39m=[32m"round"[39m
              [33mstroke-linejoin[39m=[32m"round"[39m
              [33mstroke-width[39m=[32m"2"[39m
              [33mviewBox[39m=[32m"0 0 24 24"[39m
              [33mwidth[39m=[32m"24"[39m
              [33mxmlns[39m=[32m"http://www.w3.org/2000/svg"[39m
            [36m>[39m
              [36m<path[39m
                [33md[39m=[32m"M4 5h16"[39m
              [36m/>[39m
              [36m<path[39m
                [33md[39m=[32m"M4 12h16"[39m
              [36m/>[39m
              [36m<path[39m
                [33md[39m=[32m"M4 19h16"[39m
              [36m/>[39m
            [36m</svg>[39m
          [36m</button>[39m
        [36m</div>[39m
        [36m<div[39m
          [33mclass[39m=[32m"w-full text-left space-y-8"[39m
          [33mstyle[39m=[32m"opacity: 0; transform: translateY(10px);"[39m
        [36m>[39m
          [36m<div[39m
            [33mclass[39m=[32m"flex flex-col lg:flex-row lg:items-center justify-between gap-6 p-6 rounded-[30px] bg-zinc-900 border border-white/5 relative overflow-hidden"[39m
          [36m>[39m
            [36m<div[39m
              [33mclass[39m=[32m"absolute top-0 right-0 w-64 h-64 bg-brand-neon/5 blur-[100px] -z-10"[39m
            [36m/>[39m
            [36m<div[39m
              [33mclass[39m=[32m"flex items-center space-x-6"[39m
            [36m>[39m
              [36m<div[39m
                [33mclass[39m=[32m"relative group"[39m
              [36m>[39m
                [36m<div[39m
                  [33mclass[39m=[32m"absolute inset-0 bg-sunset-gradient opacity-0 group-hover:opacity-20 blur-md transition-opacity rounded-full"[39m
                [36m/>[39m
                [36m<div[39m
                  [33mclass[39m=[32m"h-16 w-16 bg-zinc-800 rounded-full flex items-center justify-center border-2 border-white/10 ring-4 ring-black shadow-2xl"[39m
                [36m>[39m
                  [36m<svg[39m
                    [33maria-hidden[39m=[32m"true"[39m
                    [33mclass[39m=[32m"lucide lucide-package-open w-8 h-8 text-zinc-600"[39m
                    [33mfill[39m=[32m"none"[39m
                    [33mheight[39m=[32m"24"[39m
                    [33mstroke[39m=[32m"currentColor"[39m
                    [33mstroke-linecap[39m=[32m"round"[39m
                    [33mstroke-linejoin[39m=[32m"round"[39m
                    [33mstroke-width[39m=[32m"2"[39m
                    [33mviewBox[39m=[32m"0 0 24 24"[39m
                    [33mwidth[39m=[32m"24"[39m
                    [33mxmlns[39m=[32m"http://www.w3.org/2000/svg"[39m
                  [36m>[39m
                    [36m<path[39m
                      [33md[39m=[32m"M12 22v-9"[39m
                    [36m/>[39m
                    [36m<path[39m
                      [33md[39m=[32m"M15.17 2.21a1.67 1.67 0 0 1 1.63 0L21 4.57a1.93 1.93 0 0 1 0 3.36L8.82 14.79a1.655 1.655 0 0 1-1.64 0L3 12.43a1.93 1.93 0 0 1 0-3.36z"[39m
                    [36m/>[39m
                    [36m<path[39m
                      [33md[39m=[32m"M20 13v3.87a2.06 2.06 0 0 1-1.11 1.83l-6 3.08a1.93 1.93 0 0 1-1.78 0l-6-3.08A2.06 2.06 0 0 1 4 16.87V13"[39m
                    [36m/>[39m
                    [36m<path[39m
                      [33md[39m=[32m"M21 12.43a1.93 1.93 0 0 0 0-3.36L8.83 2.2a1.64 1.64 0 0 0-1.63 0L3 4.57a1.93 1.93 0 0 0 0 3.36l12.18 6.86a1.636 1.636 0 0 0 1.63 0z"[39m
                    [36m/>[39m
                  [36m</svg>[39m
                [36m</div>[39m
 ...

Ignored nodes: comments, script, style
[36m<html>[39m
  [36m<head />[39m
  [36m<body>[39m
    [36m<div>[39m
      [36m<div[39m
        [33mclass[39m=[32m"min-h-screen bg-brand-dark text-white selection:bg-brand-neon/30 pb-12"[39m
      [36m>[39m
        [36m<div[39m
          [33mclass[39m=[32m"max-w-6xl mx-auto px-6 pt-10"[39m
        [36m>[39m
          [36m<div[39m
            [33mclass[39m=[32m"flex justify-between items-center mb-12"[39m
          [36m>[39m
            [36m<div[39m
              [33mclass[39m=[32m"flex items-center gap-3"[39m
            [36m>[39m
              [36m<div[39m
                [33mclass[39m=[32m"p-2 bg-brand-neon rounded-xl"[39m
              [36m>[39m
                [36m<svg[39m
                  [33maria-hidden[39m=[32m"true"[39m
                  [33mclass[39m=[32m"lucide lucide-layout-dashboard w-6 h-6 text-brand-dark"[39m
                  [33mfill[39m=[32m"none"[39m
                  [33mheight[39m=[32m"24"[39m
                  [33mstroke[39m=[32m"currentColor"[39m
                  [33mstroke-linecap[39m=[32m"round"[39m
                  [33mstroke-linejoin[39m=[32m"round"[39m
                  [33mstroke-width[39m=[32m"2"[39m
                  [33mviewBox[39m=[32m"0 0 24 24"[39m
                  [33mwidth[39m=[32m"24"[39m
                  [33mxmlns[39m=[32m"http://www.w3.org/2000/svg"[39m
                [36m>[39m
                  [36m<rect[39m
                    [33mheight[39m=[32m"9"[39m
                    [33mrx[39m=[32m"1"[39m
                    [33mwidth[39m=[32m"7"[39m
                    [33mx[39m=[32m"3"[39m
                    [33my[39m=[32m"3"[39m
                  [36m/>[39m
                  [36m<rect[39m
                    [33mheight[39m=[32m"5"[39m
                    [33mrx[39m=[32m"1"[39m
                    [33mwidth[39m=[32m"7"[39m
                    [33mx[39m=[32m"14"[39m
                    [33my[39m=[32m"3"[39m
                  [36m/>[39m
                  [36m<rect[39m
                    [33mheight[39m=[32m"9"[39m
                    [33mrx[39m=[32m"1"[39m
                    [33mwidth[39m=[32m"7"[39m
                    [33mx[39m=[32m"14"[39m
                    [33my[39m=[32m"12"[39m
                  [36m/>[39m
                  [36m<rect[39m
                    [33mheight[39m=[32m"5"[39m
                    [33mrx[39m=[32m"1"[39m
                    [33mwidth[39m=[32m"7"[39m
                    [33mx[39m=[32m"3"[39m
                    [33my[39m=[32m"16"[39m
                  [36m/>[39m
                [36m</svg>[39m
              [36m</div>[39m
              [36m<h1[39m
                [33mclass[39m=[32m"text-2xl font-black tracking-tighter uppercase italic"[39m
              [36m>[39m
                [0mCentro de Mando[0m
              [36m</h1>[39m
            [36m</div>[39m
            [36m<button[39m
              [33mclass[39m=[32m"p-3 bg-zinc-900 border border-white/5 rounded-2xl hover:bg-zinc-800 transition-all group"[39m
            [36m>[39m
              [36m<svg[39m
                [33maria-hidden[39m=[32m"true"[39m
                [33mclass[39m=[32m"lucide lucide-menu w-6 h-6 text-zinc-400 group-hover:text-white"[39m
                [33mfill[39m=[32m"none"[39m
                [33mheight[39m=[32m"24"[39m
                [33mstroke[39m=[32m"currentColor"[39m
                [33mstroke-linecap[39m=[32m"round"[39m
                [33mstroke-linejoin[39m=[32m"round"[39m
                [33mstroke-width[39m=[32m"2"[39m
                [33mviewBox[39m=[32m"0 0 24 24"[39m
                [33mwidth[39m=[32m"24"[39m
                [33mxmlns[39m=[32m"http://www.w3.org/2000/svg"[39m
              [36m>[39m
                [36m<path[39m
                  [33md[39m=[32m"M4 5h16"[39m
                [36m/>[39m
                [36m<path[39m
                  [33md[39m=[32m"M4 12h16"[39m
                [36m/>[39m
                [36m<path[39m
                  [33md[39m=[32m"M4 19h16"[39m
                [36m/>[39m
              [36m</svg>[39m
            [36m</button>[39m
          [36m</div>[39m
          [36m<div[39m
            [33mclass[39m=[32m"w-full text-left space-y-8"[39m
            [33mstyle[39m=[32m"opacity: 0; transform: translateY(10px);"[39m
          [36m>[39m
            [36m<div[39m
              [33mclass[39m=[32m"flex flex-col lg:flex-row lg:items-center justify-between gap-6 p-6 rounded-[30px] bg-zinc-900 border border-white/5 relative 
overflow-hidden"[39m
            [36m>[39m
              [36m<div[39m
                [33mclass[39m=[32m"absolute top-0 right-0 w-64 h-64 bg-brand-neon/5 blur-[100px] -z-10"[39m
              [36m/>[39m
              [36m<div[39m
                [33mclass[39m=[32m"flex items-center space-x-6"[39m
              [36m>[39m
                [36m<div[39m
                  [33mclass[39m=[32m"relative group"[39m
                [36m>[39m
                  [36m<div[39m
                    [33mclass[39m=[32m"absolute inset-0 bg-sunset-gradient opacity-0 group-hover:opacity-20 blur-md transition-opacity rounded-full"[39m
                  [36m/>[39m
                  [36m<div[39m
                    [33mclass[39m=[32m"h-16 w-16 bg-zinc-800 rounded-full flex items-center justify-center border-2 border-white/10 ring-4 ring-black shadow-2xl"[39m
                  [36m>[39m
                    [36m<svg[39m
                      [33maria-hidden[39m=[32m"true"[39m
                      [33mclass[39m=[32m"lucide lucide-package-open w-8 h-8 text-zinc-600"[39m
                      [33mfill[39m=[32m"none"[39m
                      [33mheight[39m=[32m"24"[39m
                      [33mstroke[39m=[32m"currentColor"[39m
                      [33mstroke-linecap[39m=[32m"round"[39m
                      [33mstroke-linejoin[39m=[32m"round"[39m
                      [33mstroke-width[39m=[32m"2"[39m
                      [33mviewBox[39m=[32m"0 0 24 24"[39m
                      [33mwidth[39m=[32m"24"[39m
                      [33mxmlns[39m=[32m"http://www.w3.org/2000/svg"[39m
                    [36m>[39m
                      [36m<path[39m
                        [33md[39m=[32m"M12 22v-9"[39m
                      [36m/>[39m
                      [36m<path[39m
                        [33md[39m=[32m"M15.17 2.21a1.67 1.67 0 0 1 1.63 0L21 4.57a1.93 1.93 0 0 1 0 3.36L8.82 14.79a1.655 1.655 0 0 1-1.64 0L3 12.43a1.93 1.93 0 0 1 0-3.36z"[39m
                      [36m/>[39m
                      [36m<path[39m
                        [33md[39m=[32m"M20 13v3.87a2.06 2.06 0 0 1-1.11 1.83l-6 3.08a1.93 1.93 0 0 1-1.78 0l-6-3.08A2.06 2.06 0 0 1 4 16.87V13"[39m
                      [36m/>[39m
  ...
[90m [2mÔØ»[22m Proxy.waitForWrapper node_modules/@testing-library/dom/dist/wait-for.js:[2m163:27[22m[39m
[36m [2mÔØ»[22m src/e2e/suscripcion-flow.test.tsx:[2m117:11[22m[39m
    [90m115| [39m
    [90m116| [39m    [90m// Wait for dashboard to render with the store name[39m
    [90m117| [39m    [35mawait[39m [34mwaitFor[39m(() [33m=>[39m {
    [90m   | [39m          [31m^[39m
    [90m118| [39m      expect(screen.getByText('Panel del Vendedor')).toBeInTheDocumentÔÇª
    [90m119| [39m    })[33m;[39m

[31m[2mÔÄ»ÔÄ»ÔÄ»ÔÄ»ÔÄ»ÔÄ»ÔÄ»ÔÄ»ÔÄ»ÔÄ»ÔÄ»ÔÄ»ÔÄ»ÔÄ»ÔÄ»ÔÄ»ÔÄ»ÔÄ»ÔÄ»ÔÄ»ÔÄ»ÔÄ»ÔÄ»[7/18]ÔÄ»[22m[39m

[41m[1m FAIL [22m[49m src/e2e/suscripcion-flow.test.tsx[2m > [22mFlujo de Suscripci├│n E2E en Dashboard[2m > [22mdeber├¡a manejar error en create-paypal-subscription y 
mostrar alerta
[31m[1mTestingLibraryElementError[22m[39m: Unable to find an element with the text: Panel del Vendedor. This could be because the text is broken up by multiple elements. In 
this case, you can provide a function for your text matcher to make your matcher more flexible.

Ignored nodes: comments, script, style
[36m<body>[39m
  [36m<div>[39m
    [36m<div[39m
      [33mclass[39m=[32m"min-h-screen bg-brand-dark text-white selection:bg-brand-neon/30 pb-12"[39m
    [36m>[39m
      [36m<div[39m
        [33mclass[39m=[32m"max-w-6xl mx-auto px-6 pt-10"[39m
      [36m>[39m
        [36m<div[39m
          [33mclass[39m=[32m"flex justify-between items-center mb-12"[39m
        [36m>[39m
          [36m<div[39m
            [33mclass[39m=[32m"flex items-center gap-3"[39m
          [36m>[39m
            [36m<div[39m
              [33mclass[39m=[32m"p-2 bg-brand-neon rounded-xl"[39m
            [36m>[39m
              [36m<svg[39m
                [33maria-hidden[39m=[32m"true"[39m
                [33mclass[39m=[32m"lucide lucide-layout-dashboard w-6 h-6 text-brand-dark"[39m
                [33mfill[39m=[32m"none"[39m
                [33mheight[39m=[32m"24"[39m
                [33mstroke[39m=[32m"currentColor"[39m
                [33mstroke-linecap[39m=[32m"round"[39m
                [33mstroke-linejoin[39m=[32m"round"[39m
                [33mstroke-width[39m=[32m"2"[39m
                [33mviewBox[39m=[32m"0 0 24 24"[39m
                [33mwidth[39m=[32m"24"[39m
                [33mxmlns[39m=[32m"http://www.w3.org/2000/svg"[39m
              [36m>[39m
                [36m<rect[39m
                  [33mheight[39m=[32m"9"[39m
                  [33mrx[39m=[32m"1"[39m
                  [33mwidth[39m=[32m"7"[39m
                  [33mx[39m=[32m"3"[39m
                  [33my[39m=[32m"3"[39m
                [36m/>[39m
                [36m<rect[39m
                  [33mheight[39m=[32m"5"[39m
                  [33mrx[39m=[32m"1"[39m
                  [33mwidth[39m=[32m"7"[39m
                  [33mx[39m=[32m"14"[39m
                  [33my[39m=[32m"3"[39m
                [36m/>[39m
                [36m<rect[39m
                  [33mheight[39m=[32m"9"[39m
                  [33mrx[39m=[32m"1"[39m
                  [33mwidth[39m=[32m"7"[39m
                  [33mx[39m=[32m"14"[39m
                  [33my[39m=[32m"12"[39m
                [36m/>[39m
                [36m<rect[39m
                  [33mheight[39m=[32m"5"[39m
                  [33mrx[39m=[32m"1"[39m
                  [33mwidth[39m=[32m"7"[39m
                  [33mx[39m=[32m"3"[39m
                  [33my[39m=[32m"16"[39m
                [36m/>[39m
              [36m</svg>[39m
            [36m</div>[39m
            [36m<h1[39m
              [33mclass[39m=[32m"text-2xl font-black tracking-tighter uppercase italic"[39m
            [36m>[39m
              [0mCentro de Mando[0m
            [36m</h1>[39m
          [36m</div>[39m
          [36m<button[39m
            [33mclass[39m=[32m"p-3 bg-zinc-900 border border-white/5 rounded-2xl hover:bg-zinc-800 transition-all group"[39m
          [36m>[39m
            [36m<svg[39m
              [33maria-hidden[39m=[32m"true"[39m
              [33mclass[39m=[32m"lucide lucide-menu w-6 h-6 text-zinc-400 group-hover:text-white"[39m
              [33mfill[39m=[32m"none"[39m
              [33mheight[39m=[32m"24"[39m
              [33mstroke[39m=[32m"currentColor"[39m
              [33mstroke-linecap[39m=[32m"round"[39m
              [33mstroke-linejoin[39m=[32m"round"[39m
              [33mstroke-width[39m=[32m"2"[39m
              [33mviewBox[39m=[32m"0 0 24 24"[39m
              [33mwidth[39m=[32m"24"[39m
              [33mxmlns[39m=[32m"http://www.w3.org/2000/svg"[39m
            [36m>[39m
              [36m<path[39m
                [33md[39m=[32m"M4 5h16"[39m
              [36m/>[39m
              [36m<path[39m
                [33md[39m=[32m"M4 12h16"[39m
              [36m/>[39m
              [36m<path[39m
                [33md[39m=[32m"M4 19h16"[39m
              [36m/>[39m
            [36m</svg>[39m
          [36m</button>[39m
        [36m</div>[39m
        [36m<div[39m
          [33mclass[39m=[32m"w-full text-left space-y-8"[39m
          [33mstyle[39m=[32m"opacity: 0.8483819841130752; transform: translateY(-1.182190238375045px);"[39m
        [36m>[39m
          [36m<div[39m
            [33mclass[39m=[32m"flex flex-col lg:flex-row lg:items-center justify-between gap-6 p-6 rounded-[30px] bg-zinc-900 border border-white/5 relative overflow-hidden"[39m
          [36m>[39m
            [36m<div[39m
              [33mclass[39m=[32m"absolute top-0 right-0 w-64 h-64 bg-brand-neon/5 blur-[100px] -z-10"[39m
            [36m/>[39m
            [36m<div[39m
              [33mclass[39m=[32m"flex items-center space-x-6"[39m
            [36m>[39m
              [36m<div[39m
                [33mclass[39m=[32m"relative group"[39m
              [36m>[39m
                [36m<div[39m
                  [33mclass[39m=[32m"absolute inset-0 bg-sunset-gradient opacity-0 group-hover:opacity-20 blur-md transition-opacity rounded-full"[39m
                [36m/>[39m
                [36m<div[39m
                  [33mclass[39m=[32m"h-16 w-16 bg-zinc-800 rounded-full flex items-center justify-center border-2 border-white/10 ring-4 ring-black shadow-2xl"[39m
                [36m>[39m
                  [36m<svg[39m
                    [33maria-hidden[39m=[32m"true"[39m
                    [33mclass[39m=[32m"lucide lucide-package-open w-8 h-8 text-zinc-600"[39m
                    [33mfill[39m=[32m"none"[39m
                    [33mheight[39m=[32m"24"[39m
                    [33mstroke[39m=[32m"currentColor"[39m
                    [33mstroke-linecap[39m=[32m"round"[39m
                    [33mstroke-linejoin[39m=[32m"round"[39m
                    [33mstroke-width[39m=[32m"2"[39m
                    [33mviewBox[39m=[32m"0 0 24 24"[39m
                    [33mwidth[39m=[32m"24"[39m
                    [33mxmlns[39m=[32m"http://www.w3.org/2000/svg"[39m
                  [36m>[39m
                    [36m<path[39m
                      [33md[39m=[32m"M12 22v-9"[39m
                    [36m/>[39m
                    [36m<path[39m
                      [33md[39m=[32m"M15.17 2.21a1.67 1.67 0 0 1 1.63 0L21 4.57a1.93 1.93 0 0 1 0 3.36L8.82 14.79a1.655 1.655 0 0 1-1.64 0L3 12.43a1.93 1.93 0 0 1 0-3.36z"[39m
                    [36m/>[39m
                    [36m<path[39m
                      [33md[39m=[32m"M20 13v3.87a2.06 2.06 0 0 1-1.11 1.83l-6 3.08a1.93 1.93 0 0 1-1.78 0l-6-3.08A2.06 2.06 0 0 1 4 16.87V13"[39m
                    [36m/>[39m
                    [36m<path[39m
                      [33md[39m=[32m"M21 12.43a1.93 1.93 0 0 0 0-3.36L8.83 2.2a1.64 1.64 0 0 0-1.63 0L3 4.57a1.93 1.93 0 0 0 0 3.36l12.18 6.86a1.636 1.636 0 0 0 1.63 0z"[39m
                    [36m/>[39m
                  [36m</svg>[39m
 ...

Ignored nodes: comments, script, style
[36m<html>[39m
  [36m<head />[39m
  [36m<body>[39m
    [36m<div>[39m
      [36m<div[39m
        [33mclass[39m=[32m"min-h-screen bg-brand-dark text-white selection:bg-brand-neon/30 pb-12"[39m
      [36m>[39m
        [36m<div[39m
          [33mclass[39m=[32m"max-w-6xl mx-auto px-6 pt-10"[39m
        [36m>[39m
          [36m<div[39m
            [33mclass[39m=[32m"flex justify-between items-center mb-12"[39m
          [36m>[39m
            [36m<div[39m
              [33mclass[39m=[32m"flex items-center gap-3"[39m
            [36m>[39m
              [36m<div[39m
                [33mclass[39m=[32m"p-2 bg-brand-neon rounded-xl"[39m
              [36m>[39m
                [36m<svg[39m
                  [33maria-hidden[39m=[32m"true"[39m
                  [33mclass[39m=[32m"lucide lucide-layout-dashboard w-6 h-6 text-brand-dark"[39m
                  [33mfill[39m=[32m"none"[39m
                  [33mheight[39m=[32m"24"[39m
                  [33mstroke[39m=[32m"currentColor"[39m
                  [33mstroke-linecap[39m=[32m"round"[39m
                  [33mstroke-linejoin[39m=[32m"round"[39m
                  [33mstroke-width[39m=[32m"2"[39m
                  [33mviewBox[39m=[32m"0 0 24 24"[39m
                  [33mwidth[39m=[32m"24"[39m
                  [33mxmlns[39m=[32m"http://www.w3.org/2000/svg"[39m
                [36m>[39m
                  [36m<rect[39m
                    [33mheight[39m=[32m"9"[39m
                    [33mrx[39m=[32m"1"[39m
                    [33mwidth[39m=[32m"7"[39m
                    [33mx[39m=[32m"3"[39m
                    [33my[39m=[32m"3"[39m
                  [36m/>[39m
                  [36m<rect[39m
                    [33mheight[39m=[32m"5"[39m
                    [33mrx[39m=[32m"1"[39m
                    [33mwidth[39m=[32m"7"[39m
                    [33mx[39m=[32m"14"[39m
                    [33my[39m=[32m"3"[39m
                  [36m/>[39m
                  [36m<rect[39m
                    [33mheight[39m=[32m"9"[39m
                    [33mrx[39m=[32m"1"[39m
                    [33mwidth[39m=[32m"7"[39m
                    [33mx[39m=[32m"14"[39m
                    [33my[39m=[32m"12"[39m
                  [36m/>[39m
                  [36m<rect[39m
                    [33mheight[39m=[32m"5"[39m
                    [33mrx[39m=[32m"1"[39m
                    [33mwidth[39m=[32m"7"[39m
                    [33mx[39m=[32m"3"[39m
                    [33my[39m=[32m"16"[39m
                  [36m/>[39m
                [36m</svg>[39m
              [36m</div>[39m
              [36m<h1[39m
                [33mclass[39m=[32m"text-2xl font-black tracking-tighter uppercase italic"[39m
              [36m>[39m
                [0mCentro de Mando[0m
              [36m</h1>[39m
            [36m</div>[39m
            [36m<button[39m
              [33mclass[39m=[32m"p-3 bg-zinc-900 border border-white/5 rounded-2xl hover:bg-zinc-800 transition-all group"[39m
            [36m>[39m
              [36m<svg[39m
                [33maria-hidden[39m=[32m"true"[39m
                [33mclass[39m=[32m"lucide lucide-menu w-6 h-6 text-zinc-400 group-hover:text-white"[39m
                [33mfill[39m=[32m"none"[39m
                [33mheight[39m=[32m"24"[39m
                [33mstroke[39m=[32m"currentColor"[39m
                [33mstroke-linecap[39m=[32m"round"[39m
                [33mstroke-linejoin[39m=[32m"round"[39m
                [33mstroke-width[39m=[32m"2"[39m
                [33mviewBox[39m=[32m"0 0 24 24"[39m
                [33mwidth[39m=[32m"24"[39m
                [33mxmlns[39m=[32m"http://www.w3.org/2000/svg"[39m
              [36m>[39m
                [36m<path[39m
                  [33md[39m=[32m"M4 5h16"[39m
                [36m/>[39m
                [36m<path[39m
                  [33md[39m=[32m"M4 12h16"[39m
                [36m/>[39m
                [36m<path[39m
                  [33md[39m=[32m"M4 19h16"[39m
                [36m/>[39m
              [36m</svg>[39m
            [36m</button>[39m
          [36m</div>[39m
          [36m<div[39m
            [33mclass[39m=[32m"w-full text-left space-y-8"[39m
            [33mstyle[39m=[32m"opacity: 0.8483819841130752; transform: translateY(-1.182190238375045px);"[39m
          [36m>[39m
            [36m<div[39m
              [33mclass[39m=[32m"flex flex-col lg:flex-row lg:items-center justify-between gap-6 p-6 rounded-[30px] bg-zinc-900 border border-white/5 relative 
overflow-hidden"[39m
            [36m>[39m
              [36m<div[39m
                [33mclass[39m=[32m"absolute top-0 right-0 w-64 h-64 bg-brand-neon/5 blur-[100px] -z-10"[39m
              [36m/>[39m
              [36m<div[39m
                [33mclass[39m=[32m"flex items-center space-x-6"[39m
              [36m>[39m
                [36m<div[39m
                  [33mclass[39m=[32m"relative group"[39m
                [36m>[39m
                  [36m<div[39m
                    [33mclass[39m=[32m"absolute inset-0 bg-sunset-gradient opacity-0 group-hover:opacity-20 blur-md transition-opacity rounded-full"[39m
                  [36m/>[39m
                  [36m<div[39m
                    [33mclass[39m=[32m"h-16 w-16 bg-zinc-800 rounded-full flex items-center justify-center border-2 border-white/10 ring-4 ring-black shadow-2xl"[39m
                  [36m>[39m
                    [36m<svg[39m
                      [33maria-hidden[39m=[32m"true"[39m
                      [33mclass[39m=[32m"lucide lucide-package-open w-8 h-8 text-zinc-600"[39m
                      [33mfill[39m=[32m"none"[39m
                      [33mheight[39m=[32m"24"[39m
                      [33mstroke[39m=[32m"currentColor"[39m
                      [33mstroke-linecap[39m=[32m"round"[39m
                      [33mstroke-linejoin[39m=[32m"round"[39m
                      [33mstroke-width[39m=[32m"2"[39m
                      [33mviewBox[39m=[32m"0 0 24 24"[39m
                      [33mwidth[39m=[32m"24"[39m
                      [33mxmlns[39m=[32m"http://www.w3.org/2000/svg"[39m
                    [36m>[39m
                      [36m<path[39m
                        [33md[39m=[32m"M12 22v-9"[39m
                      [36m/>[39m
                      [36m<path[39m
                        [33md[39m=[32m"M15.17 2.21a1.67 1.67 0 0 1 1.63 0L21 4.57a1.93 1.93 0 0 1 0 3.36L8.82 14.79a1.655 1.655 0 0 1-1.64 0L3 12.43a1.93 1.93 0 0 1 0-3.36z"[39m
                      [36m/>[39m
                      [36m<path[39m
                        [33md[39m=[32m"M20 13v3.87a2.06 2.06 0 0 1-1.11 1.83l-6 3.08a1.93 1.93 0 0 1-1.78 0l-6-3.08A2.06 2.06 0 0 1 4 16.87V13"[39m
    ...
[90m [2mÔØ»[22m Proxy.waitForWrapper node_modules/@testing-library/dom/dist/wait-for.js:[2m163:27[22m[39m
[36m [2mÔØ»[22m src/e2e/suscripcion-flow.test.tsx:[2m177:11[22m[39m
    [90m175| [39m    )[33m;[39m
    [90m176| [39m
    [90m177| [39m    [35mawait[39m [34mwaitFor[39m(() [33m=>[39m {
    [90m   | [39m          [31m^[39m
    [90m178| [39m      expect(screen.getByText('Panel del Vendedor')).toBeInTheDocumentÔÇª
    [90m179| [39m    })[33m;[39m

[31m[2mÔÄ»ÔÄ»ÔÄ»ÔÄ»ÔÄ»ÔÄ»ÔÄ»ÔÄ»ÔÄ»ÔÄ»ÔÄ»ÔÄ»ÔÄ»ÔÄ»ÔÄ»ÔÄ»ÔÄ»ÔÄ»ÔÄ»ÔÄ»ÔÄ»ÔÄ»ÔÄ»[8/18]ÔÄ»[22m[39m

[41m[1m FAIL [22m[49m src/pages/AuthPage.test.tsx[2m > [22mAuthPage[2m > [22mshould toggle to SignInForm when the switch link is clicked
[31m[1mTestingLibraryElementError[22m: Unable to find an accessible element with the role "heading" and name `/iniciar sesi├│n/i`

Here are the accessible roles:

  heading:

  Name "Tiender.":
  [36m<h1[31m
    [33mclass[31m=[32m"text-4xl font-black text-white italic tracking-tighter uppercase mb-2"[31m
  [36m/>[31m

  Name "Crear una cuenta":
  [36m<h1 />[31m

  --------------------------------------------------
  paragraph:

  Name "":
  [36m<p[31m
    [33mclass[31m=[32m"text-zinc-500 text-xs font-bold uppercase tracking-widest"[31m
  [36m/>[31m

  --------------------------------------------------
  button:

  Name "Switch":
  [36m<button />[31m

  Name "┬┐No tienes una cuenta? Reg├¡strate":
  [36m<button[31m
    [33mclass[31m=[32m"px-6 py-3 rounded-2xl bg-zinc-800/50 text-zinc-400 hover:text-white hover:bg-zinc-800 transition-all text-xs font-bold uppercase tracking-widest border 
border-white/5"[31m
    [33mrole[31m=[32m"button"[31m
  [36m/>[31m

  --------------------------------------------------

Ignored nodes: comments, script, style
[36m<body>[31m
  [36m<div>[31m
    [36m<div[31m
      [33mclass[31m=[32m"min-h-screen bg-brand-dark flex flex-col items-center justify-center p-6 relative overflow-hidden"[31m
    [36m>[31m
      [36m<div[31m
        [33mclass[31m=[32m"absolute top-[-10%] right-[-10%] w-[50%] h-[50%] bg-brand-pink/10 blur-[120px] rounded-full"[31m
      [36m/>[31m
      [36m<div[31m
        [33mclass[31m=[32m"absolute bottom-[-10%] left-[-10%] w-[50%] h-[50%] bg-brand-neon/10 blur-[120px] rounded-full"[31m
      [36m/>[31m
      [36m<div[31m
        [33mclass[31m=[32m"w-full max-w-md relative z-10"[31m
        [33mstyle[31m=[32m"opacity: 0; transform: translateY(20px);"[31m
      [36m>[31m
        [36m<div[31m
          [33mclass[31m=[32m"text-center mb-10"[31m
        [36m>[31m
          [36m<h1[31m
            [33mclass[31m=[32m"text-4xl font-black text-white italic tracking-tighter uppercase mb-2"[31m
          [36m>[31m
            [0mTiender.[0m
          [36m</h1>[31m
          [36m<p[31m
            [33mclass[31m=[32m"text-zinc-500 text-xs font-bold uppercase tracking-widest"[31m
          [36m>[31m
            [0mEl futuro de tu tienda empieza aqu├¡[0m
          [36m</p>[31m
        [36m</div>[31m
        [36m<div[31m
          [33mclass[31m=[32m"bg-zinc-900/50 backdrop-blur-xl border border-white/5 rounded-[40px] p-8 shadow-2xl overflow-hidden relative"[31m
        [36m>[31m
          [36m<div[31m
            [33mstyle[31m=[32m"opacity: 0; transform: translateX(20px);"[31m
          [36m>[31m
            [36m<div>[31m
              [36m<h1>[31m
                [0mCrear una cuenta[0m
              [36m</h1>[31m
              [36m<button>[31m
                [0mSwitch[0m
              [36m</button>[31m
            [36m</div>[31m
          [36m</div>[31m
        [36m</div>[31m
        [36m<div[31m
          [33mclass[31m=[32m"mt-8 text-center"[31m
        [36m>[31m
          [36m<button[31m
            [33mclass[31m=[32m"px-6 py-3 rounded-2xl bg-zinc-800/50 text-zinc-400 hover:text-white hover:bg-zinc-800 transition-all text-xs font-bold uppercase tracking-widest 
border border-white/5"[31m
            [33mrole[31m=[32m"button"[31m
          [36m>[31m
            [0m┬┐No tienes una cuenta? Reg├¡strate[0m
          [36m</button>[31m
        [36m</div>[31m
      [36m</div>[31m
    [36m</div>[31m
  [36m</div>[31m
[36m</body>[31m[39m
[90m [2mÔØ»[22m Object.getElementError node_modules/@testing-library/dom/dist/config.js:[2m37:19[22m[39m
[90m [2mÔØ»[22m node_modules/@testing-library/dom/dist/query-helpers.js:[2m76:38[22m[39m
[90m [2mÔØ»[22m node_modules/@testing-library/dom/dist/query-helpers.js:[2m52:17[22m[39m
[90m [2mÔØ»[22m node_modules/@testing-library/dom/dist/query-helpers.js:[2m95:19[22m[39m
[36m [2mÔØ»[22m src/pages/AuthPage.test.tsx:[2m36:19[22m[39m
    [90m 34| [39m    fireEvent[33m.[39m[34mclick[39m(switchLink)[33m;[39m
    [90m 35| [39m
    [90m 36| [39m    expect(screen.getByRole('heading', { name: /iniciar sesi├│n/i })).tÔÇª
    [90m   | [39m                  [31m^[39m
    [90m 37| [39m    expect(screen.queryByRole('heading', { name: /crear una cuenta/i }ÔÇª
    [90m 38| [39m  })[33m;[39m

[31m[2mÔÄ»ÔÄ»ÔÄ»ÔÄ»ÔÄ»ÔÄ»ÔÄ»ÔÄ»ÔÄ»ÔÄ»ÔÄ»ÔÄ»ÔÄ»ÔÄ»ÔÄ»ÔÄ»ÔÄ»ÔÄ»ÔÄ»ÔÄ»ÔÄ»ÔÄ»ÔÄ»[9/18]ÔÄ»[22m[39m

[41m[1m FAIL [22m[49m src/pages/DashboardPage.test.tsx[2m > [22mDashboardPage - Product CRUD[2m > [22mshould display existing products and allow opening the add form
[31m[1mTestingLibraryElementError[22m: Unable to find an element with the text: P1. This could be because the text is broken up by multiple elements. In this case, you can 
provide a function for your text matcher to make your matcher more flexible.

Ignored nodes: comments, script, style
[36m<body>[31m
  [36m<div />[31m
[36m</body>[31m

Ignored nodes: comments, script, style
[36m<html>[31m
  [36m<head />[31m
  [36m<body>[31m
    [36m<div />[31m
  [36m</body>[31m
[36m</html>[31m[39m
[90m [2mÔØ»[22m Proxy.waitForWrapper node_modules/@testing-library/dom/dist/wait-for.js:[2m163:27[22m[39m
[36m [2mÔØ»[22m src/pages/DashboardPage.test.tsx:[2m117:11[22m[39m
    [90m115| [39m
    [90m116| [39m    [90m// ASSERT[39m
    [90m117| [39m    await waitFor(() => expect(screen.getByText('P1')).toBeInTheDocumeÔÇª
    [90m   | [39m          [31m^[39m
    [90m118| [39m    fireEvent[33m.[39m[34mclick[39m(screen[33m.[39m[34mgetByText[39m([32m'+ A├▒adir Producto'[39m))[33m;[39m
    [90m119| [39m    await waitFor(() => expect(screen.getByTestId('add-product-form'))ÔÇª

[31m[2mÔÄ»ÔÄ»ÔÄ»ÔÄ»ÔÄ»ÔÄ»ÔÄ»ÔÄ»ÔÄ»ÔÄ»ÔÄ»ÔÄ»ÔÄ»ÔÄ»ÔÄ»ÔÄ»ÔÄ»ÔÄ»ÔÄ»ÔÄ»ÔÄ»ÔÄ»[10/18]ÔÄ»[22m[39m

[41m[1m FAIL [22m[49m src/pages/DashboardPage.test.tsx[2m > [22mDashboardPage - Product CRUD[2m > [22mshould allow deleting a product
[31m[1mTestingLibraryElementError[22m: Unable to find an element with the text: P1. This could be because the text is broken up by multiple elements. In this case, you can 
provide a function for your text matcher to make your matcher more flexible.

Ignored nodes: comments, script, style
[36m<body>[31m
  [36m<div />[31m
[36m</body>[31m

Ignored nodes: comments, script, style
[36m<html>[31m
  [36m<head />[31m
  [36m<body>[31m
    [36m<div />[31m
  [36m</body>[31m
[36m</html>[31m[39m
[90m [2mÔØ»[22m Proxy.waitForWrapper node_modules/@testing-library/dom/dist/wait-for.js:[2m163:27[22m[39m
[36m [2mÔØ»[22m src/pages/DashboardPage.test.tsx:[2m148:11[22m[39m
    [90m146| [39m
    [90m147| [39m    [90m// ASSERT[39m
    [90m148| [39m    await waitFor(() => expect(screen.getByText('P1')).toBeInTheDocumeÔÇª
    [90m   | [39m          [31m^[39m
    [90m149| [39m    fireEvent[33m.[39m[34mclick[39m(screen[33m.[39m[34mgetAllByText[39m([32m'Eliminar'[39m)[[34m0[39m])[33m;[39m
    [90m150| [39m    [34mexpect[39m(window[33m.[39mconfirm)[33m.[39m[34mtoHaveBeenCalled[39m()[33m;[39m

[31m[2mÔÄ»ÔÄ»ÔÄ»ÔÄ»ÔÄ»ÔÄ»ÔÄ»ÔÄ»ÔÄ»ÔÄ»ÔÄ»ÔÄ»ÔÄ»ÔÄ»ÔÄ»ÔÄ»ÔÄ»ÔÄ»ÔÄ»ÔÄ»ÔÄ»ÔÄ»[11/18]ÔÄ»[22m[39m

[41m[1m FAIL [22m[49m src/pages/DashboardPage.test.tsx[2m > [22mDashboardPage - Product CRUD[2m > [22mshould allow opening the edit product form
[31m[1mTestingLibraryElementError[22m: Unable to find an element with the text: P1. This could be because the text is broken up by multiple elements. In this case, you can 
provide a function for your text matcher to make your matcher more flexible.

Ignored nodes: comments, script, style
[36m<body>[31m
  [36m<div />[31m
[36m</body>[31m

Ignored nodes: comments, script, style
[36m<html>[31m
  [36m<head />[31m
  [36m<body>[31m
    [36m<div />[31m
  [36m</body>[31m
[36m</html>[31m[39m
[90m [2mÔØ»[22m Proxy.waitForWrapper node_modules/@testing-library/dom/dist/wait-for.js:[2m163:27[22m[39m
[36m [2mÔØ»[22m src/pages/DashboardPage.test.tsx:[2m159:11[22m[39m
    [90m157| [39m
    [90m158| [39m    [90m// ASSERT[39m
    [90m159| [39m    await waitFor(() => expect(screen.getByText('P1')).toBeInTheDocumeÔÇª
    [90m   | [39m          [31m^[39m
    [90m160| [39m    fireEvent[33m.[39m[34mclick[39m(screen[33m.[39m[34mgetAllByText[39m([32m'Editar'[39m)[[34m0[39m])[33m;[39m
    [90m161| [39m    [35mawait[39m [34mwaitFor[39m(() [33m=>[39m {

[31m[2mÔÄ»ÔÄ»ÔÄ»ÔÄ»ÔÄ»ÔÄ»ÔÄ»ÔÄ»ÔÄ»ÔÄ»ÔÄ»ÔÄ»ÔÄ»ÔÄ»ÔÄ»ÔÄ»ÔÄ»ÔÄ»ÔÄ»ÔÄ»ÔÄ»ÔÄ»[12/18]ÔÄ»[22m[39m

[41m[1m FAIL [22m[49m src/pages/DashboardPage.test.tsx[2m > [22mDashboardPage - Product CRUD[2m > [22mshould allow creating a store if one does not exist
[31m[1mTestingLibraryElementError[22m[39m: Unable to find an element with the text: Crea tu Tienda Social. This could be because the text is broken up by multiple elements. In 
this case, you can provide a function for your text matcher to make your matcher more flexible.

Ignored nodes: comments, script, style
[36m<body>[39m
  [36m<div>[39m
    [36m<div[39m
      [33mclass[39m=[32m"min-h-screen bg-brand-dark text-white selection:bg-brand-neon/30 pb-12"[39m
    [36m>[39m
      [36m<div[39m
        [33mclass[39m=[32m"max-w-6xl mx-auto px-6 pt-10"[39m
      [36m>[39m
        [36m<div[39m
          [33mclass[39m=[32m"flex justify-between items-center mb-12"[39m
        [36m>[39m
          [36m<div[39m
            [33mclass[39m=[32m"flex items-center gap-3"[39m
          [36m>[39m
            [36m<div[39m
              [33mclass[39m=[32m"p-2 bg-brand-neon rounded-xl"[39m
            [36m>[39m
              [36m<svg[39m
                [33maria-hidden[39m=[32m"true"[39m
                [33mclass[39m=[32m"lucide lucide-layout-dashboard w-6 h-6 text-brand-dark"[39m
                [33mfill[39m=[32m"none"[39m
                [33mheight[39m=[32m"24"[39m
                [33mstroke[39m=[32m"currentColor"[39m
                [33mstroke-linecap[39m=[32m"round"[39m
                [33mstroke-linejoin[39m=[32m"round"[39m
                [33mstroke-width[39m=[32m"2"[39m
                [33mviewBox[39m=[32m"0 0 24 24"[39m
                [33mwidth[39m=[32m"24"[39m
                [33mxmlns[39m=[32m"http://www.w3.org/2000/svg"[39m
              [36m>[39m
                [36m<rect[39m
                  [33mheight[39m=[32m"9"[39m
                  [33mrx[39m=[32m"1"[39m
                  [33mwidth[39m=[32m"7"[39m
                  [33mx[39m=[32m"3"[39m
                  [33my[39m=[32m"3"[39m
                [36m/>[39m
                [36m<rect[39m
                  [33mheight[39m=[32m"5"[39m
                  [33mrx[39m=[32m"1"[39m
                  [33mwidth[39m=[32m"7"[39m
                  [33mx[39m=[32m"14"[39m
                  [33my[39m=[32m"3"[39m
                [36m/>[39m
                [36m<rect[39m
                  [33mheight[39m=[32m"9"[39m
                  [33mrx[39m=[32m"1"[39m
                  [33mwidth[39m=[32m"7"[39m
                  [33mx[39m=[32m"14"[39m
                  [33my[39m=[32m"12"[39m
                [36m/>[39m
                [36m<rect[39m
                  [33mheight[39m=[32m"5"[39m
                  [33mrx[39m=[32m"1"[39m
                  [33mwidth[39m=[32m"7"[39m
                  [33mx[39m=[32m"3"[39m
                  [33my[39m=[32m"16"[39m
                [36m/>[39m
              [36m</svg>[39m
            [36m</div>[39m
            [36m<h1[39m
              [33mclass[39m=[32m"text-2xl font-black tracking-tighter uppercase italic"[39m
            [36m>[39m
              [0mCentro de Mando[0m
            [36m</h1>[39m
          [36m</div>[39m
          [36m<button[39m
            [33mclass[39m=[32m"p-3 bg-zinc-900 border border-white/5 rounded-2xl hover:bg-zinc-800 transition-all group"[39m
          [36m>[39m
            [36m<svg[39m
              [33maria-hidden[39m=[32m"true"[39m
              [33mclass[39m=[32m"lucide lucide-menu w-6 h-6 text-zinc-400 group-hover:text-white"[39m
              [33mfill[39m=[32m"none"[39m
              [33mheight[39m=[32m"24"[39m
              [33mstroke[39m=[32m"currentColor"[39m
              [33mstroke-linecap[39m=[32m"round"[39m
              [33mstroke-linejoin[39m=[32m"round"[39m
              [33mstroke-width[39m=[32m"2"[39m
              [33mviewBox[39m=[32m"0 0 24 24"[39m
              [33mwidth[39m=[32m"24"[39m
              [33mxmlns[39m=[32m"http://www.w3.org/2000/svg"[39m
            [36m>[39m
              [36m<path[39m
                [33md[39m=[32m"M4 5h16"[39m
              [36m/>[39m
              [36m<path[39m
                [33md[39m=[32m"M4 12h16"[39m
              [36m/>[39m
              [36m<path[39m
                [33md[39m=[32m"M4 19h16"[39m
              [36m/>[39m
            [36m</svg>[39m
          [36m</button>[39m
        [36m</div>[39m
        [36m<div[39m
          [33mclass[39m=[32m"flex flex-col items-center py-20 text-center"[39m
          [33mstyle[39m=[32m"opacity: 1;"[39m
        [36m>[39m
          [36m<div[39m
            [33mclass[39m=[32m"p-6 bg-brand-neon/10 text-brand-neon rounded-full mb-8"[39m
          [36m>[39m
            [36m<svg[39m
              [33maria-hidden[39m=[32m"true"[39m
              [33mclass[39m=[32m"lucide lucide-sparkles w-12 h-12"[39m
              [33mfill[39m=[32m"none"[39m
              [33mheight[39m=[32m"24"[39m
              [33mstroke[39m=[32m"currentColor"[39m
              [33mstroke-linecap[39m=[32m"round"[39m
              [33mstroke-linejoin[39m=[32m"round"[39m
              [33mstroke-width[39m=[32m"2"[39m
              [33mviewBox[39m=[32m"0 0 24 24"[39m
              [33mwidth[39m=[32m"24"[39m
              [33mxmlns[39m=[32m"http://www.w3.org/2000/svg"[39m
            [36m>[39m
              [36m<path[39m
                [33md[39m=[32m"M11.017 2.814a1 1 0 0 1 1.966 0l1.051 5.558a2 2 0 0 0 1.594 1.594l5.558 1.051a1 1 0 0 1 0 1.966l-5.558 1.051a2 2 0 0 0-1.594 1.594l-1.051 5.558a1 
1 0 0 1-1.966 0l-1.051-5.558a2 2 0 0 0-1.594-1.594l-5.558-1.051a1 1 0 0 1 0-1.966l5.558-1.051a2 2 0 0 0 1.594-1.594z"[39m
              [36m/>[39m
              [36m<path[39m
                [33md[39m=[32m"M20 2v4"[39m
              [36m/>[39m
              [36m<path[39m
                [33md[39m=[32m"M22 4h-4"[39m
              [36m/>[39m
              [36m<circle[39m
                [33mcx[39m=[32m"4"[39m
                [33mcy[39m=[32m"20"[39m
                [33mr[39m=[32m"2"[39m
              [36m/>[39m
            [36m</svg>[39m
          [36m</div>[39m
          [36m<h2[39m
            [33mclass[39m=[32m"text-4xl font-black text-white mb-4 tracking-tighter italic uppercase"[39m
          [36m>[39m
            [0mTiender Pro[0m
          [36m</h2>[39m
          [36m<p[39m
            [33mclass[39m=[32m"text-zinc-500 max-w-sm mb-10 font-medium text-lg leading-relaxed"[39m
          [36m>[39m
            [0mEst├ís a un paso de revolucionar tus ventas de WhatsApp. ┬íCrea tu tienda ahora![0m
          [36m</p>[39m
          [36m<button[39m
            [33mclass[39m=[32m"sunset-button px-10 py-5 rounded-[25px] text-xl flex items-center gap-3"[39m
          [36m>[39m
            [36m<svg[39m
              [33maria-hidden[39m=[32m"true"[39m
              [33mclass[39m=[32m"lucide lucide-plus w-7 h-7"[39m
              [33mfill[39m=[32m"none"[39m
              [33mheight[39m=[32m"24"[39m
              [33mstroke[39m=[32m"currentColor"[39m
              [33mstroke-linecap[39m=[32m"round"[39m
              [33mstroke-linejoin[39m=[32m"round"[39m
              [33mstroke-width[39m=[32m"2"[39m
              [33mviewBox[39m=[32m"0 0 24 24"[39m
              [33mwidth[39m=[32m"24"[39m
              [33mxmlns[39m=[32m"http://www.w3.org/2000/svg"[39m
            [36m>[39m
              [36m<path[39m
                [33md[39m=[32m"M5 12h14"[39m
              [36m/>[39m
              [36m<path[39m
                [33md[39m=[32m"M12 5v14"[39m
              [36m/>[39m
            [36m</svg>[39m
            [36m<span>[39m
              [0mLanzar mi Tienda[0m
            [36m</span>[39m
          [36m</button>[39m
        [36m</div>[39m
      [36m</div>[39m
    [36m</div>[39m
  [36m</div>[39m
[36m</body>[39m

Ignored nodes: comments, script, style
[36m<html>[39m
  [36m<head />[39m
  [36m<body>[39m
    [36m<div>[39m
      [36m<div[39m
        [33mclass[39m=[32m"min-h-screen bg-brand-dark text-white selection:bg-brand-neon/30 pb-12"[39m
      [36m>[39m
        [36m<div[39m
          [33mclass[39m=[32m"max-w-6xl mx-auto px-6 pt-10"[39m
        [36m>[39m
          [36m<div[39m
            [33mclass[39m=[32m"flex justify-between items-center mb-12"[39m
          [36m>[39m
            [36m<div[39m
              [33mclass[39m=[32m"flex items-center gap-3"[39m
            [36m>[39m
              [36m<div[39m
                [33mclass[39m=[32m"p-2 bg-brand-neon rounded-xl"[39m
              [36m>[39m
                [36m<svg[39m
                  [33maria-hidden[39m=[32m"true"[39m
                  [33mclass[39m=[32m"lucide lucide-layout-dashboard w-6 h-6 text-brand-dark"[39m
                  [33mfill[39m=[32m"none"[39m
                  [33mheight[39m=[32m"24"[39m
                  [33mstroke[39m=[32m"currentColor"[39m
                  [33mstroke-linecap[39m=[32m"round"[39m
                  [33mstroke-linejoin[39m=[32m"round"[39m
                  [33mstroke-width[39m=[32m"2"[39m
                  [33mviewBox[39m=[32m"0 0 24 24"[39m
                  [33mwidth[39m=[32m"24"[39m
                  [33mxmlns[39m=[32m"http://www.w3.org/2000/svg"[39m
                [36m>[39m
                  [36m<rect[39m
                    [33mheight[39m=[32m"9"[39m
                    [33mrx[39m=[32m"1"[39m
                    [33mwidth[39m=[32m"7"[39m
                    [33mx[39m=[32m"3"[39m
                    [33my[39m=[32m"3"[39m
                  [36m/>[39m
                  [36m<rect[39m
                    [33mheight[39m=[32m"5"[39m
                    [33mrx[39m=[32m"1"[39m
                    [33mwidth[39m=[32m"7"[39m
                    [33mx[39m=[32m"14"[39m
                    [33my[39m=[32m"3"[39m
                  [36m/>[39m
                  [36m<rect[39m
                    [33mheight[39m=[32m"9"[39m
                    [33mrx[39m=[32m"1"[39m
                    [33mwidth[39m=[32m"7"[39m
                    [33mx[39m=[32m"14"[39m
                    [33my[39m=[32m"12"[39m
                  [36m/>[39m
                  [36m<rect[39m
                    [33mheight[39m=[32m"5"[39m
                    [33mrx[39m=[32m"1"[39m
                    [33mwidth[39m=[32m"7"[39m
                    [33mx[39m=[32m"3"[39m
                    [33my[39m=[32m"16"[39m
                  [36m/>[39m
                [36m</svg>[39m
              [36m</div>[39m
              [36m<h1[39m
                [33mclass[39m=[32m"text-2xl font-black tracking-tighter uppercase italic"[39m
              [36m>[39m
                [0mCentro de Mando[0m
              [36m</h1>[39m
            [36m</div>[39m
            [36m<button[39m
              [33mclass[39m=[32m"p-3 bg-zinc-900 border border-white/5 rounded-2xl hover:bg-zinc-800 transition-all group"[39m
            [36m>[39m
              [36m<svg[39m
                [33maria-hidden[39m=[32m"true"[39m
                [33mclass[39m=[32m"lucide lucide-menu w-6 h-6 text-zinc-400 group-hover:text-white"[39m
                [33mfill[39m=[32m"none"[39m
                [33mheight[39m=[32m"24"[39m
                [33mstroke[39m=[32m"currentColor"[39m
                [33mstroke-linecap[39m=[32m"round"[39m
                [33mstroke-linejoin[39m=[32m"round"[39m
                [33mstroke-width[39m=[32m"2"[39m
                [33mviewBox[39m=[32m"0 0 24 24"[39m
                [33mwidth[39m=[32m"24"[39m
                [33mxmlns[39m=[32m"http://www.w3.org/2000/svg"[39m
              [36m>[39m
                [36m<path[39m
                  [33md[39m=[32m"M4 5h16"[39m
                [36m/>[39m
                [36m<path[39m
                  [33md[39m=[32m"M4 12h16"[39m
                [36m/>[39m
                [36m<path[39m
                  [33md[39m=[32m"M4 19h16"[39m
                [36m/>[39m
              [36m</svg>[39m
            [36m</button>[39m
          [36m</div>[39m
          [36m<div[39m
            [33mclass[39m=[32m"flex flex-col items-center py-20 text-center"[39m
            [33mstyle[39m=[32m"opacity: 1;"[39m
          [36m>[39m
            [36m<div[39m
              [33mclass[39m=[32m"p-6 bg-brand-neon/10 text-brand-neon rounded-full mb-8"[39m
            [36m>[39m
              [36m<svg[39m
                [33maria-hidden[39m=[32m"true"[39m
                [33mclass[39m=[32m"lucide lucide-sparkles w-12 h-12"[39m
                [33mfill[39m=[32m"none"[39m
                [33mheight[39m=[32m"24"[39m
                [33mstroke[39m=[32m"currentColor"[39m
                [33mstroke-linecap[39m=[32m"round"[39m
                [33mstroke-linejoin[39m=[32m"round"[39m
                [33mstroke-width[39m=[32m"2"[39m
                [33mviewBox[39m=[32m"0 0 24 24"[39m
                [33mwidth[39m=[32m"24"[39m
                [33mxmlns[39m=[32m"http://www.w3.org/2000/svg"[39m
              [36m>[39m
                [36m<path[39m
                  [33md[39m=[32m"M11.017 2.814a1 1 0 0 1 1.966 0l1.051 5.558a2 2 0 0 0 1.594 1.594l5.558 1.051a1 1 0 0 1 0 1.966l-5.558 1.051a2 2 0 0 0-1.594 1.594l-1.051 
5.558a1 1 0 0 1-1.966 0l-1.051-5.558a2 2 0 0 0-1.594-1.594l-5.558-1.051a1 1 0 0 1 0-1.966l5.558-1.051a2 2 0 0 0 1.594-1.594z"[39m
                [36m/>[39m
                [36m<path[39m
                  [33md[39m=[32m"M20 2v4"[39m
                [36m/>[39m
                [36m<path[39m
                  [33md[39m=[32m"M22 4h-4"[39m
                [36m/>[39m
                [36m<circle[39m
                  [33mcx[39m=[32m"4"[39m
                  [33mcy[39m=[32m"20"[39m
                  [33mr[39m=[32m"2"[39m
                [36m/>[39m
              [36m</svg>[39m
            [36m</div>[39m
            [36m<h2[39m
              [33mclass[39m=[32m"text-4xl font-black text-white mb-4 tracking-tighter italic uppercase"[39m
            [36m>[39m
              [0mTiender Pro[0m
            [36m</h2>[39m
            [36m<p[39m
              [33mclass[39m=[32m"text-zinc-500 max-w-sm mb-10 font-medium text-lg leading-relaxed"[39m
            [36m>[39m
              [0mEst├ís a un paso de revolucionar tus ventas de WhatsApp. ┬íCrea tu tienda ahora![0m
            [36m</p>[39m
            [36m<button[39m
              [33mclass[39m=[32m"sunset-button px-10 py-5 rounded-[25px] text-xl flex items-center gap-3"[39m
            [36m>[39m
              [36m<svg[39m
                [33maria-hidden[39m=[32m"true"[39m
                [33mclass[39m=[32m"lucide lucide-plus w-7 h-7"[39m
                [33mfill[39m=[32m"none"[39m
                [33mheight[39m=[32m"24"[39m
                [33mstroke[39m=[32m"currentColor"[39m
                [33mstroke-linecap[39m=[32m"round"[39m
                [33mstroke-linejoin[39m=[32m"round"[39m
                [33mstroke-width[39m=[32m"2"[39m
                [33mviewBox[39m=[32m"0 0 24 24"[39m
                [33mwidth[39m=[32m"24"[39m
                [33mxmlns[39m=[32m"http://www.w3.org/2000/svg"[39m
              [36m>[39m
                [36m<path[39m
                  [33md[39m=[32m"M5 12h14"[39m
                [36m/>[39m
                [36m<path[39m
                  [33md[39m=[32m"M12 5v14"[39m
                [36m/>[39m
              [36m</svg>[39m
              [36m<span>[39m
                [0mLanzar mi Tienda[0m
              [36m</span>[39m
            [36m</button>[39m
          [36m</div>[39m
        [36m</div>[39m
      [36m</div>[39m
    [36m</div>[39m
  [36m</body>[39m
[36m</html>[39m
[90m [2mÔØ»[22m Proxy.waitForWrapper node_modules/@testing-library/dom/dist/wait-for.js:[2m163:27[22m[39m
[36m [2mÔØ»[22m src/pages/DashboardPage.test.tsx:[2m196:11[22m[39m
    [90m194| [39m
    [90m195| [39m    [90m// ASSERT[39m
    [90m196| [39m    await waitFor(() => expect(screen.getByText('Crea tu Tienda SocialÔÇª
    [90m   | [39m          [31m^[39m
    [90m197| [39m    fireEvent[33m.[39m[34mclick[39m(screen[33m.[39m[34mgetByText[39m([32m'Crea tu Tienda Social'[39m))[33m;[39m
    [90m198| [39m

[31m[2mÔÄ»ÔÄ»ÔÄ»ÔÄ»ÔÄ»ÔÄ»ÔÄ»ÔÄ»ÔÄ»ÔÄ»ÔÄ»ÔÄ»ÔÄ»ÔÄ»ÔÄ»ÔÄ»ÔÄ»ÔÄ»ÔÄ»ÔÄ»ÔÄ»ÔÄ»[13/18]ÔÄ»[22m[39m

[41m[1m FAIL [22m[49m src/features/auth/AuthFlow.test.tsx[2m > [22mAuthentication Flow Integration Test[2m > [22mshould allow a new user to sign up and see the backup codes 
modal
[31m[1mTestingLibraryElementError[22m[39m: Unable to find a label with the text of: /n├║mero de whatsapp/i

Ignored nodes: comments, script, style
[36m<body>[39m
  [36m<div>[39m
    [36m<div[39m
      [33mclass[39m=[32m"w-full space-y-8"[39m
    [36m>[39m
      [36m<div[39m
        [33mclass[39m=[32m"text-center"[39m
      [36m>[39m
        [36m<h2[39m
          [33mclass[39m=[32m"text-2xl font-black text-white uppercase italic tracking-tighter"[39m
        [36m>[39m
          [0m├Ünete a la Revoluci├│n[0m
        [36m</h2>[39m
        [36m<p[39m
          [33mclass[39m=[32m"text-zinc-500 text-xs font-medium mt-1"[39m
        [36m>[39m
          [0mCrea tu cuenta y empieza a vender en segundos[0m
        [36m</p>[39m
      [36m</div>[39m
      [36m<form[39m
        [33mclass[39m=[32m"space-y-6"[39m
      [36m>[39m
        [36m<div[39m
          [33mclass[39m=[32m"space-y-6"[39m
        [36m>[39m
          [36m<div[39m
            [33mclass[39m=[32m"space-y-4"[39m
          [36m>[39m
            [36m<div[39m
              [33mclass[39m=[32m"relative group flex flex-col"[39m
            [36m>[39m
              [36m<label[39m
                [33mclass[39m=[32m"flex items-center gap-2 text-[10px] font-bold text-zinc-600 uppercase tracking-widest ml-1 mb-2"[39m
              [36m>[39m
                [36m<svg[39m
                  [33maria-hidden[39m=[32m"true"[39m
                  [33mclass[39m=[32m"lucide lucide-phone w-3 h-3"[39m
                  [33mfill[39m=[32m"none"[39m
                  [33mheight[39m=[32m"24"[39m
                  [33mstroke[39m=[32m"currentColor"[39m
                  [33mstroke-linecap[39m=[32m"round"[39m
                  [33mstroke-linejoin[39m=[32m"round"[39m
                  [33mstroke-width[39m=[32m"2"[39m
                  [33mviewBox[39m=[32m"0 0 24 24"[39m
                  [33mwidth[39m=[32m"24"[39m
                  [33mxmlns[39m=[32m"http://www.w3.org/2000/svg"[39m
                [36m>[39m
                  [36m<path[39m
                    [33md[39m=[32m"M13.832 16.568a1 1 0 0 0 1.213-.303l.355-.465A2 2 0 0 1 17 15h3a2 2 0 0 1 2 2v3a2 2 0 0 1-2 2A18 18 0 0 1 2 4a2 2 0 0 1 2-2h3a2 2 0 0 1 2 
2v3a2 2 0 0 1-.8 1.6l-.468.351a1 1 0 0 0-.292 1.233 14 14 0 0 0 6.392 6.384"[39m
                  [36m/>[39m
                [36m</svg>[39m
                [0m WhatsApp del Negocio[0m
              [36m</label>[39m
              [36m<div[39m
                [33mclass[39m=[32m"flex gap-2"[39m
              [36m>[39m
                [36m<select[39m
                  [33mclass[39m=[32m"w-[100px] bg-zinc-800/50 border border-white/5 rounded-2xl px-3 py-4 text-white text-xs focus:outline-none focus:ring-2 
focus:ring-brand-pink/50 transition-all appearance-none text-center font-bold"[39m
                [36m>[39m
                  [36m<option[39m
                    [33mclass[39m=[32m"bg-zinc-900"[39m
                    [33mvalue[39m=[32m"+505"[39m
                  [36m>[39m
                    [0m­ƒç│­ƒç«[0m
                    [0m [0m
                    [0m+505[0m
                  [36m</option>[39m
                  [36m<option[39m
                    [33mclass[39m=[32m"bg-zinc-900"[39m
                    [33mvalue[39m=[32m"+52"[39m
                  [36m>[39m
                    [0m­ƒç▓­ƒç¢[0m
                    [0m [0m
                    [0m+52[0m
                  [36m</option>[39m
                  [36m<option[39m
                    [33mclass[39m=[32m"bg-zinc-900"[39m
                    [33mvalue[39m=[32m"+57"[39m
                  [36m>[39m
                    [0m­ƒç¿­ƒç┤[0m
                    [0m [0m
                    [0m+57[0m
                  [36m</option>[39m
                  [36m<option[39m
                    [33mclass[39m=[32m"bg-zinc-900"[39m
                    [33mvalue[39m=[32m"+1"[39m
                  [36m>[39m
                    [0m­ƒç║­ƒç©[0m
                    [0m [0m
                    [0m+1[0m
                  [36m</option>[39m
                  [36m<option[39m
                    [33mclass[39m=[32m"bg-zinc-900"[39m
                    [33mvalue[39m=[32m"+34"[39m
                  [36m>[39m
                    [0m­ƒç¬­ƒç©[0m
                    [0m [0m
                    [0m+34[0m
                  [36m</option>[39m
                  [36m<option[39m
                    [33mclass[39m=[32m"bg-zinc-900"[39m
                    [33mvalue[39m=[32m"+54"[39m
                  [36m>[39m
                    [0m­ƒçª­ƒçÀ[0m
                    [0m [0m
                    [0m+54[0m
                  [36m</option>[39m
                  [36m<option[39m
                    [33mclass[39m=[32m"bg-zinc-900"[39m
                    [33mvalue[39m=[32m"+56"[39m
                  [36m>[39m
                    [0m­ƒç¿­ƒç▒[0m
                    [0m [0m
                    [0m+56[0m
                  [36m</option>[39m
                  [36m<option[39m
                    [33mclass[39m=[32m"bg-zinc-900"[39m
                    [33mvalue[39m=[32m"+51"[39m
                  [36m>[39m
                    [0m­ƒçÁ­ƒç¬[0m
                    [0m [0m
                    [0m+51[0m
                  [36m</option>[39m
                  [36m<option[39m
                    [33mclass[39m=[32m"bg-zinc-900"[39m
                    [33mvalue[39m=[32m"+506"[39m
                  [36m>[39m
                    [0m­ƒç¿­ƒçÀ[0m
                    [0m [0m
                    [0m+506[0m
                  [36m</option>[39m
                  [36m<option[39m
                    [33mclass[39m=[32m"bg-zinc-900"[39m
                    [33mvalue[39m=[32m"+502"[39m
                  [36m>[39m
                    [0m­ƒç¼­ƒç╣[0m
                    [0m [0m
                    [0m+502[0m
                  [36m</option>[39m
                  [36m<option[39m
                    [33mclass[39m=[32m"bg-zinc-900"[39m
                    [33mvalue[39m=[32m"+504"[39m
                  [36m>[39m
                    [0m­ƒç¡­ƒç│[0m
                    [0m [0m
                    [0m+504[0m
                  [36m</option>[39m
                  [36m<option[39m
                    [33mclass[39m=[32m"bg-zinc-900"[39m
                    [33mvalue[39m=[32m"+503"[39m
                  [36m>[39m
                    [0m­ƒç©­ƒç╗[0m
                    [0m [0m
                    [0m+503[0m
                  [36m</option>[39m
                  [36m<option[39m
                    [33mclass[39m=[32m"bg-zinc-900"[39m
                    [33mvalue[39m=[32m"+507"[39m
                  [36m>[39m
                    [0m­ƒçÁ­ƒçª[0m
                    [0m [0m
                    [0m+507[0m
                  [36m</option>[39m
                  [36m<option[39m
                    [33mclass[39m=[32m"bg-zinc-900"[39m
                    [33mvalue[39m=[32m"+591"[39m
                  [36m>[39m
                    [0m­ƒçº­ƒç┤[0m
                    [0m [0m
                    [0m+591[0m
                  [36m</option>[39m
                  [36m<option[39m
                    [33mclass[39m=[32m"bg-zinc-900"[39m
                    [33mvalue[39m=[32m"+593"[39m
                  [36m>[39m
                    [0m­ƒç¬­ƒç¿[0m
                    [0m [0m
                    [0m+593[0m
                  [36m</option>[39m
                  [36m<option[39m
                    [33mclass[39m=[32m"bg-zinc-900"[39m
                    [33mvalue[39m=[32m"+598"[39m
                  [36m>[39m
                    [0m­ƒç║­ƒç¥[0m
                    [0m [0m
                    [0m+598[0m
                  [36m</option>[39m
                  [36m<option[39m
                    [33mclass[39m=[32m"bg-zinc-900"[39m
                    [33mvalue[39m=[32m"+595"[39m
                  [36m>[39m
                    [0m­ƒçÁ­ƒç¥[0m
                    [0m [0m
                    [0m+595[0m
                  [36m</option>[39m
                  [36m<option[39m
                    [33mclass[39m=[32m"bg-zinc-900"[39m
                    [33mvalue[39m=[32m"+58"[39m
                  [36m>[39m
                    [0m­ƒç╗­ƒç¬[0m
                    [0m [0m
                    [0m+58[0m
                  [36m</option>[39m
                [36m</select>[39m
                [36m<div[39m
                  [33mclass[39m=[32m"relative flex-grow group"[39m
                [36m>[39m
                  [36m<svg[39m
                    [33maria-hidden[39m=[32m"true"[39m
                    [33mclass[39m=[32m"lucide lucide-hash absolute left-4 top-1/2 -translate-y-1/2 w-4 h-4 text-zinc-600 group-focus-within:text-brand-pink"[39m
                    [33mfill[39m=[32m"none"[39m
                    [33mheight[39m=[32m"24"[39m
                    [33mstroke[39m=[32m"currentColor"[39m
                    [33mstroke-linecap[39m=[32m"round"[39m
                    [33mstroke-linejoin[39m=[32m"round"[39m
                    [33mstroke-width[39m=[32m"2"[39m
                    [33mviewBox[39m=[32m"0 0 24 24"[39m
                    [33mwidth[39m=[32m"24"[39m
                    [33mxmlns[39m=[32m"http://www.w3.org/2000/svg"[39m
                  [36m>[39m
                    [36m<line[39m
                      [33mx1[39m=[32m"4"[39m
                      [33mx2[39m=[32m"20"[39m
                      [33my1[39m=[32m"9"[39m
                      [33my2[39m=[32m"9"[39m
                    [36m/>[39m
                    [36m<line[39m
                      [33mx1[39m=[32m"4"[39m
                      [33mx2[39m=[32m"20"[39m
                      [33my1[39m=[32m"15"[39m
                      [33my2[39m=[32m"15"[39m
                    [36m/>[39m
                    [36m<line[39m
                      [33mx1[39m=[32m"10"[39m
                      [33mx2[39m=[32m"8"[39m
                      [33my1[39m=[32m"3"[39m
                      [33my2[39m=[32m"21"[39m
                    [36m/>[39m
                    [36m<line[39m
                      [33mx1[39m=[32m"16"[39m
                      [33mx2[39m=[32m"14"[39m
                      [33my1[39m=[32m"3"[39m
                      [33my2[39m=[32m"21"[39m
                    [36m/>[39m
                  [36m</svg>[39m
                  [36m<input[39m
                    [33mclass[39m=[32m"w-full bg-zinc-800/50 border border-white/5 rounded-2xl px-10 py-4 text-white placeholder-zinc-700 focus:outline-none focus:ring-2 
focus:ring-brand-pink/50 transition-all font-bold text-sm"[39m
                    [33mplaceholder[39m=[32m"8888 8888"[39m
                    [33mrequired[39m=[32m""[39m
                    [33mtype[39m=[32m"tel"[39m
                    [33mvalue[39m=[32m""[39m
                  [36m/>[39m
                [36m</div>[39m
              [36m</div>[39m
            [36m</div>[39m
            [36m<div[39m
              [33mclass[39m=[32m"p-4 bg-brand-pink/5 border border-brand-pink/20 rounded-2xl flex items-start gap-3"[39m
            [36m>[39m
              [36m<svg[39m
                [33maria-hidden[39m=[32m"true"[39m
                [33mclass[39m=[32m"lucide lucide-info w-5 h-5 text-brand-pink shrink-0 mt-0.5"[39m
                [33mfill[39m=[32m"none"[39m
                [33mheight[39m=[32m"24"[39m
                [33mstroke[39m=[32m"currentColor"[39m
                [33mstroke-linecap[39m=[32m"round"[39m
                [33mstroke-linejoin[39m=[32m"round"[39m
                [33mstroke-width[39m=[32m"2"[39m
                [33mviewBox[39m=[32m"0 0 24 24"[39m
                [33mwidth[39m=[32m"24"[39m
                [33mxmlns[39m=[32m"http://www.w3.org/2000/svg"[39m
              [36m>[39m
                [36m<circle[39m
                  [33mcx[39m=[32m"12"[39m
                  [33mcy[39m=[32m"12"[39m
                  [33mr[39m=[32m"10"[39m
                [36m/>[39m
                [36m<path[39m
                  [33md[39m=[32m"M12 16v-4"[39m
                [36m/>[39m
                [36m<path[39m
                  [33md[39m=[32m"M12 8h.01"[39m
                [36m/>[39m
              [36m</svg>[39m
              [36m<p[39m
                [33mclass[39m=[32m"text-[10px] text-zinc-400 font-medium leading-relaxed"[39m
              [36m>[39m
                [0mEste ser├í el n├║mero oficial de tu negocio. Por seguridad, [0m
                [36m<span[39m
                  [33mclass[39m=[32m"text-white font-bold italic"[39m
                [36m>[39m
                  [0mno podr├í ser cambiado[0m
                [36m</span>[39m
                [0m despu├®s del registro.[0m
              [36m</p>[39m
            [36m</div>[39m
          [36m</div>[39m
          [36m<div[39m
            [33mclass[39m=[32m"text-center"[39m
          [36m>[39m
            [36m<button[39m
              [33mclass[39m=[32m"text-[10px] font-black uppercase tracking-[0.2em] text-zinc-600 hover:text-brand-pink transition-colors"[39m
              [33mtype[39m=[32m"button"[39m
            [36m>[39m
              [0mO USAR EMAIL[0m
            [36m</button>[39m
          [36m</div>[39m
          [36m<div[39m
            [33mclass[39m=[32m"relative group"[39m
          [36m>[39m
            [36m<label[39m
              [33mclass[39m=[32m"flex items-center gap-2 text-[10px] font-bold text-zinc-600 uppercase tracking-widest ml-1 mb-2"[39m
            [36m>[39m
              [36m<svg[39m
                [33maria-hidden[39m=[32m"true"[39m
                [33mclass[39m=[32m"lucide lucide-lock w-3 h-3"[39m
                [33mfill[39m=[32m"none"[39m
                [33mheight[39m=[32m"24"[39m
                [33mstroke[39m=[32m"currentColor"[39m
                [33mstroke-linecap[39m=[32m"round"[39m
                [33mstroke-linejoin[39m=[32m"round"[39m
                [33mstroke-width[39m=[32m"2"[39m
                [33mviewBox[39m=[32m"0 0 24 24"[39m
                [33mwidth[39m=[32m"24"[39m
                [33mxmlns[39m=[32m"http://www.w3.org/2000/svg"[39m
              [36m>[39m
                [36m<rect[39m
                  [33mheight[39m=[32m"11"[39m
                  [33mrx[39m=[32m"2"[39m
                  [33mry[39m=[32m"2"[39m
                  [33mwidth[39m=[32m"18"[39m
                  [33mx[39m=[32m"3"[39m
                  [33my[39m=[32m"11"[39m
                [36m/>[39m
                [36m<path[39m
                  [33md[39m=[32m"M7 11V7a5 5 0 0 1 10 0v4"[39m
                [36m/>[39m
              [36m</svg>[39m
              [0m Password[0m
            [36m</label>[39m
            [36m<svg[39m
              [33maria-hidden[39m=[32m"true"[39m
              [33mclass[39m=[32m"lucide lucide-lock absolute left-4 top-[42px] w-5 h-5 text-zinc-600 group-focus-within:text-brand-pink transition-colors"[39m
              [33mfill[39m=[32m"none"[39m
              [33mheight[39m=[32m"24"[39m
              [33mstroke[39m=[32m"currentColor"[39m
              [33mstroke-linecap[39m=[32m"round"[39m
              [33mstroke-linejoin[39m=[32m"round"[39m
              [33mstroke-width[39m=[32m"2"[39m
              [33mviewBox[39m=[32m"0 0 24 24"[39m
              [33mwidth[39m=[32m"24"[39m
              [33mxmlns[39m=[32m"http://www.w3.org/2000/svg"[39m
            [36m>[39m
              [36m<rect[39m
                [33mheight[39m=[32m"11"[39m
                [33mrx[39m=[32m"2"[39m
                [33mry[39m=[32m"2"[39m
                [33mwidth[39m=[32m"18"[39m
                [33mx[39m=[32m"3"[39m
                [33my[39m=[32m"11"[39m
              [36m/>[39m
              [36m<path[39m
                [33md[39m=[32m"M7 11V7a5 5 0 0 1 10 0v4"[39m
              [36m/>[39m
            [36m</svg>[39m
            [36m<input[39m
              [33mclass[39m=[32m"w-full bg-zinc-800/50 border border-white/5 rounded-2xl px-12 py-4 text-white placeholder-zinc-600 focus:outline-none focus:ring-2 
focus:ring-brand-pink/50 focus:border-brand-pink/50 transition-all text-sm"[39m
              [33mplaceholder[39m=[32m"ÔÇóÔÇóÔÇóÔÇóÔÇóÔÇóÔÇóÔÇó"[39m
              [33mrequired[39m=[32m""[39m
              [33mtype[39m=[32m"password"[39m
              [33mvalue[39m=[32m""[39m
            [36m/>[39m
          [36m</div>[39m
        [36m</div>[39m
        [36m<button[39m
          [33mclass[39m=[32m"w-full py-4 rounded-[22px] bg-sunset-gradient text-white font-black uppercase tracking-tighter italic flex items-center justify-center gap-2 
hover:scale-[1.02] active:scale-95 transition-all disabled:opacity-30 shadow-xl shadow-brand-pink/10"[39m
          [33mtype[39m=[32m"submit"[39m
        [36m>[39m
          [36m<svg[39m
            [33maria-hidden[39m=[32m"true"[39m
            [33mclass[39m=[32m"lucide lucide-rocket w-5 h-5"[39m
            [33mfill[39m=[32m"none"[39m
            [33mheight[39m=[32m"24"[39m
            [33mstroke[39m=[32m"currentColor"[39m
            [33mstroke-linecap[39m=[32m"round"[39m
            [33mstroke-linejoin[39m=[32m"round"[39m
            [33mstroke-width[39m=[32m"2"[39m
            [33mviewBox[39m=[32m"0 0 24 24"[39m
            [33mwidth[39m=[32m"24"[39m
            [33mxmlns[39m=[32m"http://www.w3.org/2000/svg"[39m
          [36m>[39m
            [36m<path[39m
              [33md[39m=[32m"M4.5 16.5c-1.5 1.26-2 5-2 5s3.74-.5 5-2c.71-.84.7-2.13-.09-2.91a2.18 2.18 0 0 0-2.91-.09z"[39m
            [36m/>[39m
            [36m<path[39m
              [33md[39m=[32m"m12 15-3-3a22 22 0 0 1 2-3.95A12.88 12.88 0 0 1 22 2c0 2.72-.78 7.5-6 11a22.35 22.35 0 0 1-4 2z"[39m
            [36m/>[39m
            [36m<path[39m
              [33md[39m=[32m"M9 12H4s.55-3.03 2-4c1.62-1.08 5 0 5 0"[39m
            [36m/>[39m
            [36m<path[39m
              [33md[39m=[32m"M12 15v5s3.03-.55 4-2c1.08-1.62 0-5 0-5"[39m
            [36m/>[39m
          [36m</svg>[39m
          [36m<span>[39m
            [0mCrear Mi Tienda[0m
          [36m</span>[39m
        [36m</button>[39m
      [36m</form>[39m
    [36m</div>[39m
  [36m</div>[39m
[36m</body>[39m
[90m [2mÔØ»[22m Object.getElementError node_modules/@testing-library/dom/dist/config.js:[2m37:19[22m[39m
[90m [2mÔØ»[22m getAllByLabelText node_modules/@testing-library/dom/dist/queries/label-text.js:[2m111:38[22m[39m
[90m [2mÔØ»[22m node_modules/@testing-library/dom/dist/query-helpers.js:[2m52:17[22m[39m
[90m [2mÔØ»[22m node_modules/@testing-library/dom/dist/query-helpers.js:[2m95:19[22m[39m
[36m [2mÔØ»[22m src/features/auth/AuthFlow.test.tsx:[2m68:31[22m[39m
    [90m 66| [39m
    [90m 67| [39m    [90m// The form defaults to WhatsApp mode[39m
    [90m 68| [39m    [35mconst[39m phoneInput [33m=[39m screen[33m.[39m[34mgetByLabelText[39m([36m/n├║mero de whatsapp/i[39m)[33m;[39m
    [90m   | [39m                              [31m^[39m
    [90m 69| [39m    [35mconst[39m passwordInput [33m=[39m screen[33m.[39m[34mgetByLabelText[39m([36m/contrase├▒a/i[39m)[33m;[39m
    [90m 70| [39m

[31m[2mÔÄ»ÔÄ»ÔÄ»ÔÄ»ÔÄ»ÔÄ»ÔÄ»ÔÄ»ÔÄ»ÔÄ»ÔÄ»ÔÄ»ÔÄ»ÔÄ»ÔÄ»ÔÄ»ÔÄ»ÔÄ»ÔÄ»ÔÄ»ÔÄ»ÔÄ»[14/18]ÔÄ»[22m[39m

[41m[1m FAIL [22m[49m src/features/auth/AuthFlow.test.tsx[2m > [22mAuthentication Flow Integration Test[2m > [22mshould switch to email mode and sign up with email
[31m[1mTestingLibraryElementError[22m[39m: Unable to find an element with the text: /o usa tu correo electr├│nico/i. This could be because the text is broken up by multiple 
elements. In this case, you can provide a function for your text matcher to make your matcher more flexible.

Ignored nodes: comments, script, style
[36m<body>[39m
  [36m<div>[39m
    [36m<div[39m
      [33mclass[39m=[32m"w-full space-y-8"[39m
    [36m>[39m
      [36m<div[39m
        [33mclass[39m=[32m"text-center"[39m
      [36m>[39m
        [36m<h2[39m
          [33mclass[39m=[32m"text-2xl font-black text-white uppercase italic tracking-tighter"[39m
        [36m>[39m
          [0m├Ünete a la Revoluci├│n[0m
        [36m</h2>[39m
        [36m<p[39m
          [33mclass[39m=[32m"text-zinc-500 text-xs font-medium mt-1"[39m
        [36m>[39m
          [0mCrea tu cuenta y empieza a vender en segundos[0m
        [36m</p>[39m
      [36m</div>[39m
      [36m<form[39m
        [33mclass[39m=[32m"space-y-6"[39m
      [36m>[39m
        [36m<div[39m
          [33mclass[39m=[32m"space-y-6"[39m
        [36m>[39m
          [36m<div[39m
            [33mclass[39m=[32m"space-y-4"[39m
          [36m>[39m
            [36m<div[39m
              [33mclass[39m=[32m"relative group flex flex-col"[39m
            [36m>[39m
              [36m<label[39m
                [33mclass[39m=[32m"flex items-center gap-2 text-[10px] font-bold text-zinc-600 uppercase tracking-widest ml-1 mb-2"[39m
              [36m>[39m
                [36m<svg[39m
                  [33maria-hidden[39m=[32m"true"[39m
                  [33mclass[39m=[32m"lucide lucide-phone w-3 h-3"[39m
                  [33mfill[39m=[32m"none"[39m
                  [33mheight[39m=[32m"24"[39m
                  [33mstroke[39m=[32m"currentColor"[39m
                  [33mstroke-linecap[39m=[32m"round"[39m
                  [33mstroke-linejoin[39m=[32m"round"[39m
                  [33mstroke-width[39m=[32m"2"[39m
                  [33mviewBox[39m=[32m"0 0 24 24"[39m
                  [33mwidth[39m=[32m"24"[39m
                  [33mxmlns[39m=[32m"http://www.w3.org/2000/svg"[39m
                [36m>[39m
                  [36m<path[39m
                    [33md[39m=[32m"M13.832 16.568a1 1 0 0 0 1.213-.303l.355-.465A2 2 0 0 1 17 15h3a2 2 0 0 1 2 2v3a2 2 0 0 1-2 2A18 18 0 0 1 2 4a2 2 0 0 1 2-2h3a2 2 0 0 1 2 
2v3a2 2 0 0 1-.8 1.6l-.468.351a1 1 0 0 0-.292 1.233 14 14 0 0 0 6.392 6.384"[39m
                  [36m/>[39m
                [36m</svg>[39m
                [0m WhatsApp del Negocio[0m
              [36m</label>[39m
              [36m<div[39m
                [33mclass[39m=[32m"flex gap-2"[39m
              [36m>[39m
                [36m<select[39m
                  [33mclass[39m=[32m"w-[100px] bg-zinc-800/50 border border-white/5 rounded-2xl px-3 py-4 text-white text-xs focus:outline-none focus:ring-2 
focus:ring-brand-pink/50 transition-all appearance-none text-center font-bold"[39m
                [36m>[39m
                  [36m<option[39m
                    [33mclass[39m=[32m"bg-zinc-900"[39m
                    [33mvalue[39m=[32m"+505"[39m
                  [36m>[39m
                    [0m­ƒç│­ƒç«[0m
                    [0m [0m
                    [0m+505[0m
                  [36m</option>[39m
                  [36m<option[39m
                    [33mclass[39m=[32m"bg-zinc-900"[39m
                    [33mvalue[39m=[32m"+52"[39m
                  [36m>[39m
                    [0m­ƒç▓­ƒç¢[0m
                    [0m [0m
                    [0m+52[0m
                  [36m</option>[39m
                  [36m<option[39m
                    [33mclass[39m=[32m"bg-zinc-900"[39m
                    [33mvalue[39m=[32m"+57"[39m
                  [36m>[39m
                    [0m­ƒç¿­ƒç┤[0m
                    [0m [0m
                    [0m+57[0m
                  [36m</option>[39m
                  [36m<option[39m
                    [33mclass[39m=[32m"bg-zinc-900"[39m
                    [33mvalue[39m=[32m"+1"[39m
                  [36m>[39m
                    [0m­ƒç║­ƒç©[0m
                    [0m [0m
                    [0m+1[0m
                  [36m</option>[39m
                  [36m<option[39m
                    [33mclass[39m=[32m"bg-zinc-900"[39m
                    [33mvalue[39m=[32m"+34"[39m
                  [36m>[39m
                    [0m­ƒç¬­ƒç©[0m
                    [0m [0m
                    [0m+34[0m
                  [36m</option>[39m
                  [36m<option[39m
                    [33mclass[39m=[32m"bg-zinc-900"[39m
                    [33mvalue[39m=[32m"+54"[39m
                  [36m>[39m
                    [0m­ƒçª­ƒçÀ[0m
                    [0m [0m
                    [0m+54[0m
                  [36m</option>[39m
                  [36m<option[39m
                    [33mclass[39m=[32m"bg-zinc-900"[39m
                    [33mvalue[39m=[32m"+56"[39m
                  [36m>[39m
                    [0m­ƒç¿­ƒç▒[0m
                    [0m [0m
                    [0m+56[0m
                  [36m</option>[39m
                  [36m<option[39m
                    [33mclass[39m=[32m"bg-zinc-900"[39m
                    [33mvalue[39m=[32m"+51"[39m
                  [36m>[39m
                    [0m­ƒçÁ­ƒç¬[0m
                    [0m [0m
                    [0m+51[0m
                  [36m</option>[39m
                  [36m<option[39m
                    [33mclass[39m=[32m"bg-zinc-900"[39m
                    [33mvalue[39m=[32m"+506"[39m
                  [36m>[39m
                    [0m­ƒç¿­ƒçÀ[0m
                    [0m [0m
                    [0m+506[0m
                  [36m</option>[39m
                  [36m<option[39m
                    [33mclass[39m=[32m"bg-zinc-900"[39m
                    [33mvalue[39m=[32m"+502"[39m
                  [36m>[39m
                    [0m­ƒç¼­ƒç╣[0m
                    [0m [0m
                    [0m+502[0m
                  [36m</option>[39m
                  [36m<option[39m
                    [33mclass[39m=[32m"bg-zinc-900"[39m
                    [33mvalue[39m=[32m"+504"[39m
                  [36m>[39m
                    [0m­ƒç¡­ƒç│[0m
                    [0m [0m
                    [0m+504[0m
                  [36m</option>[39m
                  [36m<option[39m
                    [33mclass[39m=[32m"bg-zinc-900"[39m
                    [33mvalue[39m=[32m"+503"[39m
                  [36m>[39m
                    [0m­ƒç©­ƒç╗[0m
                    [0m [0m
                    [0m+503[0m
                  [36m</option>[39m
                  [36m<option[39m
                    [33mclass[39m=[32m"bg-zinc-900"[39m
                    [33mvalue[39m=[32m"+507"[39m
                  [36m>[39m
                    [0m­ƒçÁ­ƒçª[0m
                    [0m [0m
                    [0m+507[0m
                  [36m</option>[39m
                  [36m<option[39m
                    [33mclass[39m=[32m"bg-zinc-900"[39m
                    [33mvalue[39m=[32m"+591"[39m
                  [36m>[39m
                    [0m­ƒçº­ƒç┤[0m
                    [0m [0m
                    [0m+591[0m
                  [36m</option>[39m
                  [36m<option[39m
                    [33mclass[39m=[32m"bg-zinc-900"[39m
                    [33mvalue[39m=[32m"+593"[39m
                  [36m>[39m
                    [0m­ƒç¬­ƒç¿[0m
                    [0m [0m
                    [0m+593[0m
                  [36m</option>[39m
                  [36m<option[39m
                    [33mclass[39m=[32m"bg-zinc-900"[39m
                    [33mvalue[39m=[32m"+598"[39m
                  [36m>[39m
                    [0m­ƒç║­ƒç¥[0m
                    [0m [0m
                    [0m+598[0m
                  [36m</option>[39m
                  [36m<option[39m
                    [33mclass[39m=[32m"bg-zinc-900"[39m
                    [33mvalue[39m=[32m"+595"[39m
                  [36m>[39m
                    [0m­ƒçÁ­ƒç¥[0m
                    [0m [0m
                    [0m+595[0m
                  [36m</option>[39m
                  [36m<option[39m
                    [33mclass[39m=[32m"bg-zinc-900"[39m
                    [33mvalue[39m=[32m"+58"[39m
                  [36m>[39m
                    [0m­ƒç╗­ƒç¬[0m
                    [0m [0m
                    [0m+58[0m
                  [36m</option>[39m
                [36m</select>[39m
                [36m<div[39m
                  [33mclass[39m=[32m"relative flex-grow group"[39m
                [36m>[39m
                  [36m<svg[39m
                    [33maria-hidden[39m=[32m"true"[39m
                    [33mclass[39m=[32m"lucide lucide-hash absolute left-4 top-1/2 -translate-y-1/2 w-4 h-4 text-zinc-600 group-focus-within:text-brand-pink"[39m
                    [33mfill[39m=[32m"none"[39m
                    [33mheight[39m=[32m"24"[39m
                    [33mstroke[39m=[32m"currentColor"[39m
                    [33mstroke-linecap[39m=[32m"round"[39m
                    [33mstroke-linejoin[39m=[32m"round"[39m
                    [33mstroke-width[39m=[32m"2"[39m
                    [33mviewBox[39m=[32m"0 0 24 24"[39m
                    [33mwidth[39m=[32m"24"[39m
                    [33mxmlns[39m=[32m"http://www.w3.org/2000/svg"[39m
                  [36m>[39m
                    [36m<line[39m
                      [33mx1[39m=[32m"4"[39m
                      [33mx2[39m=[32m"20"[39m
                      [33my1[39m=[32m"9"[39m
                      [33my2[39m=[32m"9"[39m
                    [36m/>[39m
                    [36m<line[39m
                      [33mx1[39m=[32m"4"[39m
                      [33mx2[39m=[32m"20"[39m
                      [33my1[39m=[32m"15"[39m
                      [33my2[39m=[32m"15"[39m
                    [36m/>[39m
                    [36m<line[39m
                      [33mx1[39m=[32m"10"[39m
                      [33mx2[39m=[32m"8"[39m
                      [33my1[39m=[32m"3"[39m
                      [33my2[39m=[32m"21"[39m
                    [36m/>[39m
                    [36m<line[39m
                      [33mx1[39m=[32m"16"[39m
                      [33mx2[39m=[32m"14"[39m
                      [33my1[39m=[32m"3"[39m
                      [33my2[39m=[32m"21"[39m
                    [36m/>[39m
                  [36m</svg>[39m
                  [36m<input[39m
                    [33mclass[39m=[32m"w-full bg-zinc-800/50 border border-white/5 rounded-2xl px-10 py-4 text-white placeholder-zinc-700 focus:outline-none focus:ring-2 
focus:ring-brand-pink/50 transition-all font-bold text-sm"[39m
                    [33mplaceholder[39m=[32m"8888 8888"[39m
                    [33mrequired[39m=[32m""[39m
                    [33mtype[39m=[32m"tel"[39m
                    [33mvalue[39m=[32m""[39m
                  [36m/>[39m
                [36m</div>[39m
              [36m</div>[39m
            [36m</div>[39m
            [36m<div[39m
              [33mclass[39m=[32m"p-4 bg-brand-pink/5 border border-brand-pink/20 rounded-2xl flex items-start gap-3"[39m
            [36m>[39m
              [36m<svg[39m
                [33maria-hidden[39m=[32m"true"[39m
                [33mclass[39m=[32m"lucide lucide-info w-5 h-5 text-brand-pink shrink-0 mt-0.5"[39m
                [33mfill[39m=[32m"none"[39m
                [33mheight[39m=[32m"24"[39m
                [33mstroke[39m=[32m"currentColor"[39m
                [33mstroke-linecap[39m=[32m"round"[39m
                [33mstroke-linejoin[39m=[32m"round"[39m
                [33mstroke-width[39m=[32m"2"[39m
                [33mviewBox[39m=[32m"0 0 24 24"[39m
                [33mwidth[39m=[32m"24"[39m
                [33mxmlns[39m=[32m"http://www.w3.org/2000/svg"[39m
              [36m>[39m
                [36m<circle[39m
                  [33mcx[39m=[32m"12"[39m
                  [33mcy[39m=[32m"12"[39m
                  [33mr[39m=[32m"10"[39m
                [36m/>[39m
                [36m<path[39m
                  [33md[39m=[32m"M12 16v-4"[39m
                [36m/>[39m
                [36m<path[39m
                  [33md[39m=[32m"M12 8h.01"[39m
                [36m/>[39m
              [36m</svg>[39m
              [36m<p[39m
                [33mclass[39m=[32m"text-[10px] text-zinc-400 font-medium leading-relaxed"[39m
              [36m>[39m
                [0mEste ser├í el n├║mero oficial de tu negocio. Por seguridad, [0m
                [36m<span[39m
                  [33mclass[39m=[32m"text-white font-bold italic"[39m
                [36m>[39m
                  [0mno podr├í ser cambiado[0m
                [36m</span>[39m
                [0m despu├®s del registro.[0m
              [36m</p>[39m
            [36m</div>[39m
          [36m</div>[39m
          [36m<div[39m
            [33mclass[39m=[32m"text-center"[39m
          [36m>[39m
            [36m<button[39m
              [33mclass[39m=[32m"text-[10px] font-black uppercase tracking-[0.2em] text-zinc-600 hover:text-brand-pink transition-colors"[39m
              [33mtype[39m=[32m"button"[39m
            [36m>[39m
              [0mO USAR EMAIL[0m
            [36m</button>[39m
          [36m</div>[39m
          [36m<div[39m
            [33mclass[39m=[32m"relative group"[39m
          [36m>[39m
            [36m<label[39m
              [33mclass[39m=[32m"flex items-center gap-2 text-[10px] font-bold text-zinc-600 uppercase tracking-widest ml-1 mb-2"[39m
            [36m>[39m
              [36m<svg[39m
                [33maria-hidden[39m=[32m"true"[39m
                [33mclass[39m=[32m"lucide lucide-lock w-3 h-3"[39m
                [33mfill[39m=[32m"none"[39m
                [33mheight[39m=[32m"24"[39m
                [33mstroke[39m=[32m"currentColor"[39m
                [33mstroke-linecap[39m=[32m"round"[39m
                [33mstroke-linejoin[39m=[32m"round"[39m
                [33mstroke-width[39m=[32m"2"[39m
                [33mviewBox[39m=[32m"0 0 24 24"[39m
                [33mwidth[39m=[32m"24"[39m
                [33mxmlns[39m=[32m"http://www.w3.org/2000/svg"[39m
              [36m>[39m
                [36m<rect[39m
                  [33mheight[39m=[32m"11"[39m
                  [33mrx[39m=[32m"2"[39m
                  [33mry[39m=[32m"2"[39m
                  [33mwidth[39m=[32m"18"[39m
                  [33mx[39m=[32m"3"[39m
                  [33my[39m=[32m"11"[39m
                [36m/>[39m
                [36m<path[39m
                  [33md[39m=[32m"M7 11V7a5 5 0 0 1 10 0v4"[39m
                [36m/>[39m
              [36m</svg>[39m
              [0m Password[0m
            [36m</label>[39m
            [36m<svg[39m
              [33maria-hidden[39m=[32m"true"[39m
              [33mclass[39m=[32m"lucide lucide-lock absolute left-4 top-[42px] w-5 h-5 text-zinc-600 group-focus-within:text-brand-pink transition-colors"[39m
              [33mfill[39m=[32m"none"[39m
              [33mheight[39m=[32m"24"[39m
              [33mstroke[39m=[32m"currentColor"[39m
              [33mstroke-linecap[39m=[32m"round"[39m
              [33mstroke-linejoin[39m=[32m"round"[39m
              [33mstroke-width[39m=[32m"2"[39m
              [33mviewBox[39m=[32m"0 0 24 24"[39m
              [33mwidth[39m=[32m"24"[39m
              [33mxmlns[39m=[32m"http://www.w3.org/2000/svg"[39m
            [36m>[39m
              [36m<rect[39m
                [33mheight[39m=[32m"11"[39m
                [33mrx[39m=[32m"2"[39m
                [33mry[39m=[32m"2"[39m
                [33mwidth[39m=[32m"18"[39m
                [33mx[39m=[32m"3"[39m
                [33my[39m=[32m"11"[39m
              [36m/>[39m
              [36m<path[39m
                [33md[39m=[32m"M7 11V7a5 5 0 0 1 10 0v4"[39m
              [36m/>[39m
            [36m</svg>[39m
            [36m<input[39m
              [33mclass[39m=[32m"w-full bg-zinc-800/50 border border-white/5 rounded-2xl px-12 py-4 text-white placeholder-zinc-600 focus:outline-none focus:ring-2 
focus:ring-brand-pink/50 focus:border-brand-pink/50 transition-all text-sm"[39m
              [33mplaceholder[39m=[32m"ÔÇóÔÇóÔÇóÔÇóÔÇóÔÇóÔÇóÔÇó"[39m
              [33mrequired[39m=[32m""[39m
              [33mtype[39m=[32m"password"[39m
              [33mvalue[39m=[32m""[39m
            [36m/>[39m
          [36m</div>[39m
        [36m</div>[39m
        [36m<button[39m
          [33mclass[39m=[32m"w-full py-4 rounded-[22px] bg-sunset-gradient text-white font-black uppercase tracking-tighter italic flex items-center justify-center gap-2 
hover:scale-[1.02] active:scale-95 transition-all disabled:opacity-30 shadow-xl shadow-brand-pink/10"[39m
          [33mtype[39m=[32m"submit"[39m
        [36m>[39m
          [36m<svg[39m
            [33maria-hidden[39m=[32m"true"[39m
            [33mclass[39m=[32m"lucide lucide-rocket w-5 h-5"[39m
            [33mfill[39m=[32m"none"[39m
            [33mheight[39m=[32m"24"[39m
            [33mstroke[39m=[32m"currentColor"[39m
            [33mstroke-linecap[39m=[32m"round"[39m
            [33mstroke-linejoin[39m=[32m"round"[39m
            [33mstroke-width[39m=[32m"2"[39m
            [33mviewBox[39m=[32m"0 0 24 24"[39m
            [33mwidth[39m=[32m"24"[39m
            [33mxmlns[39m=[32m"http://www.w3.org/2000/svg"[39m
          [36m>[39m
            [36m<path[39m
              [33md[39m=[32m"M4.5 16.5c-1.5 1.26-2 5-2 5s3.74-.5 5-2c.71-.84.7-2.13-.09-2.91a2.18 2.18 0 0 0-2.91-.09z"[39m
            [36m/>[39m
            [36m<path[39m
              [33md[39m=[32m"m12 15-3-3a22 22 0 0 1 2-3.95A12.88 12.88 0 0 1 22 2c0 2.72-.78 7.5-6 11a22.35 22.35 0 0 1-4 2z"[39m
            [36m/>[39m
            [36m<path[39m
              [33md[39m=[32m"M9 12H4s.55-3.03 2-4c1.62-1.08 5 0 5 0"[39m
            [36m/>[39m
            [36m<path[39m
              [33md[39m=[32m"M12 15v5s3.03-.55 4-2c1.08-1.62 0-5 0-5"[39m
            [36m/>[39m
          [36m</svg>[39m
          [36m<span>[39m
            [0mCrear Mi Tienda[0m
          [36m</span>[39m
        [36m</button>[39m
      [36m</form>[39m
    [36m</div>[39m
  [36m</div>[39m
[36m</body>[39m
[90m [2mÔØ»[22m Object.getElementError node_modules/@testing-library/dom/dist/config.js:[2m37:19[22m[39m
[90m [2mÔØ»[22m node_modules/@testing-library/dom/dist/query-helpers.js:[2m76:38[22m[39m
[90m [2mÔØ»[22m node_modules/@testing-library/dom/dist/query-helpers.js:[2m52:17[22m[39m
[90m [2mÔØ»[22m node_modules/@testing-library/dom/dist/query-helpers.js:[2m95:19[22m[39m
[36m [2mÔØ»[22m src/features/auth/AuthFlow.test.tsx:[2m105:28[22m[39m
    [90m103| [39m
    [90m104| [39m    [90m// Click the toggle to switch to email mode[39m
    [90m105| [39m    fireEvent[33m.[39m[34mclick[39m(screen[33m.[39m[34mgetByText[39m([36m/o usa tu correo electr├│nico/i[39m))[33m;[39m
    [90m   | [39m                           [31m^[39m
    [90m106| [39m
    [90m107| [39m    [90m// Now email input should be visible[39m

[31m[2mÔÄ»ÔÄ»ÔÄ»ÔÄ»ÔÄ»ÔÄ»ÔÄ»ÔÄ»ÔÄ»ÔÄ»ÔÄ»ÔÄ»ÔÄ»ÔÄ»ÔÄ»ÔÄ»ÔÄ»ÔÄ»ÔÄ»ÔÄ»ÔÄ»ÔÄ»[15/18]ÔÄ»[22m[39m

[41m[1m FAIL [22m[49m src/features/auth/components/SignInForm.test.tsx[2m > [22mSignInForm[2m > [22mshould render email, password inputs and a submit button
[31m[1mTestingLibraryElementError[22m[39m: Unable to find a label with the text of: /n├║mero de whatsapp/i

Ignored nodes: comments, script, style
[36m<body>[39m
  [36m<div>[39m
    [36m<div[39m
      [33mclass[39m=[32m"w-full space-y-8"[39m
    [36m>[39m
      [36m<div[39m
        [33mclass[39m=[32m"text-center"[39m
      [36m>[39m
        [36m<h2[39m
          [33mclass[39m=[32m"text-2xl font-black text-white uppercase italic tracking-tighter"[39m
        [36m>[39m
          [0mBienvenido de vuelta[0m
        [36m</h2>[39m
        [36m<p[39m
          [33mclass[39m=[32m"text-zinc-500 text-xs font-medium mt-1"[39m
        [36m>[39m
          [0mIngresa tus credenciales para continuar[0m
        [36m</p>[39m
      [36m</div>[39m
      [36m<form[39m
        [33mclass[39m=[32m"space-y-6"[39m
      [36m>[39m
        [36m<div[39m
          [33mclass[39m=[32m"space-y-4"[39m
        [36m>[39m
          [36m<div[39m
            [33mclass[39m=[32m"relative group"[39m
          [36m>[39m
            [36m<svg[39m
              [33maria-hidden[39m=[32m"true"[39m
              [33mclass[39m=[32m"lucide lucide-phone absolute left-4 top-1/2 -translate-y-1/2 w-5 h-5 text-zinc-600 group-focus-within:text-brand-neon transition-colors"[39m
              [33mfill[39m=[32m"none"[39m
              [33mheight[39m=[32m"24"[39m
              [33mstroke[39m=[32m"currentColor"[39m
              [33mstroke-linecap[39m=[32m"round"[39m
              [33mstroke-linejoin[39m=[32m"round"[39m
              [33mstroke-width[39m=[32m"2"[39m
              [33mviewBox[39m=[32m"0 0 24 24"[39m
              [33mwidth[39m=[32m"24"[39m
              [33mxmlns[39m=[32m"http://www.w3.org/2000/svg"[39m
            [36m>[39m
              [36m<path[39m
                [33md[39m=[32m"M13.832 16.568a1 1 0 0 0 1.213-.303l.355-.465A2 2 0 0 1 17 15h3a2 2 0 0 1 2 2v3a2 2 0 0 1-2 2A18 18 0 0 1 2 4a2 2 0 0 1 2-2h3a2 2 0 0 1 2 2v3a2 2 
0 0 1-.8 1.6l-.468.351a1 1 0 0 0-.292 1.233 14 14 0 0 0 6.392 6.384"[39m
              [36m/>[39m
            [36m</svg>[39m
            [36m<input[39m
              [33mclass[39m=[32m"w-full bg-zinc-800/50 border border-white/5 rounded-2xl px-12 py-4 text-white placeholder-zinc-600 focus:outline-none focus:ring-2 
focus:ring-brand-neon/50 focus:border-brand-neon/50 transition-all text-sm"[39m
              [33mid[39m=[32m"phone"[39m
              [33mname[39m=[32m"phone"[39m
              [33mplaceholder[39m=[32m"N├║mero de WhatsApp"[39m
              [33mrequired[39m=[32m""[39m
              [33mtype[39m=[32m"tel"[39m
              [33mvalue[39m=[32m""[39m
            [36m/>[39m
          [36m</div>[39m
          [36m<div[39m
            [33mclass[39m=[32m"relative group"[39m
          [36m>[39m
            [36m<svg[39m
              [33maria-hidden[39m=[32m"true"[39m
              [33mclass[39m=[32m"lucide lucide-lock absolute left-4 top-1/2 -translate-y-1/2 w-5 h-5 text-zinc-600 group-focus-within:text-brand-neon transition-colors"[39m
              [33mfill[39m=[32m"none"[39m
              [33mheight[39m=[32m"24"[39m
              [33mstroke[39m=[32m"currentColor"[39m
              [33mstroke-linecap[39m=[32m"round"[39m
              [33mstroke-linejoin[39m=[32m"round"[39m
              [33mstroke-width[39m=[32m"2"[39m
              [33mviewBox[39m=[32m"0 0 24 24"[39m
              [33mwidth[39m=[32m"24"[39m
              [33mxmlns[39m=[32m"http://www.w3.org/2000/svg"[39m
            [36m>[39m
              [36m<rect[39m
                [33mheight[39m=[32m"11"[39m
                [33mrx[39m=[32m"2"[39m
                [33mry[39m=[32m"2"[39m
                [33mwidth[39m=[32m"18"[39m
                [33mx[39m=[32m"3"[39m
                [33my[39m=[32m"11"[39m
              [36m/>[39m
              [36m<path[39m
                [33md[39m=[32m"M7 11V7a5 5 0 0 1 10 0v4"[39m
              [36m/>[39m
            [36m</svg>[39m
            [36m<input[39m
              [33mclass[39m=[32m"w-full bg-zinc-800/50 border border-white/5 rounded-2xl px-12 py-4 text-white placeholder-zinc-600 focus:outline-none focus:ring-2 
focus:ring-brand-neon/50 focus:border-brand-neon/50 transition-all text-sm"[39m
              [33mid[39m=[32m"password"[39m
              [33mname[39m=[32m"password"[39m
              [33mplaceholder[39m=[32m"Tu Contrase├▒a"[39m
              [33mrequired[39m=[32m""[39m
              [33mtype[39m=[32m"password"[39m
              [33mvalue[39m=[32m""[39m
            [36m/>[39m
          [36m</div>[39m
        [36m</div>[39m
        [36m<div[39m
          [33mclass[39m=[32m"flex justify-end"[39m
        [36m>[39m
          [36m<a[39m
            [33mclass[39m=[32m"text-[10px] font-black uppercase tracking-widest text-zinc-600 hover:text-brand-neon transition-colors"[39m
            [33mdata-discover[39m=[32m"true"[39m
            [33mhref[39m=[32m"/recovery"[39m
          [36m>[39m
            [0m┬┐Olvidaste tu contrase├▒a?[0m
          [36m</a>[39m
        [36m</div>[39m
        [36m<button[39m
          [33mclass[39m=[32m"w-full py-4 rounded-[22px] bg-sunset-gradient text-white font-black uppercase tracking-tighter italic flex items-center justify-center gap-2 
hover:scale-[1.02] active:scale-95 transition-all disabled:opacity-30 shadow-xl shadow-brand-pink/10"[39m
          [33mtype[39m=[32m"submit"[39m
        [36m>[39m
          [36m<svg[39m
            [33maria-hidden[39m=[32m"true"[39m
            [33mclass[39m=[32m"lucide lucide-arrow-right w-5 h-5"[39m
            [33mfill[39m=[32m"none"[39m
            [33mheight[39m=[32m"24"[39m
            [33mstroke[39m=[32m"currentColor"[39m
            [33mstroke-linecap[39m=[32m"round"[39m
            [33mstroke-linejoin[39m=[32m"round"[39m
            [33mstroke-width[39m=[32m"2"[39m
            [33mviewBox[39m=[32m"0 0 24 24"[39m
            [33mwidth[39m=[32m"24"[39m
            [33mxmlns[39m=[32m"http://www.w3.org/2000/svg"[39m
          [36m>[39m
            [36m<path[39m
              [33md[39m=[32m"M5 12h14"[39m
            [36m/>[39m
            [36m<path[39m
              [33md[39m=[32m"m12 5 7 7-7 7"[39m
            [36m/>[39m
          [36m</svg>[39m
          [36m<span>[39m
            [0mEntrar a mi Tienda[0m
          [36m</span>[39m
        [36m</button>[39m
      [36m</form>[39m
    [36m</div>[39m
  [36m</div>[39m
[36m</body>[39m
[90m [2mÔØ»[22m Object.getElementError node_modules/@testing-library/dom/dist/config.js:[2m37:19[22m[39m
[90m [2mÔØ»[22m getAllByLabelText node_modules/@testing-library/dom/dist/queries/label-text.js:[2m111:38[22m[39m
[90m [2mÔØ»[22m node_modules/@testing-library/dom/dist/query-helpers.js:[2m52:17[22m[39m
[90m [2mÔØ»[22m node_modules/@testing-library/dom/dist/query-helpers.js:[2m95:19[22m[39m
[36m [2mÔØ»[22m src/features/auth/components/SignInForm.test.tsx:[2m15:31[22m[39m
    [90m 13| [39m
    [90m 14| [39m    [90m// Check for phone input using the Spanish label[39m
    [90m 15| [39m    [35mconst[39m phoneInput [33m=[39m screen[33m.[39m[34mgetByLabelText[39m([36m/n├║mero de whatsapp/i[39m)[33m;[39m
    [90m   | [39m                              [31m^[39m
    [90m 16| [39m    [34mexpect[39m(phoneInput)[33m.[39m[34mtoBeInTheDocument[39m()[33m;[39m
    [90m 17| [39m

[31m[2mÔÄ»ÔÄ»ÔÄ»ÔÄ»ÔÄ»ÔÄ»ÔÄ»ÔÄ»ÔÄ»ÔÄ»ÔÄ»ÔÄ»ÔÄ»ÔÄ»ÔÄ»ÔÄ»ÔÄ»ÔÄ»ÔÄ»ÔÄ»ÔÄ»ÔÄ»[16/18]ÔÄ»[22m[39m

[41m[1m FAIL [22m[49m src/features/auth/components/SignUpForm.test.tsx[2m > [22mSignUpForm[2m > [22mdeber├¡a renderizar los campos y el bot├│n
[31m[1mTestingLibraryElementError[22m[39m: Unable to find a label with the text of: /n├║mero de whatsapp/i

Ignored nodes: comments, script, style
[36m<body>[39m
  [36m<div>[39m
    [36m<div[39m
      [33mclass[39m=[32m"w-full space-y-8"[39m
    [36m>[39m
      [36m<div[39m
        [33mclass[39m=[32m"text-center"[39m
      [36m>[39m
        [36m<h2[39m
          [33mclass[39m=[32m"text-2xl font-black text-white uppercase italic tracking-tighter"[39m
        [36m>[39m
          [0m├Ünete a la Revoluci├│n[0m
        [36m</h2>[39m
        [36m<p[39m
          [33mclass[39m=[32m"text-zinc-500 text-xs font-medium mt-1"[39m
        [36m>[39m
          [0mCrea tu cuenta y empieza a vender en segundos[0m
        [36m</p>[39m
      [36m</div>[39m
      [36m<form[39m
        [33mclass[39m=[32m"space-y-6"[39m
      [36m>[39m
        [36m<div[39m
          [33mclass[39m=[32m"space-y-6"[39m
        [36m>[39m
          [36m<div[39m
            [33mclass[39m=[32m"space-y-4"[39m
          [36m>[39m
            [36m<div[39m
              [33mclass[39m=[32m"relative group flex flex-col"[39m
            [36m>[39m
              [36m<label[39m
                [33mclass[39m=[32m"flex items-center gap-2 text-[10px] font-bold text-zinc-600 uppercase tracking-widest ml-1 mb-2"[39m
              [36m>[39m
                [36m<svg[39m
                  [33maria-hidden[39m=[32m"true"[39m
                  [33mclass[39m=[32m"lucide lucide-phone w-3 h-3"[39m
                  [33mfill[39m=[32m"none"[39m
                  [33mheight[39m=[32m"24"[39m
                  [33mstroke[39m=[32m"currentColor"[39m
                  [33mstroke-linecap[39m=[32m"round"[39m
                  [33mstroke-linejoin[39m=[32m"round"[39m
                  [33mstroke-width[39m=[32m"2"[39m
                  [33mviewBox[39m=[32m"0 0 24 24"[39m
                  [33mwidth[39m=[32m"24"[39m
                  [33mxmlns[39m=[32m"http://www.w3.org/2000/svg"[39m
                [36m>[39m
                  [36m<path[39m
                    [33md[39m=[32m"M13.832 16.568a1 1 0 0 0 1.213-.303l.355-.465A2 2 0 0 1 17 15h3a2 2 0 0 1 2 2v3a2 2 0 0 1-2 2A18 18 0 0 1 2 4a2 2 0 0 1 2-2h3a2 2 0 0 1 2 
2v3a2 2 0 0 1-.8 1.6l-.468.351a1 1 0 0 0-.292 1.233 14 14 0 0 0 6.392 6.384"[39m
                  [36m/>[39m
                [36m</svg>[39m
                [0m WhatsApp del Negocio[0m
              [36m</label>[39m
              [36m<div[39m
                [33mclass[39m=[32m"flex gap-2"[39m
              [36m>[39m
                [36m<select[39m
                  [33mclass[39m=[32m"w-[100px] bg-zinc-800/50 border border-white/5 rounded-2xl px-3 py-4 text-white text-xs focus:outline-none focus:ring-2 
focus:ring-brand-pink/50 transition-all appearance-none text-center font-bold"[39m
                [36m>[39m
                  [36m<option[39m
                    [33mclass[39m=[32m"bg-zinc-900"[39m
                    [33mvalue[39m=[32m"+505"[39m
                  [36m>[39m
                    [0m­ƒç│­ƒç«[0m
                    [0m [0m
                    [0m+505[0m
                  [36m</option>[39m
                  [36m<option[39m
                    [33mclass[39m=[32m"bg-zinc-900"[39m
                    [33mvalue[39m=[32m"+52"[39m
                  [36m>[39m
                    [0m­ƒç▓­ƒç¢[0m
                    [0m [0m
                    [0m+52[0m
                  [36m</option>[39m
                  [36m<option[39m
                    [33mclass[39m=[32m"bg-zinc-900"[39m
                    [33mvalue[39m=[32m"+57"[39m
                  [36m>[39m
                    [0m­ƒç¿­ƒç┤[0m
                    [0m [0m
                    [0m+57[0m
                  [36m</option>[39m
                  [36m<option[39m
                    [33mclass[39m=[32m"bg-zinc-900"[39m
                    [33mvalue[39m=[32m"+1"[39m
                  [36m>[39m
                    [0m­ƒç║­ƒç©[0m
                    [0m [0m
                    [0m+1[0m
                  [36m</option>[39m
                  [36m<option[39m
                    [33mclass[39m=[32m"bg-zinc-900"[39m
                    [33mvalue[39m=[32m"+34"[39m
                  [36m>[39m
                    [0m­ƒç¬­ƒç©[0m
                    [0m [0m
                    [0m+34[0m
                  [36m</option>[39m
                  [36m<option[39m
                    [33mclass[39m=[32m"bg-zinc-900"[39m
                    [33mvalue[39m=[32m"+54"[39m
                  [36m>[39m
                    [0m­ƒçª­ƒçÀ[0m
                    [0m [0m
                    [0m+54[0m
                  [36m</option>[39m
                  [36m<option[39m
                    [33mclass[39m=[32m"bg-zinc-900"[39m
                    [33mvalue[39m=[32m"+56"[39m
                  [36m>[39m
                    [0m­ƒç¿­ƒç▒[0m
                    [0m [0m
                    [0m+56[0m
                  [36m</option>[39m
                  [36m<option[39m
                    [33mclass[39m=[32m"bg-zinc-900"[39m
                    [33mvalue[39m=[32m"+51"[39m
                  [36m>[39m
                    [0m­ƒçÁ­ƒç¬[0m
                    [0m [0m
                    [0m+51[0m
                  [36m</option>[39m
                  [36m<option[39m
                    [33mclass[39m=[32m"bg-zinc-900"[39m
                    [33mvalue[39m=[32m"+506"[39m
                  [36m>[39m
                    [0m­ƒç¿­ƒçÀ[0m
                    [0m [0m
                    [0m+506[0m
                  [36m</option>[39m
                  [36m<option[39m
                    [33mclass[39m=[32m"bg-zinc-900"[39m
                    [33mvalue[39m=[32m"+502"[39m
                  [36m>[39m
                    [0m­ƒç¼­ƒç╣[0m
                    [0m [0m
                    [0m+502[0m
                  [36m</option>[39m
                  [36m<option[39m
                    [33mclass[39m=[32m"bg-zinc-900"[39m
                    [33mvalue[39m=[32m"+504"[39m
                  [36m>[39m
                    [0m­ƒç¡­ƒç│[0m
                    [0m [0m
                    [0m+504[0m
                  [36m</option>[39m
                  [36m<option[39m
                    [33mclass[39m=[32m"bg-zinc-900"[39m
                    [33mvalue[39m=[32m"+503"[39m
                  [36m>[39m
                    [0m­ƒç©­ƒç╗[0m
                    [0m [0m
                    [0m+503[0m
                  [36m</option>[39m
                  [36m<option[39m
                    [33mclass[39m=[32m"bg-zinc-900"[39m
                    [33mvalue[39m=[32m"+507"[39m
                  [36m>[39m
                    [0m­ƒçÁ­ƒçª[0m
                    [0m [0m
                    [0m+507[0m
                  [36m</option>[39m
                  [36m<option[39m
                    [33mclass[39m=[32m"bg-zinc-900"[39m
                    [33mvalue[39m=[32m"+591"[39m
                  [36m>[39m
                    [0m­ƒçº­ƒç┤[0m
                    [0m [0m
                    [0m+591[0m
                  [36m</option>[39m
                  [36m<option[39m
                    [33mclass[39m=[32m"bg-zinc-900"[39m
                    [33mvalue[39m=[32m"+593"[39m
                  [36m>[39m
                    [0m­ƒç¬­ƒç¿[0m
                    [0m [0m
                    [0m+593[0m
                  [36m</option>[39m
                  [36m<option[39m
                    [33mclass[39m=[32m"bg-zinc-900"[39m
                    [33mvalue[39m=[32m"+598"[39m
                  [36m>[39m
                    [0m­ƒç║­ƒç¥[0m
                    [0m [0m
                    [0m+598[0m
                  [36m</option>[39m
                  [36m<option[39m
                    [33mclass[39m=[32m"bg-zinc-900"[39m
                    [33mvalue[39m=[32m"+595"[39m
                  [36m>[39m
                    [0m­ƒçÁ­ƒç¥[0m
                    [0m [0m
                    [0m+595[0m
                  [36m</option>[39m
                  [36m<option[39m
                    [33mclass[39m=[32m"bg-zinc-900"[39m
                    [33mvalue[39m=[32m"+58"[39m
                  [36m>[39m
                    [0m­ƒç╗­ƒç¬[0m
                    [0m [0m
                    [0m+58[0m
                  [36m</option>[39m
                [36m</select>[39m
                [36m<div[39m
                  [33mclass[39m=[32m"relative flex-grow group"[39m
                [36m>[39m
                  [36m<svg[39m
                    [33maria-hidden[39m=[32m"true"[39m
                    [33mclass[39m=[32m"lucide lucide-hash absolute left-4 top-1/2 -translate-y-1/2 w-4 h-4 text-zinc-600 group-focus-within:text-brand-pink"[39m
                    [33mfill[39m=[32m"none"[39m
                    [33mheight[39m=[32m"24"[39m
                    [33mstroke[39m=[32m"currentColor"[39m
                    [33mstroke-linecap[39m=[32m"round"[39m
                    [33mstroke-linejoin[39m=[32m"round"[39m
                    [33mstroke-width[39m=[32m"2"[39m
                    [33mviewBox[39m=[32m"0 0 24 24"[39m
                    [33mwidth[39m=[32m"24"[39m
                    [33mxmlns[39m=[32m"http://www.w3.org/2000/svg"[39m
                  [36m>[39m
                    [36m<line[39m
                      [33mx1[39m=[32m"4"[39m
                      [33mx2[39m=[32m"20"[39m
                      [33my1[39m=[32m"9"[39m
                      [33my2[39m=[32m"9"[39m
                    [36m/>[39m
                    [36m<line[39m
                      [33mx1[39m=[32m"4"[39m
                      [33mx2[39m=[32m"20"[39m
                      [33my1[39m=[32m"15"[39m
                      [33my2[39m=[32m"15"[39m
                    [36m/>[39m
                    [36m<line[39m
                      [33mx1[39m=[32m"10"[39m
                      [33mx2[39m=[32m"8"[39m
                      [33my1[39m=[32m"3"[39m
                      [33my2[39m=[32m"21"[39m
                    [36m/>[39m
                    [36m<line[39m
                      [33mx1[39m=[32m"16"[39m
                      [33mx2[39m=[32m"14"[39m
                      [33my1[39m=[32m"3"[39m
                      [33my2[39m=[32m"21"[39m
                    [36m/>[39m
                  [36m</svg>[39m
                  [36m<input[39m
                    [33mclass[39m=[32m"w-full bg-zinc-800/50 border border-white/5 rounded-2xl px-10 py-4 text-white placeholder-zinc-700 focus:outline-none focus:ring-2 
focus:ring-brand-pink/50 transition-all font-bold text-sm"[39m
                    [33mplaceholder[39m=[32m"8888 8888"[39m
                    [33mrequired[39m=[32m""[39m
                    [33mtype[39m=[32m"tel"[39m
                    [33mvalue[39m=[32m""[39m
                  [36m/>[39m
                [36m</div>[39m
              [36m</div>[39m
            [36m</div>[39m
            [36m<div[39m
              [33mclass[39m=[32m"p-4 bg-brand-pink/5 border border-brand-pink/20 rounded-2xl flex items-start gap-3"[39m
            [36m>[39m
              [36m<svg[39m
                [33maria-hidden[39m=[32m"true"[39m
                [33mclass[39m=[32m"lucide lucide-info w-5 h-5 text-brand-pink shrink-0 mt-0.5"[39m
                [33mfill[39m=[32m"none"[39m
                [33mheight[39m=[32m"24"[39m
                [33mstroke[39m=[32m"currentColor"[39m
                [33mstroke-linecap[39m=[32m"round"[39m
                [33mstroke-linejoin[39m=[32m"round"[39m
                [33mstroke-width[39m=[32m"2"[39m
                [33mviewBox[39m=[32m"0 0 24 24"[39m
                [33mwidth[39m=[32m"24"[39m
                [33mxmlns[39m=[32m"http://www.w3.org/2000/svg"[39m
              [36m>[39m
                [36m<circle[39m
                  [33mcx[39m=[32m"12"[39m
                  [33mcy[39m=[32m"12"[39m
                  [33mr[39m=[32m"10"[39m
                [36m/>[39m
                [36m<path[39m
                  [33md[39m=[32m"M12 16v-4"[39m
                [36m/>[39m
                [36m<path[39m
                  [33md[39m=[32m"M12 8h.01"[39m
                [36m/>[39m
              [36m</svg>[39m
              [36m<p[39m
                [33mclass[39m=[32m"text-[10px] text-zinc-400 font-medium leading-relaxed"[39m
              [36m>[39m
                [0mEste ser├í el n├║mero oficial de tu negocio. Por seguridad, [0m
                [36m<span[39m
                  [33mclass[39m=[32m"text-white font-bold italic"[39m
                [36m>[39m
                  [0mno podr├í ser cambiado[0m
                [36m</span>[39m
                [0m despu├®s del registro.[0m
              [36m</p>[39m
            [36m</div>[39m
          [36m</div>[39m
          [36m<div[39m
            [33mclass[39m=[32m"text-center"[39m
          [36m>[39m
            [36m<button[39m
              [33mclass[39m=[32m"text-[10px] font-black uppercase tracking-[0.2em] text-zinc-600 hover:text-brand-pink transition-colors"[39m
              [33mtype[39m=[32m"button"[39m
            [36m>[39m
              [0mO USAR EMAIL[0m
            [36m</button>[39m
          [36m</div>[39m
          [36m<div[39m
            [33mclass[39m=[32m"relative group"[39m
          [36m>[39m
            [36m<label[39m
              [33mclass[39m=[32m"flex items-center gap-2 text-[10px] font-bold text-zinc-600 uppercase tracking-widest ml-1 mb-2"[39m
            [36m>[39m
              [36m<svg[39m
                [33maria-hidden[39m=[32m"true"[39m
                [33mclass[39m=[32m"lucide lucide-lock w-3 h-3"[39m
                [33mfill[39m=[32m"none"[39m
                [33mheight[39m=[32m"24"[39m
                [33mstroke[39m=[32m"currentColor"[39m
                [33mstroke-linecap[39m=[32m"round"[39m
                [33mstroke-linejoin[39m=[32m"round"[39m
                [33mstroke-width[39m=[32m"2"[39m
                [33mviewBox[39m=[32m"0 0 24 24"[39m
                [33mwidth[39m=[32m"24"[39m
                [33mxmlns[39m=[32m"http://www.w3.org/2000/svg"[39m
              [36m>[39m
                [36m<rect[39m
                  [33mheight[39m=[32m"11"[39m
                  [33mrx[39m=[32m"2"[39m
                  [33mry[39m=[32m"2"[39m
                  [33mwidth[39m=[32m"18"[39m
                  [33mx[39m=[32m"3"[39m
                  [33my[39m=[32m"11"[39m
                [36m/>[39m
                [36m<path[39m
                  [33md[39m=[32m"M7 11V7a5 5 0 0 1 10 0v4"[39m
                [36m/>[39m
              [36m</svg>[39m
              [0m Password[0m
            [36m</label>[39m
            [36m<svg[39m
              [33maria-hidden[39m=[32m"true"[39m
              [33mclass[39m=[32m"lucide lucide-lock absolute left-4 top-[42px] w-5 h-5 text-zinc-600 group-focus-within:text-brand-pink transition-colors"[39m
              [33mfill[39m=[32m"none"[39m
              [33mheight[39m=[32m"24"[39m
              [33mstroke[39m=[32m"currentColor"[39m
              [33mstroke-linecap[39m=[32m"round"[39m
              [33mstroke-linejoin[39m=[32m"round"[39m
              [33mstroke-width[39m=[32m"2"[39m
              [33mviewBox[39m=[32m"0 0 24 24"[39m
              [33mwidth[39m=[32m"24"[39m
              [33mxmlns[39m=[32m"http://www.w3.org/2000/svg"[39m
            [36m>[39m
              [36m<rect[39m
                [33mheight[39m=[32m"11"[39m
                [33mrx[39m=[32m"2"[39m
                [33mry[39m=[32m"2"[39m
                [33mwidth[39m=[32m"18"[39m
                [33mx[39m=[32m"3"[39m
                [33my[39m=[32m"11"[39m
              [36m/>[39m
              [36m<path[39m
                [33md[39m=[32m"M7 11V7a5 5 0 0 1 10 0v4"[39m
              [36m/>[39m
            [36m</svg>[39m
            [36m<input[39m
              [33mclass[39m=[32m"w-full bg-zinc-800/50 border border-white/5 rounded-2xl px-12 py-4 text-white placeholder-zinc-600 focus:outline-none focus:ring-2 
focus:ring-brand-pink/50 focus:border-brand-pink/50 transition-all text-sm"[39m
              [33mplaceholder[39m=[32m"ÔÇóÔÇóÔÇóÔÇóÔÇóÔÇóÔÇóÔÇó"[39m
              [33mrequired[39m=[32m""[39m
              [33mtype[39m=[32m"password"[39m
              [33mvalue[39m=[32m""[39m
            [36m/>[39m
          [36m</div>[39m
        [36m</div>[39m
        [36m<button[39m
          [33mclass[39m=[32m"w-full py-4 rounded-[22px] bg-sunset-gradient text-white font-black uppercase tracking-tighter italic flex items-center justify-center gap-2 
hover:scale-[1.02] active:scale-95 transition-all disabled:opacity-30 shadow-xl shadow-brand-pink/10"[39m
          [33mtype[39m=[32m"submit"[39m
        [36m>[39m
          [36m<svg[39m
            [33maria-hidden[39m=[32m"true"[39m
            [33mclass[39m=[32m"lucide lucide-rocket w-5 h-5"[39m
            [33mfill[39m=[32m"none"[39m
            [33mheight[39m=[32m"24"[39m
            [33mstroke[39m=[32m"currentColor"[39m
            [33mstroke-linecap[39m=[32m"round"[39m
            [33mstroke-linejoin[39m=[32m"round"[39m
            [33mstroke-width[39m=[32m"2"[39m
            [33mviewBox[39m=[32m"0 0 24 24"[39m
            [33mwidth[39m=[32m"24"[39m
            [33mxmlns[39m=[32m"http://www.w3.org/2000/svg"[39m
          [36m>[39m
            [36m<path[39m
              [33md[39m=[32m"M4.5 16.5c-1.5 1.26-2 5-2 5s3.74-.5 5-2c.71-.84.7-2.13-.09-2.91a2.18 2.18 0 0 0-2.91-.09z"[39m
            [36m/>[39m
            [36m<path[39m
              [33md[39m=[32m"m12 15-3-3a22 22 0 0 1 2-3.95A12.88 12.88 0 0 1 22 2c0 2.72-.78 7.5-6 11a22.35 22.35 0 0 1-4 2z"[39m
            [36m/>[39m
            [36m<path[39m
              [33md[39m=[32m"M9 12H4s.55-3.03 2-4c1.62-1.08 5 0 5 0"[39m
            [36m/>[39m
            [36m<path[39m
              [33md[39m=[32m"M12 15v5s3.03-.55 4-2c1.08-1.62 0-5 0-5"[39m
            [36m/>[39m
          [36m</svg>[39m
          [36m<span>[39m
            [0mCrear Mi Tienda[0m
          [36m</span>[39m
        [36m</button>[39m
      [36m</form>[39m
    [36m</div>[39m
  [36m</div>[39m
[36m</body>[39m
[90m [2mÔØ»[22m Object.getElementError node_modules/@testing-library/dom/dist/config.js:[2m37:19[22m[39m
[90m [2mÔØ»[22m getAllByLabelText node_modules/@testing-library/dom/dist/queries/label-text.js:[2m111:38[22m[39m
[90m [2mÔØ»[22m node_modules/@testing-library/dom/dist/query-helpers.js:[2m52:17[22m[39m
[90m [2mÔØ»[22m node_modules/@testing-library/dom/dist/query-helpers.js:[2m95:19[22m[39m
[36m [2mÔØ»[22m src/features/auth/components/SignUpForm.test.tsx:[2m69:19[22m[39m
    [90m 67| [39m  [34mit[39m([32m'deber├¡a renderizar los campos y el bot├│n'[39m[33m,[39m () [33m=>[39m {
    [90m 68| [39m    render(<SignUpForm onSwitchToSignIn={mockOnSwitch} />, { wrapper: ÔÇª
    [90m 69| [39m    expect(screen.getByLabelText(/n├║mero de whatsapp/i)).toBeInTheDocuÔÇª
    [90m   | [39m                  [31m^[39m
    [90m 70| [39m    [34mexpect[39m(screen[33m.[39m[34mgetByLabelText[39m([36m/contrase├▒a/i[39m))[33m.[39m[34mtoBeInTheDocument[39m()[33m;[39m
    [90m 71| [39m    expect(screen.getByRole('button', { name: /crear cuenta/i })).toBeÔÇª

[31m[2mÔÄ»ÔÄ»ÔÄ»ÔÄ»ÔÄ»ÔÄ»ÔÄ»ÔÄ»ÔÄ»ÔÄ»ÔÄ»ÔÄ»ÔÄ»ÔÄ»ÔÄ»ÔÄ»ÔÄ»ÔÄ»ÔÄ»ÔÄ»ÔÄ»ÔÄ»[17/18]ÔÄ»[22m[39m

[41m[1m FAIL [22m[49m src/features/auth/components/SignUpForm.test.tsx[2m > [22mSignUpForm[2m > [22mdeber├¡a mostrar un error si el registro falla
[31m[1mTestingLibraryElementError[22m[39m: Unable to find a label with the text of: /n├║mero de whatsapp/i

Ignored nodes: comments, script, style
[36m<body>[39m
  [36m<div>[39m
    [36m<div[39m
      [33mclass[39m=[32m"w-full space-y-8"[39m
    [36m>[39m
      [36m<div[39m
        [33mclass[39m=[32m"text-center"[39m
      [36m>[39m
        [36m<h2[39m
          [33mclass[39m=[32m"text-2xl font-black text-white uppercase italic tracking-tighter"[39m
        [36m>[39m
          [0m├Ünete a la Revoluci├│n[0m
        [36m</h2>[39m
        [36m<p[39m
          [33mclass[39m=[32m"text-zinc-500 text-xs font-medium mt-1"[39m
        [36m>[39m
          [0mCrea tu cuenta y empieza a vender en segundos[0m
        [36m</p>[39m
      [36m</div>[39m
      [36m<form[39m
        [33mclass[39m=[32m"space-y-6"[39m
      [36m>[39m
        [36m<div[39m
          [33mclass[39m=[32m"space-y-6"[39m
        [36m>[39m
          [36m<div[39m
            [33mclass[39m=[32m"space-y-4"[39m
          [36m>[39m
            [36m<div[39m
              [33mclass[39m=[32m"relative group flex flex-col"[39m
            [36m>[39m
              [36m<label[39m
                [33mclass[39m=[32m"flex items-center gap-2 text-[10px] font-bold text-zinc-600 uppercase tracking-widest ml-1 mb-2"[39m
              [36m>[39m
                [36m<svg[39m
                  [33maria-hidden[39m=[32m"true"[39m
                  [33mclass[39m=[32m"lucide lucide-phone w-3 h-3"[39m
                  [33mfill[39m=[32m"none"[39m
                  [33mheight[39m=[32m"24"[39m
                  [33mstroke[39m=[32m"currentColor"[39m
                  [33mstroke-linecap[39m=[32m"round"[39m
                  [33mstroke-linejoin[39m=[32m"round"[39m
                  [33mstroke-width[39m=[32m"2"[39m
                  [33mviewBox[39m=[32m"0 0 24 24"[39m
                  [33mwidth[39m=[32m"24"[39m
                  [33mxmlns[39m=[32m"http://www.w3.org/2000/svg"[39m
                [36m>[39m
                  [36m<path[39m
                    [33md[39m=[32m"M13.832 16.568a1 1 0 0 0 1.213-.303l.355-.465A2 2 0 0 1 17 15h3a2 2 0 0 1 2 2v3a2 2 0 0 1-2 2A18 18 0 0 1 2 4a2 2 0 0 1 2-2h3a2 2 0 0 1 2 
2v3a2 2 0 0 1-.8 1.6l-.468.351a1 1 0 0 0-.292 1.233 14 14 0 0 0 6.392 6.384"[39m
                  [36m/>[39m
                [36m</svg>[39m
                [0m WhatsApp del Negocio[0m
              [36m</label>[39m
              [36m<div[39m
                [33mclass[39m=[32m"flex gap-2"[39m
              [36m>[39m
                [36m<select[39m
                  [33mclass[39m=[32m"w-[100px] bg-zinc-800/50 border border-white/5 rounded-2xl px-3 py-4 text-white text-xs focus:outline-none focus:ring-2 
focus:ring-brand-pink/50 transition-all appearance-none text-center font-bold"[39m
                [36m>[39m
                  [36m<option[39m
                    [33mclass[39m=[32m"bg-zinc-900"[39m
                    [33mvalue[39m=[32m"+505"[39m
                  [36m>[39m
                    [0m­ƒç│­ƒç«[0m
                    [0m [0m
                    [0m+505[0m
                  [36m</option>[39m
                  [36m<option[39m
                    [33mclass[39m=[32m"bg-zinc-900"[39m
                    [33mvalue[39m=[32m"+52"[39m
                  [36m>[39m
                    [0m­ƒç▓­ƒç¢[0m
                    [0m [0m
                    [0m+52[0m
                  [36m</option>[39m
                  [36m<option[39m
                    [33mclass[39m=[32m"bg-zinc-900"[39m
                    [33mvalue[39m=[32m"+57"[39m
                  [36m>[39m
                    [0m­ƒç¿­ƒç┤[0m
                    [0m [0m
                    [0m+57[0m
                  [36m</option>[39m
                  [36m<option[39m
                    [33mclass[39m=[32m"bg-zinc-900"[39m
                    [33mvalue[39m=[32m"+1"[39m
                  [36m>[39m
                    [0m­ƒç║­ƒç©[0m
                    [0m [0m
                    [0m+1[0m
                  [36m</option>[39m
                  [36m<option[39m
                    [33mclass[39m=[32m"bg-zinc-900"[39m
                    [33mvalue[39m=[32m"+34"[39m
                  [36m>[39m
                    [0m­ƒç¬­ƒç©[0m
                    [0m [0m
                    [0m+34[0m
                  [36m</option>[39m
                  [36m<option[39m
                    [33mclass[39m=[32m"bg-zinc-900"[39m
                    [33mvalue[39m=[32m"+54"[39m
                  [36m>[39m
                    [0m­ƒçª­ƒçÀ[0m
                    [0m [0m
                    [0m+54[0m
                  [36m</option>[39m
                  [36m<option[39m
                    [33mclass[39m=[32m"bg-zinc-900"[39m
                    [33mvalue[39m=[32m"+56"[39m
                  [36m>[39m
                    [0m­ƒç¿­ƒç▒[0m
                    [0m [0m
                    [0m+56[0m
                  [36m</option>[39m
                  [36m<option[39m
                    [33mclass[39m=[32m"bg-zinc-900"[39m
                    [33mvalue[39m=[32m"+51"[39m
                  [36m>[39m
                    [0m­ƒçÁ­ƒç¬[0m
                    [0m [0m
                    [0m+51[0m
                  [36m</option>[39m
                  [36m<option[39m
                    [33mclass[39m=[32m"bg-zinc-900"[39m
                    [33mvalue[39m=[32m"+506"[39m
                  [36m>[39m
                    [0m­ƒç¿­ƒçÀ[0m
                    [0m [0m
                    [0m+506[0m
                  [36m</option>[39m
                  [36m<option[39m
                    [33mclass[39m=[32m"bg-zinc-900"[39m
                    [33mvalue[39m=[32m"+502"[39m
                  [36m>[39m
                    [0m­ƒç¼­ƒç╣[0m
                    [0m [0m
                    [0m+502[0m
                  [36m</option>[39m
                  [36m<option[39m
                    [33mclass[39m=[32m"bg-zinc-900"[39m
                    [33mvalue[39m=[32m"+504"[39m
                  [36m>[39m
                    [0m­ƒç¡­ƒç│[0m
                    [0m [0m
                    [0m+504[0m
                  [36m</option>[39m
                  [36m<option[39m
                    [33mclass[39m=[32m"bg-zinc-900"[39m
                    [33mvalue[39m=[32m"+503"[39m
                  [36m>[39m
                    [0m­ƒç©­ƒç╗[0m
                    [0m [0m
                    [0m+503[0m
                  [36m</option>[39m
                  [36m<option[39m
                    [33mclass[39m=[32m"bg-zinc-900"[39m
                    [33mvalue[39m=[32m"+507"[39m
                  [36m>[39m
                    [0m­ƒçÁ­ƒçª[0m
                    [0m [0m
                    [0m+507[0m
                  [36m</option>[39m
                  [36m<option[39m
                    [33mclass[39m=[32m"bg-zinc-900"[39m
                    [33mvalue[39m=[32m"+591"[39m
                  [36m>[39m
                    [0m­ƒçº­ƒç┤[0m
                    [0m [0m
                    [0m+591[0m
                  [36m</option>[39m
                  [36m<option[39m
                    [33mclass[39m=[32m"bg-zinc-900"[39m
                    [33mvalue[39m=[32m"+593"[39m
                  [36m>[39m
                    [0m­ƒç¬­ƒç¿[0m
                    [0m [0m
                    [0m+593[0m
                  [36m</option>[39m
                  [36m<option[39m
                    [33mclass[39m=[32m"bg-zinc-900"[39m
                    [33mvalue[39m=[32m"+598"[39m
                  [36m>[39m
                    [0m­ƒç║­ƒç¥[0m
                    [0m [0m
                    [0m+598[0m
                  [36m</option>[39m
                  [36m<option[39m
                    [33mclass[39m=[32m"bg-zinc-900"[39m
                    [33mvalue[39m=[32m"+595"[39m
                  [36m>[39m
                    [0m­ƒçÁ­ƒç¥[0m
                    [0m [0m
                    [0m+595[0m
                  [36m</option>[39m
                  [36m<option[39m
                    [33mclass[39m=[32m"bg-zinc-900"[39m
                    [33mvalue[39m=[32m"+58"[39m
                  [36m>[39m
                    [0m­ƒç╗­ƒç¬[0m
                    [0m [0m
                    [0m+58[0m
                  [36m</option>[39m
                [36m</select>[39m
                [36m<div[39m
                  [33mclass[39m=[32m"relative flex-grow group"[39m
                [36m>[39m
                  [36m<svg[39m
                    [33maria-hidden[39m=[32m"true"[39m
                    [33mclass[39m=[32m"lucide lucide-hash absolute left-4 top-1/2 -translate-y-1/2 w-4 h-4 text-zinc-600 group-focus-within:text-brand-pink"[39m
                    [33mfill[39m=[32m"none"[39m
                    [33mheight[39m=[32m"24"[39m
                    [33mstroke[39m=[32m"currentColor"[39m
                    [33mstroke-linecap[39m=[32m"round"[39m
                    [33mstroke-linejoin[39m=[32m"round"[39m
                    [33mstroke-width[39m=[32m"2"[39m
                    [33mviewBox[39m=[32m"0 0 24 24"[39m
                    [33mwidth[39m=[32m"24"[39m
                    [33mxmlns[39m=[32m"http://www.w3.org/2000/svg"[39m
                  [36m>[39m
                    [36m<line[39m
                      [33mx1[39m=[32m"4"[39m
                      [33mx2[39m=[32m"20"[39m
                      [33my1[39m=[32m"9"[39m
                      [33my2[39m=[32m"9"[39m
                    [36m/>[39m
                    [36m<line[39m
                      [33mx1[39m=[32m"4"[39m
                      [33mx2[39m=[32m"20"[39m
                      [33my1[39m=[32m"15"[39m
                      [33my2[39m=[32m"15"[39m
                    [36m/>[39m
                    [36m<line[39m
                      [33mx1[39m=[32m"10"[39m
                      [33mx2[39m=[32m"8"[39m
                      [33my1[39m=[32m"3"[39m
                      [33my2[39m=[32m"21"[39m
                    [36m/>[39m
                    [36m<line[39m
                      [33mx1[39m=[32m"16"[39m
                      [33mx2[39m=[32m"14"[39m
                      [33my1[39m=[32m"3"[39m
                      [33my2[39m=[32m"21"[39m
                    [36m/>[39m
                  [36m</svg>[39m
                  [36m<input[39m
                    [33mclass[39m=[32m"w-full bg-zinc-800/50 border border-white/5 rounded-2xl px-10 py-4 text-white placeholder-zinc-700 focus:outline-none focus:ring-2 
focus:ring-brand-pink/50 transition-all font-bold text-sm"[39m
                    [33mplaceholder[39m=[32m"8888 8888"[39m
                    [33mrequired[39m=[32m""[39m
                    [33mtype[39m=[32m"tel"[39m
                    [33mvalue[39m=[32m""[39m
                  [36m/>[39m
                [36m</div>[39m
              [36m</div>[39m
            [36m</div>[39m
            [36m<div[39m
              [33mclass[39m=[32m"p-4 bg-brand-pink/5 border border-brand-pink/20 rounded-2xl flex items-start gap-3"[39m
            [36m>[39m
              [36m<svg[39m
                [33maria-hidden[39m=[32m"true"[39m
                [33mclass[39m=[32m"lucide lucide-info w-5 h-5 text-brand-pink shrink-0 mt-0.5"[39m
                [33mfill[39m=[32m"none"[39m
                [33mheight[39m=[32m"24"[39m
                [33mstroke[39m=[32m"currentColor"[39m
                [33mstroke-linecap[39m=[32m"round"[39m
                [33mstroke-linejoin[39m=[32m"round"[39m
                [33mstroke-width[39m=[32m"2"[39m
                [33mviewBox[39m=[32m"0 0 24 24"[39m
                [33mwidth[39m=[32m"24"[39m
                [33mxmlns[39m=[32m"http://www.w3.org/2000/svg"[39m
              [36m>[39m
                [36m<circle[39m
                  [33mcx[39m=[32m"12"[39m
                  [33mcy[39m=[32m"12"[39m
                  [33mr[39m=[32m"10"[39m
                [36m/>[39m
                [36m<path[39m
                  [33md[39m=[32m"M12 16v-4"[39m
                [36m/>[39m
                [36m<path[39m
                  [33md[39m=[32m"M12 8h.01"[39m
                [36m/>[39m
              [36m</svg>[39m
              [36m<p[39m
                [33mclass[39m=[32m"text-[10px] text-zinc-400 font-medium leading-relaxed"[39m
              [36m>[39m
                [0mEste ser├í el n├║mero oficial de tu negocio. Por seguridad, [0m
                [36m<span[39m
                  [33mclass[39m=[32m"text-white font-bold italic"[39m
                [36m>[39m
                  [0mno podr├í ser cambiado[0m
                [36m</span>[39m
                [0m despu├®s del registro.[0m
              [36m</p>[39m
            [36m</div>[39m
          [36m</div>[39m
          [36m<div[39m
            [33mclass[39m=[32m"text-center"[39m
          [36m>[39m
            [36m<button[39m
              [33mclass[39m=[32m"text-[10px] font-black uppercase tracking-[0.2em] text-zinc-600 hover:text-brand-pink transition-colors"[39m
              [33mtype[39m=[32m"button"[39m
            [36m>[39m
              [0mO USAR EMAIL[0m
            [36m</button>[39m
          [36m</div>[39m
          [36m<div[39m
            [33mclass[39m=[32m"relative group"[39m
          [36m>[39m
            [36m<label[39m
              [33mclass[39m=[32m"flex items-center gap-2 text-[10px] font-bold text-zinc-600 uppercase tracking-widest ml-1 mb-2"[39m
            [36m>[39m
              [36m<svg[39m
                [33maria-hidden[39m=[32m"true"[39m
                [33mclass[39m=[32m"lucide lucide-lock w-3 h-3"[39m
                [33mfill[39m=[32m"none"[39m
                [33mheight[39m=[32m"24"[39m
                [33mstroke[39m=[32m"currentColor"[39m
                [33mstroke-linecap[39m=[32m"round"[39m
                [33mstroke-linejoin[39m=[32m"round"[39m
                [33mstroke-width[39m=[32m"2"[39m
                [33mviewBox[39m=[32m"0 0 24 24"[39m
                [33mwidth[39m=[32m"24"[39m
                [33mxmlns[39m=[32m"http://www.w3.org/2000/svg"[39m
              [36m>[39m
                [36m<rect[39m
                  [33mheight[39m=[32m"11"[39m
                  [33mrx[39m=[32m"2"[39m
                  [33mry[39m=[32m"2"[39m
                  [33mwidth[39m=[32m"18"[39m
                  [33mx[39m=[32m"3"[39m
                  [33my[39m=[32m"11"[39m
                [36m/>[39m
                [36m<path[39m
                  [33md[39m=[32m"M7 11V7a5 5 0 0 1 10 0v4"[39m
                [36m/>[39m
              [36m</svg>[39m
              [0m Password[0m
            [36m</label>[39m
            [36m<svg[39m
              [33maria-hidden[39m=[32m"true"[39m
              [33mclass[39m=[32m"lucide lucide-lock absolute left-4 top-[42px] w-5 h-5 text-zinc-600 group-focus-within:text-brand-pink transition-colors"[39m
              [33mfill[39m=[32m"none"[39m
              [33mheight[39m=[32m"24"[39m
              [33mstroke[39m=[32m"currentColor"[39m
              [33mstroke-linecap[39m=[32m"round"[39m
              [33mstroke-linejoin[39m=[32m"round"[39m
              [33mstroke-width[39m=[32m"2"[39m
              [33mviewBox[39m=[32m"0 0 24 24"[39m
              [33mwidth[39m=[32m"24"[39m
              [33mxmlns[39m=[32m"http://www.w3.org/2000/svg"[39m
            [36m>[39m
              [36m<rect[39m
                [33mheight[39m=[32m"11"[39m
                [33mrx[39m=[32m"2"[39m
                [33mry[39m=[32m"2"[39m
                [33mwidth[39m=[32m"18"[39m
                [33mx[39m=[32m"3"[39m
                [33my[39m=[32m"11"[39m
              [36m/>[39m
              [36m<path[39m
                [33md[39m=[32m"M7 11V7a5 5 0 0 1 10 0v4"[39m
              [36m/>[39m
            [36m</svg>[39m
            [36m<input[39m
              [33mclass[39m=[32m"w-full bg-zinc-800/50 border border-white/5 rounded-2xl px-12 py-4 text-white placeholder-zinc-600 focus:outline-none focus:ring-2 
focus:ring-brand-pink/50 focus:border-brand-pink/50 transition-all text-sm"[39m
              [33mplaceholder[39m=[32m"ÔÇóÔÇóÔÇóÔÇóÔÇóÔÇóÔÇóÔÇó"[39m
              [33mrequired[39m=[32m""[39m
              [33mtype[39m=[32m"password"[39m
              [33mvalue[39m=[32m""[39m
            [36m/>[39m
          [36m</div>[39m
        [36m</div>[39m
        [36m<button[39m
          [33mclass[39m=[32m"w-full py-4 rounded-[22px] bg-sunset-gradient text-white font-black uppercase tracking-tighter italic flex items-center justify-center gap-2 
hover:scale-[1.02] active:scale-95 transition-all disabled:opacity-30 shadow-xl shadow-brand-pink/10"[39m
          [33mtype[39m=[32m"submit"[39m
        [36m>[39m
          [36m<svg[39m
            [33maria-hidden[39m=[32m"true"[39m
            [33mclass[39m=[32m"lucide lucide-rocket w-5 h-5"[39m
            [33mfill[39m=[32m"none"[39m
            [33mheight[39m=[32m"24"[39m
            [33mstroke[39m=[32m"currentColor"[39m
            [33mstroke-linecap[39m=[32m"round"[39m
            [33mstroke-linejoin[39m=[32m"round"[39m
            [33mstroke-width[39m=[32m"2"[39m
            [33mviewBox[39m=[32m"0 0 24 24"[39m
            [33mwidth[39m=[32m"24"[39m
            [33mxmlns[39m=[32m"http://www.w3.org/2000/svg"[39m
          [36m>[39m
            [36m<path[39m
              [33md[39m=[32m"M4.5 16.5c-1.5 1.26-2 5-2 5s3.74-.5 5-2c.71-.84.7-2.13-.09-2.91a2.18 2.18 0 0 0-2.91-.09z"[39m
            [36m/>[39m
            [36m<path[39m
              [33md[39m=[32m"m12 15-3-3a22 22 0 0 1 2-3.95A12.88 12.88 0 0 1 22 2c0 2.72-.78 7.5-6 11a22.35 22.35 0 0 1-4 2z"[39m
            [36m/>[39m
            [36m<path[39m
              [33md[39m=[32m"M9 12H4s.55-3.03 2-4c1.62-1.08 5 0 5 0"[39m
            [36m/>[39m
            [36m<path[39m
              [33md[39m=[32m"M12 15v5s3.03-.55 4-2c1.08-1.62 0-5 0-5"[39m
            [36m/>[39m
          [36m</svg>[39m
          [36m<span>[39m
            [0mCrear Mi Tienda[0m
          [36m</span>[39m
        [36m</button>[39m
      [36m</form>[39m
    [36m</div>[39m
  [36m</div>[39m
[36m</body>[39m
[90m [2mÔØ»[22m Object.getElementError node_modules/@testing-library/dom/dist/config.js:[2m37:19[22m[39m
[90m [2mÔØ»[22m getAllByLabelText node_modules/@testing-library/dom/dist/queries/label-text.js:[2m111:38[22m[39m
[90m [2mÔØ»[22m node_modules/@testing-library/dom/dist/query-helpers.js:[2m52:17[22m[39m
[90m [2mÔØ»[22m node_modules/@testing-library/dom/dist/query-helpers.js:[2m95:19[22m[39m
[36m [2mÔØ»[22m fillForm src/features/auth/components/SignUpForm.test.tsx:[2m63:29[22m[39m
    [90m 61| [39m
    [90m 62| [39m  [35mconst[39m fillForm [33m=[39m (whatsapp [33m=[39m [34mgenerateRandomPhone[39m()) [33m=>[39m {
    [90m 63| [39m    fireEvent.change(screen.getByLabelText(/n├║mero de whatsapp/i), { tÔÇª
    [90m   | [39m                            [31m^[39m
    [90m 64| [39m    fireEvent.change(screen.getByLabelText(/contrase├▒a/i), { target: {ÔÇª
    [90m 65| [39m  }[33m;[39m
[90m [2mÔØ»[22m src/features/auth/components/SignUpForm.test.tsx:[2m84:5[22m[39m

[31m[2mÔÄ»ÔÄ»ÔÄ»ÔÄ»ÔÄ»ÔÄ»ÔÄ»ÔÄ»ÔÄ»ÔÄ»ÔÄ»ÔÄ»ÔÄ»ÔÄ»ÔÄ»ÔÄ»ÔÄ»ÔÄ»ÔÄ»ÔÄ»ÔÄ»ÔÄ»[18/18]ÔÄ»[22m[39m

[31mÔÄ»ÔÄ»ÔÄ»ÔÄ»ÔÄ»ÔÄ»[39m[1m[41m Unhandled Errors [49m[22m[31mÔÄ»ÔÄ»ÔÄ»ÔÄ»ÔÄ»ÔÄ»[39m
[31m[1m
Vitest caught 3 unhandled errors during the test run.
This might cause false positive tests. Resolve unhandled errors to make sure your tests are not affected.[22m[39m

[31mÔÄ»ÔÄ»ÔÄ»ÔÄ»ÔÄ»[39m[1m[41m Uncaught Exception [49m[22m[31mÔÄ»ÔÄ»ÔÄ»ÔÄ»ÔÄ»[39m
[31m[1mTypeError[22m: Cannot read properties of undefined (reading 'total_visits')[39m
[36m [2mÔØ»[22m renderContent src/pages/DashboardPage.tsx:[2m231:87[22m[39m
    [90m229| [39m              [33m<[39m[33m/[39m[33mdiv[39m[33m>[39m
    [90m230| [39m              [33m<[39m[33mdiv[39m[33m>[39m

[2m Test Files [22m [1m[31m9 failed[39m[22m[2m | [22m[1m[32m6 passed[39m[22m[90m (15)[39m
[2m      Tests [22m [1m[31m18 failed[39m[22m[2m | [22m[1m[32m27 passed[39m[22m[90m (45)[39m
[2m     Errors [22m [1m[31m3 errors[39m[22m
[2m   Start at [22m 18:29:22
[2m   Duration [22m 33.00s[2m (transform 11.82s, setup 18.98s, import 45.02s, tests 26.34s, environment 41.17s)[22m

    [90m231| [39m                <div className="text-4xl font-black text-white">{weeklÔÇª
    [90m   | [39m                                                                                      [31m^[39m
    [90m232| [39m                <div className="text-xs font-medium text-zinc-500 mt-1ÔÇª
    [90m233| [39m              [33m<[39m[33m/[39m[33mdiv[39m[33m>[39m
[90m [2mÔØ»[22m DashboardPage src/pages/DashboardPage.tsx:[2m364:10[22m[39m
[90m [2mÔØ»[22m Object.react_stack_bottom_frame node_modules/react-dom/cjs/react-dom-client.development.js:[2m25904:20[22m[39m
[90m [2mÔØ»[22m renderWithHooks node_modules/react-dom/cjs/react-dom-client.development.js:[2m7662:22[22m[39m
[90m [2mÔØ»[22m updateFunctionComponent node_modules/react-dom/cjs/react-dom-client.development.js:[2m10166:19[22m[39m
[90m [2mÔØ»[22m beginWork node_modules/react-dom/cjs/react-dom-client.development.js:[2m11778:18[22m[39m
[90m [2mÔØ»[22m runWithFiberInDEV node_modules/react-dom/cjs/react-dom-client.development.js:[2m874:13[22m[39m
[90m [2mÔØ»[22m performUnitOfWork node_modules/react-dom/cjs/react-dom-client.development.js:[2m17641:22[22m[39m
[90m [2mÔØ»[22m workLoopSync node_modules/react-dom/cjs/react-dom-client.development.js:[2m17469:41[22m[39m
[90m [2mÔØ»[22m renderRootSync node_modules/react-dom/cjs/react-dom-client.development.js:[2m17450:11[22m[39m

[31mThis error originated in "[1msrc/pages/DashboardPage.test.tsx[22m" test file. It doesn't mean the error was thrown inside the file itself, but while it was running.[39m
[31mThe latest test that might've caused the error is "[1mshould display existing products and allow opening the add form[22m". It might mean one of the following:
- The error was thrown, while Vitest was running this test.
- If the error occurred after the test had been completed, this was the last documented test before it was thrown.[39m

[31mÔÄ»ÔÄ»ÔÄ»ÔÄ»ÔÄ»[39m[1m[41m Uncaught Exception [49m[22m[31mÔÄ»ÔÄ»ÔÄ»ÔÄ»ÔÄ»[39m
[31m[1mTypeError[22m: Cannot read properties of undefined (reading 'total_visits')[39m
[36m [2mÔØ»[22m renderContent src/pages/DashboardPage.tsx:[2m231:87[22m[39m
    [90m229| [39m              [33m<[39m[33m/[39m[33mdiv[39m[33m>[39m
    [90m230| [39m              [33m<[39m[33mdiv[39m[33m>[39m
    [90m231| [39m                <div className="text-4xl font-black text-white">{weeklÔÇª
    [90m   | [39m                                                                                      [31m^[39m
    [90m232| [39m                <div className="text-xs font-medium text-zinc-500 mt-1ÔÇª
    [90m233| [39m              [33m<[39m[33m/[39m[33mdiv[39m[33m>[39m
[90m [2mÔØ»[22m DashboardPage src/pages/DashboardPage.tsx:[2m364:10[22m[39m
[90m [2mÔØ»[22m Object.react_stack_bottom_frame node_modules/react-dom/cjs/react-dom-client.development.js:[2m25904:20[22m[39m
[90m [2mÔØ»[22m renderWithHooks node_modules/react-dom/cjs/react-dom-client.development.js:[2m7662:22[22m[39m
[90m [2mÔØ»[22m updateFunctionComponent node_modules/react-dom/cjs/react-dom-client.development.js:[2m10166:19[22m[39m
[90m [2mÔØ»[22m beginWork node_modules/react-dom/cjs/react-dom-client.development.js:[2m11778:18[22m[39m
[90m [2mÔØ»[22m runWithFiberInDEV node_modules/react-dom/cjs/react-dom-client.development.js:[2m874:13[22m[39m
[90m [2mÔØ»[22m performUnitOfWork node_modules/react-dom/cjs/react-dom-client.development.js:[2m17641:22[22m[39m
[90m [2mÔØ»[22m workLoopSync node_modules/react-dom/cjs/react-dom-client.development.js:[2m17469:41[22m[39m
[90m [2mÔØ»[22m renderRootSync node_modules/react-dom/cjs/react-dom-client.development.js:[2m17450:11[22m[39m

[31mThis error originated in "[1msrc/pages/DashboardPage.test.tsx[22m" test file. It doesn't mean the error was thrown inside the file itself, but while it was running.[39m
[31mThe latest test that might've caused the error is "[1mshould allow deleting a product[22m". It might mean one of the following:
- The error was thrown, while Vitest was running this test.
- If the error occurred after the test had been completed, this was the last documented test before it was thrown.[39m

[31mÔÄ»ÔÄ»ÔÄ»ÔÄ»ÔÄ»[39m[1m[41m Uncaught Exception [49m[22m[31mÔÄ»ÔÄ»ÔÄ»ÔÄ»ÔÄ»[39m
[31m[1mTypeError[22m: Cannot read properties of undefined (reading 'total_visits')[39m
[36m [2mÔØ»[22m renderContent src/pages/DashboardPage.tsx:[2m231:87[22m[39m
    [90m229| [39m              [33m<[39m[33m/[39m[33mdiv[39m[33m>[39m
    [90m230| [39m              [33m<[39m[33mdiv[39m[33m>[39m
    [90m231| [39m                <div className="text-4xl font-black text-white">{weeklÔÇª
    [90m   | [39m                                                                                      [31m^[39m
    [90m232| [39m                <div className="text-xs font-medium text-zinc-500 mt-1ÔÇª
    [90m233| [39m              [33m<[39m[33m/[39m[33mdiv[39m[33m>[39m
[90m [2mÔØ»[22m DashboardPage src/pages/DashboardPage.tsx:[2m364:10[22m[39m
[90m [2mÔØ»[22m Object.react_stack_bottom_frame node_modules/react-dom/cjs/react-dom-client.development.js:[2m25904:20[22m[39m
[90m [2mÔØ»[22m renderWithHooks node_modules/react-dom/cjs/react-dom-client.development.js:[2m7662:22[22m[39m
[90m [2mÔØ»[22m updateFunctionComponent node_modules/react-dom/cjs/react-dom-client.development.js:[2m10166:19[22m[39m
[90m [2mÔØ»[22m beginWork node_modules/react-dom/cjs/react-dom-client.development.js:[2m11778:18[22m[39m
[90m [2mÔØ»[22m runWithFiberInDEV node_modules/react-dom/cjs/react-dom-client.development.js:[2m874:13[22m[39m
[90m [2mÔØ»[22m performUnitOfWork node_modules/react-dom/cjs/react-dom-client.development.js:[2m17641:22[22m[39m
[90m [2mÔØ»[22m workLoopSync node_modules/react-dom/cjs/react-dom-client.development.js:[2m17469:41[22m[39m
[90m [2mÔØ»[22m renderRootSync node_modules/react-dom/cjs/react-dom-client.development.js:[2m17450:11[22m[39m

[31mThis error originated in "[1msrc/pages/DashboardPage.test.tsx[22m" test file. It doesn't mean the error was thrown inside the file itself, but while it was running.[39m
[31mThe latest test that might've caused the error is "[1mshould allow opening the edit product form[22m". It might mean one of the following:
- The error was thrown, while Vitest was running this test.
- If the error occurred after the test had been completed, this was the last documented test before it was thrown.[39m
[31mÔÄ»ÔÄ»ÔÄ»ÔÄ»ÔÄ»ÔÄ»ÔÄ»ÔÄ»ÔÄ»ÔÄ»ÔÄ»ÔÄ»ÔÄ»ÔÄ»ÔÄ»ÔÄ»ÔÄ»ÔÄ»ÔÄ»ÔÄ»ÔÄ»ÔÄ»ÔÄ»ÔÄ»ÔÄ»ÔÄ»ÔÄ»ÔÄ»ÔÄ»ÔÄ»[39m

